 show databases;
+--------------------+
| Database           |
+--------------------+
| information_schema |
| db_name            |
| mysql              |
| performance_schema |
| sys                |
+--------------------+
5 rows in set (0.04 sec)

mysql> use db_name;
Database changed
mysql> show tables;
Empty set (0.02 sec)

mysql> create table product(pid int,pname varchar(120),quantity int);
Query OK, 0 rows affected (0.47 sec)

mysql> show tables;
+-------------------+
| Tables_in_db_name |
+-------------------+
| product           |
+-------------------+
1 row in set (0.00 sec)

mysql> desc product;
+----------+--------------+------+-----+---------+-------+
| Field    | Type         | Null | Key | Default | Extra |
+----------+--------------+------+-----+---------+-------+
| pid      | int(11)      | YES  |     | NULL    |       |
| pname    | varchar(120) | YES  |     | NULL    |       |
| quantity | int(11)      | YES  |     | NULL    |       |
+----------+--------------+------+-----+---------+-------+
3 rows in set (0.04 sec)

mysql> drop database db_name;
Query OK, 1 row affected (0.45 sec)

mysql> show databases;
+--------------------+
| Database           |
+--------------------+
| information_schema |
| mysql              |
| performance_schema |
| sys                |
+--------------------+
4 rows in set (0.00 sec)

mysql> create database ust_db;
Query OK, 1 row affected (0.00 sec)

mysql> show databases;
+--------------------+
| Database           |
+--------------------+
| information_schema |
| mysql              |
| performance_schema |
| sys                |
| ust_db             |
+--------------------+
5 rows in set (0.00 sec)

mysql> show tables;
ERROR 1046 (3D000): No database selected
mysql> use ust_db;
Database changed
mysql> create table products(pid int,pname varchar(20),quality int);
Query OK, 0 rows affected (0.26 sec)

mysql> show tables;
+------------------+
| Tables_in_ust_db |
+------------------+
| products         |
+------------------+
1 row in set (0.00 sec)

mysql> desc products;
+---------+-------------+------+-----+---------+-------+
| Field   | Type        | Null | Key | Default | Extra |
+---------+-------------+------+-----+---------+-------+
| pid     | int(11)     | YES  |     | NULL    |       |
| pname   | varchar(20) | YES  |     | NULL    |       |
| quality | int(11)     | YES  |     | NULL    |       |
+---------+-------------+------+-----+---------+-------+
3 rows in set (0.00 sec)

mysql> drop products;
ERROR 1064 (42000): You have an error in your SQL syntax; check the manual that corresponds to your MySQL server version for the right syntax to use near 'products' at line 1
mysql> drop  table products;
Query OK, 0 rows affected (0.17 sec)

mysql> create table products(pid int,pname varchar(20),quality int);
Query OK, 0 rows affected (0.37 sec)

mysql> show tables;
+------------------+
| Tables_in_ust_db |
+------------------+
| products         |
+------------------+
1 row in set (0.00 sec)

mysql> desc products;
+---------+-------------+------+-----+---------+-------+
| Field   | Type        | Null | Key | Default | Extra |
+---------+-------------+------+-----+---------+-------+
| pid     | int(11)     | YES  |     | NULL    |       |
| pname   | varchar(20) | YES  |     | NULL    |       |
| quality | int(11)     | YES  |     | NULL    |       |
+---------+-------------+------+-----+---------+-------+
3 rows in set (0.00 sec)

mysql> alert table products add column price int;
ERROR 1064 (42000): You have an error in your SQL syntax; check the manual that corresponds to your MySQL server version for the right syntax to use near 'alert table products add column price int' at line 1
mysql> alter table products add column price int;
Query OK, 0 rows affected (0.60 sec)
Records: 0  Duplicates: 0  Warnings: 0

mysql> desc products;
+---------+-------------+------+-----+---------+-------+
| Field   | Type        | Null | Key | Default | Extra |
+---------+-------------+------+-----+---------+-------+
| pid     | int(11)     | YES  |     | NULL    |       |
| pname   | varchar(20) | YES  |     | NULL    |       |
| quality | int(11)     | YES  |     | NULL    |       |
| price   | int(11)     | YES  |     | NULL    |       |
+---------+-------------+------+-----+---------+-------+
4 rows in set (0.00 sec)

mysql> alter table products change column pid product_id;
ERROR 1064 (42000): You have an error in your SQL syntax; check the manual that corresponds to your MySQL server version for the right syntax to use near '' at line 1
mysql> alter table products change column pid product_id int;
Query OK, 0 rows affected (0.19 sec)
Records: 0  Duplicates: 0  Warnings: 0

mysql> desc products;
+------------+-------------+------+-----+---------+-------+
| Field      | Type        | Null | Key | Default | Extra |
+------------+-------------+------+-----+---------+-------+
| product_id | int(11)     | YES  |     | NULL    |       |
| pname      | varchar(20) | YES  |     | NULL    |       |
| quality    | int(11)     | YES  |     | NULL    |       |
| price      | int(11)     | YES  |     | NULL    |       |
+------------+-------------+------+-----+---------+-------+
4 rows in set (0.00 sec)

mysql> alter table products drop column price;
Query OK, 0 rows affected (0.50 sec)
Records: 0  Duplicates: 0  Warnings: 0

mysql> desc products;
+------------+-------------+------+-----+---------+-------+
| Field      | Type        | Null | Key | Default | Extra |
+------------+-------------+------+-----+---------+-------+
| product_id | int(11)     | YES  |     | NULL    |       |
| pname      | varchar(20) | YES  |     | NULL    |       |
| quality    | int(11)     | YES  |     | NULL    |       |
+------------+-------------+------+-----+---------+-------+
3 rows in set (0.00 sec)

mysql> rename table products to product_info;
Query OK, 0 rows affected (0.20 sec)

mysql> show databases;
+--------------------+
| Database           |
+--------------------+
| information_schema |
| mysql              |
| performance_schema |
| sys                |
| ust_db             |
+--------------------+
5 rows in set (0.00 sec)

mysql> show tables;
+------------------+
| Tables_in_ust_db |
+------------------+
| product_info     |
+------------------+
1 row in set (0.00 sec)

mysql> desc tables;
ERROR 1146 (42S02): Table 'ust_db.tables' doesn't exist
mysql> desc product_info;
+------------+-------------+------+-----+---------+-------+
| Field      | Type        | Null | Key | Default | Extra |
+------------+-------------+------+-----+---------+-------+
| product_id | int(11)     | YES  |     | NULL    |       |
| pname      | varchar(20) | YES  |     | NULL    |       |
| quality    | int(11)     | YES  |     | NULL    |       |
+------------+-------------+------+-----+---------+-------+
3 rows in set (0.00 sec)

mysql> rename database ust_db to ustglobal_db;
ERROR 1064 (42000): You have an error in your SQL syntax; check the manual that corresponds to your MySQL server version for the right syntax to use near 'database ust_db to ustglobal_db' at line 1
mysql> alter table products change column pid product_id;



mysql> insert into product_info(product_id,pname,quality)values(2,'colgate',50);
Query OK, 1 row affected (0.10 sec)

mysql> select * from product_info;
+------------+------------+---------+
| product_id | pname      | quality |
+------------+------------+---------+
|          1 | pathanjali |     100 |
|          2 | colgate    |      50 |
+------------+------------+---------+
2 rows in set (0.00 sec)

mysql> insert into product_info(product_id,pname,quality)values(3,'rice',150);
Query OK, 1 row affected (0.09 sec)

mysql> select * from product_info;
+------------+------------+---------+
| product_id | pname      | quality |
+------------+------------+---------+
|          1 | pathanjali |     100 |
|          2 | colgate    |      50 |
|          3 | rice       |     150 |
+------------+------------+---------+
3 rows in set (0.00 sec)

mysql> insert into product_info values(4,'paste',10);
Query OK, 1 row affected (0.08 sec)

mysql> select * from product_info;
+------------+------------+---------+
| product_id | pname      | quality |
+------------+------------+---------+
|          1 | pathanjali |     100 |
|          2 | colgate    |      50 |
|          3 | rice       |     150 |
|          4 | paste      |      10 |
+------------+------------+---------+
4 rows in set (0.00 sec)

mysql> insert into product_info(product_id,pname)values(5,'books');
Query OK, 1 row affected (0.07 sec)

mysql> select * from product_info;
+------------+------------+---------+
| product_id | pname      | quality |
+------------+------------+---------+
|          1 | pathanjali |     100 |
|          2 | colgate    |      50 |
|          3 | rice       |     150 |
|          4 | paste      |      10 |
|          5 | books      |    NULL |
+------------+------------+---------+
5 rows in set (0.00 sec)

mysql> insert into product_info(product_id,pname,quality)values(6,'pen',20),(7,'pencile',10);
Query OK, 2 rows affected (0.07 sec)
Records: 2  Duplicates: 0  Warnings: 0

mysql> select * from product_info;
+------------+------------+---------+
| product_id | pname      | quality |
+------------+------------+---------+
|          1 | pathanjali |     100 |
|          2 | colgate    |      50 |
|          3 | rice       |     150 |
|          4 | paste      |      10 |
|          5 | books      |    NULL |
|          6 | pen        |      20 |
|          7 | pencile    |      10 |
+------------+------------+---------+
7 rows in set (0.00 sec)

mysql> select * from product_info;
Enter password: ****
Welcome to the MySQL monitor.  Commands end with ; or \g.
Your MySQL connection id is 8
Server version: 5.7.27-log MySQL Community Server (GPL)

Copyright (c) 2000, 2019, Oracle and/or its affiliates. All rights reserved.

Oracle is a registered trademark of Oracle Corporation and/or its
affiliates. Other names may be trademarks of their respective
owners.

Type 'help;' or '\h' for help. Type '\c' to clear the current input statement.

mysql> show tables;
ERROR 1046 (3D000): No database selected
mysql> show databases;
+--------------------+
| Database           |
+--------------------+
| information_schema |
| mysql              |
| performance_schema |
| sys                |
| ust_db             |
+--------------------+
5 rows in set (0.00 sec)

mysql> desc employe;
ERROR 1046 (3D000): No database selected
mysql> use ust_db;
Database changed
mysql> show tables;
+------------------+
| Tables_in_ust_db |
+------------------+
| employe          |
| product_info     |
+------------------+
2 rows in set (0.00 sec)

mysql> desc employe;
+-------------+--------------+------+-----+---------+-------+
| Field       | Type         | Null | Key | Default | Extra |
+-------------+--------------+------+-----+---------+-------+
| eid         | int(11)      | NO   | PRI | NULL    |       |
| name        | varchar(200) | YES  |     | NULL    |       |
| mobile_no   | int(11)      | YES  | UNI | NULL    |       |
| dob         | date         | NO   |     | NULL    |       |
| age         | int(11)      | YES  |     | NULL    |       |
| doj         | date         | YES  |     | NULL    |       |
| blood_gp    | varchar(50)  | YES  |     | NULL    |       |
| deptno      | int(11)      | YES  |     | NULL    |       |
| salary      | int(11)      | YES  |     | NULL    |       |
| email       | varchar(20)  | YES  |     | NULL    |       |
| gender      | varchar(100) | YES  |     | NULL    |       |
| designation | varchar(20)  | YES  |     | NULL    |       |
+-------------+--------------+------+-----+---------+-------+
12 rows in set (0.07 sec)

mysql> insert into employe values(1,'kavi',8296,'1998-07-21',21,'2019-12-21','a+',10,2500,'kavichandru21798@','female','softwaredevloper');
Query OK, 1 row affected (0.10 sec)

mysql> insert into employe values(2,'harsha',9296,'1995-02-11',25,'2020-02-11','b+',20,75000,'harshavardhan@','male','tester');edev
Query OK, 1 row affected (0.07 sec)

    -> insert into employe values(3,'chandru',8905,'1980-01-01',45,'2019-10-23','o+',30,50000,'chandru21@','male','techsupport');
ERROR 1064 (42000): You have an error in your SQL syntax; check the manual that corresponds to your MySQL server version for the right syntax to use near 'edev
insert into employe values(3,'chandru',8905,'1980-01-01',45,'2019-10-23','o' at line 1
mysql> insert into employe values(3,'chandru',8905,'1980-01-01',45,'2019-10-23','o+',30,50000,'chandru21@','male','techsupport');
Query OK, 1 row affected (0.05 sec)

mysql> insert into employe values(4,'chandan',1233,'1980-03-4',40,'2019-10-20','ab+',40,40000,'abc@gmail.com','male','hr');
Query OK, 1 row affected (0.08 sec)

mysql> insert into employe values(5,'pallavi',5678,'1990-03-10',50,'2019-09-28','o-',50,21000,'qsp@gmail.com','female','clerk');
Query OK, 1 row affected (0.08 sec)

mysql> insert into employe values(6,'ammu',9876,'2000-12-25',60,'2019-10-21','a+',60,30000,'jsp
    '> insert into employe values(6,'ammu',9876,'2000-12-25',60,'2019-10-21','a+',60,30000,'jsp@gmail.com','female','manager');
    '>
    '> insert into employe values(6,'ammu',9876,'2000-12-25',60,'2019-10-21','a+',60,30000,'jsp@gmail.com','female','manager');^C
mysql> insert into employe values(5,'pallavi',5678,'1990-03-10',50,'2019-09-28','o-',50,21000,'qsp@gmail.com','female','clerk');
ERROR 1062 (23000): Duplicate entry '5' for key 'PRIMARY'
mysql> insert into employe values(6,'ammu',9876,'2000-12-25',60,'2019-10-21','a+',60,30000,'jsp@gmail.com','female','manager');
Query OK, 1 row affected (0.09 sec)

mysql> insert into employe values(7,'timma',97766,'2000-01-20',23,'2019-07-21','o-',70,9300,'ammu@gmail.com','male','security');
Query OK, 1 row affected (0.09 sec)

mysql> insert into employe values(8,'manu',11926,'1994-09-09',27,'2019-10-01','b-',80,4300,'mau@gmail.com','male','network manger');
Query OK, 1 row affected (0.08 sec)

mysql> insert into employe values(9,'shekar',9926,'19949-11-09',37,'2019-01-01','b+'90,4100,'ammau@gmail.com','male','data manger');
ERROR 1064 (42000): You have an error in your SQL syntax; check the manual that corresponds to your MySQL server version for the right syntax to use near '90,4100,'ammau@gmail.com','male','data manger')' at line 1
mysql> insert into employe values(9,'shekar',9926,'19949-11-09',37,'2019-01-01','b+',90,4100,'ammau@gmail.com','male','data manger');
ERROR 1292 (22007): Incorrect date value: '19949-11-09' for column 'dob' at row 1
mysql> insert into employe values(9,'shekar',9926,'1994-11-09',37,'2019-01-01','b+',90,4100,'ammau@gmail.com','male','data manger');
Query OK, 1 row affected (0.08 sec)

mysql> insert into employe values(10,'raju',3444,'1998-12-09',23,'2019-08-09','ab-',100,5000,'raju@gmail.com','male','team head');
Query OK, 1 row affected (0.07 sec)

mysql> select *from employe;
+-----+---------+-----------+------------+------+------------+----------+--------+--------+-------------------+--------+------------------+
| eid | name    | mobile_no | dob        | age  | doj        | blood_gp | deptno | salary | email             | gender | designation      |
+-----+---------+-----------+------------+------+------------+----------+--------+--------+-------------------+--------+------------------+
|   1 | kavi    |      8296 | 1998-07-21 |   21 | 2019-12-21 | a+       |     10 |   2500 | kavichandru21798@ | female | softwaredevloper |
|   2 | harsha  |      9296 | 1995-02-11 |   25 | 2020-02-11 | b+       |     20 |  75000 | harshavardhan@    | male   | tester           |
|   3 | chandru |      8905 | 1980-01-01 |   45 | 2019-10-23 | o+       |     30 |  50000 | chandru21@        | male   | techsupport      |
|   4 | chandan |      1233 | 1980-03-04 |   40 | 2019-10-20 | ab+      |     40 |  40000 | abc@gmail.com     | male   | hr               |
|   5 | pallavi |      5678 | 1990-03-10 |   50 | 2019-09-28 | o-       |     50 |  21000 | qsp@gmail.com     | female | clerk            |
|   6 | ammu    |      9876 | 2000-12-25 |   60 | 2019-10-21 | a+       |     60 |  30000 | jsp@gmail.com     | female | manager          |
|   7 | timma   |     97766 | 2000-01-20 |   23 | 2019-07-21 | o-       |     70 |   9300 | ammu@gmail.com    | male   | security         |
|   8 | manu    |     11926 | 1994-09-09 |   27 | 2019-10-01 | b-       |     80 |   4300 | mau@gmail.com     | male   | network manger   |
|   9 | shekar  |      9926 | 1994-11-09 |   37 | 2019-01-01 | b+       |     90 |   4100 | ammau@gmail.com   | male   | data manger      |
|  10 | raju    |      3444 | 1998-12-09 |   23 | 2019-08-09 | ab-      |    100 |   5000 | raju@gmail.com    | male   | team head        |
+-----+---------+-----------+------------+------+------------+----------+--------+--------+-------------------+--------+------------------+
10 rows in set (0.00 sec)

mysql> show databases;
+--------------------+
| Database           |
+--------------------+
| information_schema |
| mysql              |
| performance_schema |
| sys                |
| ust_db             |
+--------------------+
5 rows in set (0.00 sec)

mysql> truncate table product_info;
Query OK, 0 rows affected (0.27 sec)

mysql> select * from product_info;
Empty set (0.00 sec)

mysql> show tables;
+------------------+
| Tables_in_ust_db |
+------------------+
| employe          |
| product_info     |
+------------------+



mysql> select * from emp;
+-----+---------+-----------+------------+------+------------+----------+--------+--------+-------------------+--------+----------------
| eid | name    | mobile_no | dob        | age  | doj        | blood_gp | deptno | salary | email             | gender | designation
+-----+---------+-----------+------------+------+------------+----------+--------+--------+-------------------+--------+----------------
|   1 | kavi    |      8296 | 1998-07-21 |   21 | 2019-12-21 | a+       |     10 |   2500 | kavichandru21798@ | female | softwaredevlope
|   2 | harsha  |      9296 | 1995-02-11 |   25 | 2020-02-11 | b+       |     20 |  75000 | harshavardhan@    | male   | tester
|   3 | chandru |      8905 | 1980-01-01 |   45 | 2019-10-23 | o+       |     30 |  50000 | chandru21@        | male   | techsupport
|   4 | chandan |      1233 | 1980-03-04 |   40 | 2019-10-20 | ab+      |     40 |  40000 | abc@gmail.com     | male   | hr
|   5 | pallavi |      5678 | 1990-03-10 |   50 | 2019-09-28 | o-       |     50 |  21000 | qsp@gmail.com     | female | clerk
|   6 | ammu    |      9876 | 2000-12-25 |   60 | 2019-10-21 | a+       |     60 |  30000 | jsp@gmail.com     | female | manager
|   7 | timma   |     97766 | 2000-01-20 |   23 | 2019-07-21 | o-       |     70 |   9300 | ammu@gmail.com    | male   | security
|   8 | manu    |     11926 | 1994-09-09 |   27 | 2019-10-01 | b-       |     80 |   4300 | mau@gmail.com     | male   | network manger
|   9 | shekar  |      9926 | 1994-11-09 |   37 | 2019-01-01 | b+       |     90 |   4100 | ammau@gmail.com   | male   | data manger
|  10 | raju    |      3444 | 1998-12-09 |   23 | 2019-08-09 | ab-      |    100 |   5000 | raju@gmail.com    | male   | team head
+-----+---------+-----------+------------+------+------------+----------+--------+--------+-------------------+--------+----------------
10 rows in set (0.00 sec)

mysql> select * from emp where deptno in(40,50,70,80);
+-----+---------+-----------+------------+------+------------+----------+--------+--------+----------------+--------+----------------+
| eid | name    | mobile_no | dob        | age  | doj        | blood_gp | deptno | salary | email          | gender | designation    |
+-----+---------+-----------+------------+------+------------+----------+--------+--------+----------------+--------+----------------+
|   4 | chandan |      1233 | 1980-03-04 |   40 | 2019-10-20 | ab+      |     40 |  40000 | abc@gmail.com  | male   | hr             |
|   5 | pallavi |      5678 | 1990-03-10 |   50 | 2019-09-28 | o-       |     50 |  21000 | qsp@gmail.com  | female | clerk          |
|   7 | timma   |     97766 | 2000-01-20 |   23 | 2019-07-21 | o-       |     70 |   9300 | ammu@gmail.com | male   | security       |
|   8 | manu    |     11926 | 1994-09-09 |   27 | 2019-10-01 | b-       |     80 |   4300 | mau@gmail.com  | male   | network manger |
+-----+---------+-----------+------------+------+------------+----------+--------+--------+----------------+--------+----------------+
4 rows in set (0.00 sec)

mysql> select * from emp where deptno in(40,50,70,80,40);
+-----+---------+-----------+------------+------+------------+----------+--------+--------+----------------+--------+----------------+
| eid | name    | mobile_no | dob        | age  | doj        | blood_gp | deptno | salary | email          | gender | designation    |
+-----+---------+-----------+------------+------+------------+----------+--------+--------+----------------+--------+----------------+
|   4 | chandan |      1233 | 1980-03-04 |   40 | 2019-10-20 | ab+      |     40 |  40000 | abc@gmail.com  | male   | hr             |
|   5 | pallavi |      5678 | 1990-03-10 |   50 | 2019-09-28 | o-       |     50 |  21000 | qsp@gmail.com  | female | clerk          |
|   7 | timma   |     97766 | 2000-01-20 |   23 | 2019-07-21 | o-       |     70 |   9300 | ammu@gmail.com | male   | security       |
|   8 | manu    |     11926 | 1994-09-09 |   27 | 2019-10-01 | b-       |     80 |   4300 | mau@gmail.com  | male   | network manger |
+-----+---------+-----------+------------+------+------------+----------+--------+--------+----------------+--------+----------------+
4 rows in set (0.00 sec)

mysql> select name from emp where deignation in('tester','hr','admin');
ERROR 1054 (42S22): Unknown column 'deignation' in 'where clause'
mysql> select name from emp where designation in('tester','hr','admin');
+---------+
| name    |
+---------+
| harsha  |
| chandan |
+---------+
2 rows in set (0.02 sec)

mysql> select * from emp where designation in('tester','admin','softwaredevloper') and deptno in (20,30) and salary>40000;
+-----+--------+-----------+------------+------+------------+----------+--------+--------+----------------+--------+-------------+
| eid | name   | mobile_no | dob        | age  | doj        | blood_gp | deptno | salary | email          | gender | designation |
+-----+--------+-----------+------------+------+------------+----------+--------+--------+----------------+--------+-------------+
|   2 | harsha |      9296 | 1995-02-11 |   25 | 2020-02-11 | b+       |     20 |  75000 | harshavardhan@ | male   | tester      |
+-----+--------+-----------+------------+------+------------+----------+--------+--------+----------------+--------+-------------+
1 row in set (0.00 sec)
2 rows in set (0.00 sec)

mysql> desc product_info;
+------------+-------------+------+-----+---------+-------+
| Field      | Type        | Null | Key | Default | Extra |
+------------+-------------+------+-----+---------+-------+
| product_id | int(11)     | YES  |     | NULL    |       |
| pname      | varchar(20) | YES  |     | NULL    |       |
| quality    | int(11)     | YES  |     | NULL    |       |
+------------+-------------+------+-----+---------+-------+
3 rows in set (0.00 sec)

mysql> select *from product_info;
Empty set (0.00 sec)

mysql> select *from employe;
+-----+---------+-----------+------------+------+------------+----------+--------+--------+-------------------+--------+------------------+
| eid | name    | mobile_no | dob        | age  | doj        | blood_gp | deptno | salary | email             | gender | designation      |
+-----+---------+-----------+------------+------+------------+----------+--------+--------+-------------------+--------+------------------+
|   1 | kavi    |      8296 | 1998-07-21 |   21 | 2019-12-21 | a+       |     10 |   2500 | kavichandru21798@ | female | softwaredevloper |
|   2 | harsha  |      9296 | 1995-02-11 |   25 | 2020-02-11 | b+       |     20 |  75000 | harshavardhan@    | male   | tester           |
|   3 | chandru |      8905 | 1980-01-01 |   45 | 2019-10-23 | o+       |     30 |  50000 | chandru21@        | male   | techsupport      |
|   4 | chandan |      1233 | 1980-03-04 |   40 | 2019-10-20 | ab+      |     40 |  40000 | abc@gmail.com     | male   | hr               |
|   5 | pallavi |      5678 | 1990-03-10 |   50 | 2019-09-28 | o-       |     50 |  21000 | qsp@gmail.com     | female | clerk            |
|   6 | ammu    |      9876 | 2000-12-25 |   60 | 2019-10-21 | a+       |     60 |  30000 | jsp@gmail.com     | female | manager          |
|   7 | timma   |     97766 | 2000-01-20 |   23 | 2019-07-21 | o-       |     70 |   9300 | ammu@gmail.com    | male   | security         |
|   8 | manu    |     11926 | 1994-09-09 |   27 | 2019-10-01 | b-       |     80 |   4300 | mau@gmail.com     | male   | network manger   |
|   9 | shekar  |      9926 | 1994-11-09 |   37 | 2019-01-01 | b+       |     90 |   4100 | ammau@gmail.com   | male   | data manger      |
|  10 | raju    |      3444 | 1998-12-09 |   23 | 2019-08-09 | ab-      |    100 |   5000 | raju@gmail.com    | male   | team head        |
+-----+---------+-----------+------------+------+------------+----------+--------+--------+-------------------+--------+------------------+
10 rows in set (0.00 sec)

mysql> select distinct deptno from employe;
+--------+
| deptno |
+--------+
|     10 |
|     20 |
|     30 |
|     40 |
|     50 |
|     60 |
|     70 |
|     80 |
|     90 |
|    100 |
+--------+
10 rows in set (0.07 sec)

mysql> select distinct deptno,blood_gp from employe;
 delete from employe where deptn=70;
ERROR 1054 (42S22): Unknown column 'deptn' in 'where clause'
mysql> delete from employe where deptno=70;
Query OK, 1 row affected (0.08 sec)

mysql> select *from employe;
+-----+---------+-----------+------------+------+------------+----------+--------+--------+-------------------+--------+------------------+
| eid | name    | mobile_no | dob        | age  | doj        | blood_gp | deptno | salary | email             | gender | designation      |
+-----+---------+-----------+------------+------+------------+----------+--------+--------+-------------------+--------+------------------+
|   1 | kavi    |      8296 | 1998-07-21 |   21 | 2019-12-21 | a+       |     10 |   2500 | kavichandru21798@ | female | softwaredevloper |
|   2 | harsha  |      9296 | 1995-02-11 |   25 | 2020-02-11 | b+       |     20 |  75000 | harshavardhan@    | male   | tester           |
|   3 | chandru |      8905 | 1980-01-01 |   45 | 2019-10-23 | o+       |     30 |  50000 | chandru21@        | male   | techsupport      |
|   4 | chandan |      1233 | 1980-03-04 |   40 | 2019-10-20 | ab+      |     40 |  40000 | abc@gmail.com     | male   | hr               |
|   5 | pallavi |      5678 | 1990-03-10 |   50 | 2019-09-28 | o-       |     50 |  21000 | qsp@gmail.com     | female | clerk            |
|   6 | ammu    |      9876 | 2000-12-25 |   60 | 2019-10-21 | a+       |     60 |  30000 | jsp@gmail.com     | female | manager          |
|   8 | manu    |     11926 | 1994-09-09 |   27 | 2019-10-01 | b-       |     80 |   4300 | mau@gmail.com     | male   | network manger   |
|   9 | shekar  |      9926 | 1994-11-09 |   37 | 2019-01-01 | b+       |     20 |   4100 | ammau@gmail.com   | male   | data manger      |
|  10 | raju    |    432223 | 1998-12-09 |   23 | 2019-08-09 | ab-      |     10 |   5000 | raju@gmail.com    | male   | team head        |
+-----+---------+-----------+------------+------+------------+----------+--------+--------+-------------------+--------+------------------+
9 rows in set (0.00 sec)

mysql> select *from employee where eid=1;
ERROR 1146 (42S02): Table 'ust_db.employee' doesn't exist
mysql> select * from employee where eid=1;
ERROR 1146 (42S02): Table 'ust_db.employee' doesn't exist
mysql> select *from employe where eid=1;
+-----+------+-----------+------------+------+------------+----------+--------+--------+-------------------+--------+------------------+
| eid | name | mobile_no | dob        | age  | doj        | blood_gp | deptno | salary | email             | gender | designation      |
+-----+------+-----------+------------+------+------------+----------+--------+--------+-------------------+--------+------------------+
|   1 | kavi |      8296 | 1998-07-21 |   21 | 2019-12-21 | a+       |     10 |   2500 | kavichandru21798@ | female | softwaredevloper |
+-----+------+-----------+------------+------+------------+----------+--------+--------+-------------------+--------+------------------+
1 row in set (0.04 sec)

mysql>


mysql> select salary+5000 from employe;
+-------------+
| salary+5000 |
+-------------+
|        7500 |
|       80000 |
|       55000 |
|       45000 |
|       26000 |
|       35000 |
|        9300 |
|        9100 |
|       10000 |
+-------------+
9 rows in set (0.06 sec)

mysql> select salary-5000 from employe;
+-------------+
| salary-5000 |
+-------------+
|       -2500 |
|       70000 |
|       45000 |
|       35000 |
|       16000 |
|       25000 |
|        -700 |
|        -900 |
|           0 |
+-------------+
9 rows in set (0.05 sec)

mysql> select salary+5000 sal from employe;
+-------+
| sal   |
+-------+
|  7500 |
| 80000 |
| 55000 |
| 45000 |
| 26000 |
| 35000 |
|  9300 |
|  9100 |
| 10000 |
+-------+
9 rows in set (0.00 sec)

mysql> select salary-5000 sal from employe;
+-------+
| sal   |
+-------+
| -2500 |
| 70000 |
| 45000 |
| 35000 |
| 16000 |
| 25000 |
|  -700 |
|  -900 |
|     0 |
+-------+
9 rows in set (0.00 sec)

mysql> select salary-5000 decsal from employe;
+--------+
| decsal |
+--------+
|  -2500 |
|  70000 |
|  45000 |
|  35000 |
|  16000 |
|  25000 |
|   -700 |
|   -900 |
|      0 |
+--------+
9 rows in set (0.00 sec)

mysql>

mysql> select salary-5000 decsal from employe;
+--------+
| decsal |
+--------+
|  -2500 |
|  70000 |
|  45000 |
|  35000 |
|  16000 |
|  25000 |
|   -700 |
|   -900 |
|      0 |
+--------+
9 rows in set (0.00 sec)

mysql> select salary*12 from employe;
+-----------+
| salary*12 |
+-----------+
|     30000 |
|    900000 |
|    600000 |
|    480000 |
|    252000 |
|    360000 |
|     51600 |
|     49200 |
|     60000 |
+-----------+
9 rows in set (0.00 sec)

mysql> select salary*12 annual from employe;
+--------+
| annual |
+--------+
|  30000 |
| 900000 |
| 600000 |
| 480000 |
| 252000 |
| 360000 |
|  51600 |
|  49200 |
|  60000 |
+--------+
9 rows in set (0.00 sec)

mysql> select salary*12 annualsal from employe;
+-----------+
| annualsal |
+-----------+
|     30000 |
|    900000 |
|    600000 |
|    480000 |
|    252000 |
|    360000 |
|     51600 |
|     49200 |
|     60000 |
+-----------+
9 rows in set (0.00 sec)

mysql> select salary/30 perday_sal from employe;
+------------+
| perday_sal |
+------------+
|    83.3333 |
|  2500.0000 |
|  1666.6667 |
|  1333.3333 |
|   700.0000 |
|  1000.0000 |
|   143.3333 |
|   136.6667 |
|   166.6667 |
+------------+
9 rows in set (0.00 sec)

> select * from employe where designation='softwaredevloper';
+-----+------+-----------+------------+------+------------+----------+--------+--------+-------------------+--------+------------------+
| eid | name | mobile_no | dob        | age  | doj        | blood_gp | deptno | salary | email             | gender | designation      |
+-----+------+-----------+------------+------+------------+----------+--------+--------+-------------------+--------+------------------+
|   1 | kavi |      8296 | 1998-07-21 |   21 | 2019-12-21 | a+       |     10 |   2500 | kavichandru21798@ | female | softwaredevloper |
+-----+------+-----------+------------+------+------------+----------+--------+--------+-------------------+--------+------------------+
1 row in set (0.00 sec)

//except dept no 20 
 select * from employe where deptno<>20;
+-----+---------+-----------+------------+------+------------+----------+--------+--------+-------------------+--------+------------------+
| eid | name    | mobile_no | dob        | age  | doj        | blood_gp | deptno | salary | email             | gender | designation      |
+-----+---------+-----------+------------+------+------------+----------+--------+--------+-------------------+--------+------------------+
|   1 | kavi    |      8296 | 1998-07-21 |   21 | 2019-12-21 | a+       |     10 |   2500 | kavichandru21798@ | female | softwaredevloper |
|   3 | chandru |      8905 | 1980-01-01 |   45 | 2019-10-23 | o+       |     30 |  50000 | chandru21@        | male   | techsupport      |
|   4 | chandan |      1233 | 1980-03-04 |   40 | 2019-10-20 | ab+      |     40 |  40000 | abc@gmail.com     | male   | hr               |
|   5 | pallavi |      5678 | 1990-03-10 |   50 | 2019-09-28 | o-       |     50 |  21000 | qsp@gmail.com     | female | clerk            |
|   6 | ammu    |      9876 | 2000-12-25 |   60 | 2019-10-21 | a+       |     60 |  30000 | jsp@gmail.com     | female | manager          |
|   8 | manu    |     11926 | 1994-09-09 |   27 | 2019-10-01 | b-       |     80 |   4300 | mau@gmail.com     | male   | network manger   |
|  10 | raju    |    432223 | 1998-12-09 |   23 | 2019-08-09 | ab-      |     10 |   5000 | raju@gmail.com    | male   | team head        |
+-----+---------+-----


///write a query whos sal greater than 50000;


 select * from employe where salary>50000;
+-----+--------+-----------+------------+------+------------+----------+--------+--------+----------------+--------+-------------+
| eid | name   | mobile_no | dob        | age  | doj        | blood_gp | deptno | salary | email          | gender | designation |
+-----+--------+-----------+------------+------+------------+----------+--------+--------+----------------+--------+-------------+
|   2 | harsha |      9296 | 1995-02-11 |   25 | 2020-02-11 | b+       |     20 |  75000 | harshavardhan@ | male   | tester      |
+-----+--------+-------

///write a query to diplay age of employee where age is less than 30
 select * from employe where age<30;
+-----+--------+-----------+------------+------+------------+----------+--------+--------+-------------------+--------+------------------+
| eid | name   | mobile_no | dob        | age  | doj        | blood_gp | deptno | salary | email             | gender | designation      |
+-----+--------+-----------+------------+------+------------+----------+--------+--------+-------------------+--------+------------------+
|   1 | kavi   |      8296 | 1998-07-21 |   21 | 2019-12-21 | a+       |     10 |   2500 | kavichandru21798@ | female | softwaredevloper |
|   2 | harsha |      9296 | 1995-02-11 |   25 | 2020-02-11 | b+       |     20 |  75000 | harshavardhan@    | male   | tester           |
|   8 | manu   |     11926 | 1994-09-09 |   27 | 2019-10-01 | b-       |     80 |   4300 | mau@gmail.com     | male   | network manger   |
|  10 | raju   |    432223 | 1998-12-09 |   23 | 2019-08-09 | ab-      |     10 |   5000 | raju@gmail.com    | male   | team head        |
+-----+--------+-------

///write a query to display name salary email id mob whos age is 28 or equal to it
mysql> select name,salary,mobile_no,email from employe where age<=28;
+--------+--------+-----------+-------------------+
| name   | salary | mobile_no | email             |
+--------+--------+-----------+-------------------+
| kavi   |   2500 |      8296 | kavichandru21798@ |
| harsha |  75000 |      9296 | harshavardhan@    |
| manu   |   4300 |     11926 | mau@gmail.com     |
| raju   |   5000 |    432223 | raju@gmail.com    |





/// write a query of employee whos age is less than or equal to 400000
+--------+--------+-----------+-------------------+









+--------+----------+
| deptno | blood_gp |
+--------+----------+
|     10 | a+       |
|     20 | b+       |
|     30 | o+       |
|     40 | ab+      |
|     50 | o-       |
|     60 | a+       |
|     70 | o-       |
|     80 | b-       |
|     90 | b+       |
|    100 | ab-      |
+--------+----------+
10 rows in set (0.03 sec)

mysql> select distinct deptno,blood_gp,designation from employe;
+--------+----------+------------------+
| deptno | blood_gp | designation      |
+--------+----------+------------------+
|     10 | a+       | softwaredevloper |
|     20 | b+       | tester           |
|     30 | o+       | techsupport      |
|     40 | ab+      | hr               |
|     50 | o-       | clerk            |
|     60 | a+       | manager          |
|     70 | o-       | security         |
|     80 | b-       | network manger   |
|     90 | b+       | data manger      |
|    100 | ab-      | team head        |
+--------+----------+------------------+
10 rows in set (0.00 sec)

mysql>

//alias 
ql> select blood_gp  blodgp from employe;
+--------+
| blodgp |
+--------+
| a+     |
| b+     |
| o+     |
| ab+    |
| o-     |
| a+     |
| o-     |
| b-     |
| b+     |
| ab-    |
+--------+
10 rows in set (0.00 sec)

mysql>
 select blood_gp as bloodgp from employe;
+---------+
| bloodgp |
+---------+
| a+      |
| b+      |
| o+      |
| ab+     |
| o-      |
| a+      |
| o-      |
| b-      |
| b+      |
| ab-     |



mysql> select *from employe;
+-----+---------+-----------+------------+------+------------+----------+--------+--------+-------------------+--------+------------------+
| eid | name    | mobile_no | dob        | age  | doj        | blood_gp | deptno | salary | email             | gender | designation      |
+-----+---------+-----------+------------+------+------------+----------+--------+--------+-------------------+--------+------------------+
|   1 | kavi    |      8296 | 1998-07-21 |   21 | 2019-12-21 | a+       |     10 |   2500 | kavichandru21798@ | female | softwaredevloper |
|   2 | harsha  |      9296 | 1995-02-11 |   25 | 2020-02-11 | b+       |     20 |  75000 | harshavardhan@    | male   | tester           |
|   3 | chandru |      8905 | 1980-01-01 |   45 | 2019-10-23 | o+       |     30 |  50000 | chandru21@        | male   | techsupport      |
|   4 | chandan |      1233 | 1980-03-04 |   40 | 2019-10-20 | ab+      |     40 |  40000 | abc@gmail.com     | male   | hr               |
|   5 | pallavi |      5678 | 1990-03-10 |   50 | 2019-09-28 | o-       |     50 |  21000 | qsp@gmail.com     | female | clerk            |
|   6 | ammu    |      9876 | 2000-12-25 |   60 | 2019-10-21 | a+       |     60 |  30000 | jsp@gmail.com     | female | manager          |
|   7 | timma   |     97766 | 2000-01-20 |   23 | 2019-07-21 | o-       |     70 |   9300 | ammu@gmail.com    | male   | security         |
|   8 | manu    |     11926 | 1994-09-09 |   27 | 2019-10-01 | b-       |     80 |   4300 | mau@gmail.com     | male   | network manger   |
|   9 | shekar  |      9926 | 1994-11-09 |   37 | 2019-01-01 | b+       |     90 |   4100 | ammau@gmail.com   | male   | data manger      |
|  10 | raju    |      3444 | 1998-12-09 |   23 | 2019-08-09 | ab-      |    100 |   5000 | raju@gmail.com    | male   | team head        |
+-----+---------+-----------+------------+------+------------+----------+--------+--------+-------------------+--------+------------------+
10 rows in set (0.00 sec)

mysql> select blood_gp  blodgp from employe;
+--------+
| blodgp |
+--------+
| a+     |
| b+     |
| o+     |
| ab+    |
| o-     |
| a+     |
| o-     |
| b-     |
| b+     |
| ab-    |
+--------+
10 rows in set (0.00 sec)

mysql>
mysql> select *from employe;
+-----+---------+-----------+------------+------+------------+----------+--------+--------+-------------------+--------+------------------+
| eid | name    | mobile_no | dob        | age  | doj        | blood_gp | deptno | salary | email             | gender | designation      |
+-----+---------+-----------+------------+------+------------+----------+--------+--------+-------------------+--------+------------------+
|   1 | kavi    |      8296 | 1998-07-21 |   21 | 2019-12-21 | a+       |     10 |   2500 | kavichandru21798@ | female | softwaredevloper |
|   2 | harsha  |      9296 | 1995-02-11 |   25 | 2020-02-11 | b+       |     20 |  75000 | harshavardhan@    | male   | tester           |
|   3 | chandru |      8905 | 1980-01-01 |   45 | 2019-10-23 | o+       |     30 |  50000 | chandru21@        | male   | techsupport      |
|   4 | chandan |      1233 | 1980-03-04 |   40 | 2019-10-20 | ab+      |     40 |  40000 | abc@gmail.com     | male   | hr               |
|   5 | pallavi |      5678 | 1990-03-10 |   50 | 2019-09-28 | o-       |     50 |  21000 | qsp@gmail.com     | female | clerk            |
|   6 | ammu    |      9876 | 2000-12-25 |   60 | 2019-10-21 | a+       |     60 |  30000 | jsp@gmail.com     | female | manager          |
|   7 | timma   |     97766 | 2000-01-20 |   23 | 2019-07-21 | o-       |     70 |   9300 | ammu@gmail.com    | male   | security         |
|   8 | manu    |     11926 | 1994-09-09 |   27 | 2019-10-01 | b-       |     80 |   4300 | mau@gmail.com     | male   | network manger   |
|   9 | shekar  |      9926 | 1994-11-09 |   37 | 2019-01-01 | b+       |     90 |   4100 | ammau@gmail.com   | male   | data manger      |
|  10 | raju    |      3444 | 1998-12-09 |   23 | 2019-08-09 | ab-      |    100 |   5000 | raju@gmail.com    | male   | team head        |
+-----+---------+-----------+------------+------+------------+----------+--------+--------+-------------------+--------+------------------+
10 rows in set (0.00 sec)

mysql> update employe set mobile_no=432223 where eid=10;
Query OK, 1 row affected (0.17 sec)
Rows matched: 1  Changed: 1  Warnings: 0

mysql> select *from employe;
+-----+---------+-----------+------------+------+------------+----------+--------+--------+-------------------+--------+------------------+
| eid | name    | mobile_no | dob        | age  | doj        | blood_gp | deptno | salary | email             | gender | designation      |
+-----+---------+-----------+------------+------+------------+----------+--------+--------+-------------------+--------+------------------+
|   1 | kavi    |      8296 | 1998-07-21 |   21 | 2019-12-21 | a+       |     10 |   2500 | kavichandru21798@ | female | softwaredevloper |
|   2 | harsha  |      9296 | 1995-02-11 |   25 | 2020-02-11 | b+       |     20 |  75000 | harshavardhan@    | male   | tester           |
|   3 | chandru |      8905 | 1980-01-01 |   45 | 2019-10-23 | o+       |     30 |  50000 | chandru21@        | male   | techsupport      |
|   4 | chandan |      1233 | 1980-03-04 |   40 | 2019-10-20 | ab+      |     40 |  40000 | abc@gmail.com     | male   | hr               |
|   5 | pallavi |      5678 | 1990-03-10 |   50 | 2019-09-28 | o-       |     50 |  21000 | qsp@gmail.com     | female | clerk            |
|   6 | ammu    |      9876 | 2000-12-25 |   60 | 2019-10-21 | a+       |     60 |  30000 | jsp@gmail.com     | female | manager          |
|   7 | timma   |     97766 | 2000-01-20 |   23 | 2019-07-21 | o-       |     70 |   9300 | ammu@gmail.com    | male   | security         |
|   8 | manu    |     11926 | 1994-09-09 |   27 | 2019-10-01 | b-       |     80 |   4300 | mau@gmail.com     | male   | network manger   |
|   9 | shekar  |      9926 | 1994-11-09 |   37 | 2019-01-01 | b+       |     90 |   4100 | ammau@gmail.com   | male   | data manger      |
|  10 | raju    |    432223 | 1998-12-09 |   23 | 2019-08-09 | ab-      |    100 |   5000 | raju@gmail.com    | male   | team head        |
+-----+---------+-----------+------------+------+------------+----------+--------+--------+-------------------+--------+------------------+
10 rows in set (0.00 sec)

mysql> update employe set deptno=10 where eid=10;
Query OK, 1 row affected (0.09 sec)
Rows matched: 1  Changed: 1  Warnings: 0

mysql> select *from employe;
+-----+---------+-----------+------------+------+------------+----------+--------+--------+-------------------+--------+------------------+
| eid | name    | mobile_no | dob        | age  | doj        | blood_gp | deptno | salary | email             | gender | designation      |
+-----+---------+-----------+------------+------+------------+----------+--------+--------+-------------------+--------+------------------+
|   1 | kavi    |      8296 | 1998-07-21 |   21 | 2019-12-21 | a+       |     10 |   2500 | kavichandru21798@ | female | softwaredevloper |
|   2 | harsha  |      9296 | 1995-02-11 |   25 | 2020-02-11 | b+       |     20 |  75000 | harshavardhan@    | male   | tester           |
|   3 | chandru |      8905 | 1980-01-01 |   45 | 2019-10-23 | o+       |     30 |  50000 | chandru21@        | male   | techsupport      |
|   4 | chandan |      1233 | 1980-03-04 |   40 | 2019-10-20 | ab+      |     40 |  40000 | abc@gmail.com     | male   | hr               |
|   5 | pallavi |      5678 | 1990-03-10 |   50 | 2019-09-28 | o-       |     50 |  21000 | qsp@gmail.com     | female | clerk            |
|   6 | ammu    |      9876 | 2000-12-25 |   60 | 2019-10-21 | a+       |     60 |  30000 | jsp@gmail.com     | female | manager          |
|   7 | timma   |     97766 | 2000-01-20 |   23 | 2019-07-21 | o-       |     70 |   9300 | ammu@gmail.com    | male   | security         |
|   8 | manu    |     11926 | 1994-09-09 |   27 | 2019-10-01 | b-       |     80 |   4300 | mau@gmail.com     | male   | network manger   |
|   9 | shekar  |      9926 | 1994-11-09 |   37 | 2019-01-01 | b+       |     90 |   4100 | ammau@gmail.com   | male   | data manger      |
|  10 | raju    |    432223 | 1998-12-09 |   23 | 2019-08-09 | ab-      |     10 |   5000 | raju@gmail.com    | male   | team head        |
+-----+---------+-----------+------------+------+------------+----------+--------+--------+-------------------+--------+------------------+
10 rows in set (0.00 sec)

mysql> update employe set deptno=20 where eid=9;
Query OK, 1 row affected (0.06 sec)
Rows matched: 1  Changed: 1  Warnings: 0

mysql> select *from employe;
+-----+---------+-----------+------------+------+------------+----------+--------+--------+-------------------+--------+------------------+
| eid | name    | mobile_no | dob        | age  | doj        | blood_gp | deptno | salary | email             | gender | designation      |
+-----+---------+-----------+------------+------+------------+----------+--------+--------+-------------------+--------+------------------+
|   1 | kavi    |      8296 | 1998-07-21 |   21 | 2019-12-21 | a+       |     10 |   2500 | kavichandru21798@ | female | softwaredevloper |
|   2 | harsha  |      9296 | 1995-02-11 |   25 | 2020-02-11 | b+       |     20 |  75000 | harshavardhan@    | male   | tester           |
|   3 | chandru |      8905 | 1980-01-01 |   45 | 2019-10-23 | o+       |     30 |  50000 | chandru21@        | male   | techsupport      |
|   4 | chandan |      1233 | 1980-03-04 |   40 | 2019-10-20 | ab+      |     40 |  40000 | abc@gmail.com     | male   | hr               |
|   5 | pallavi |      5678 | 1990-03-10 |   50 | 2019-09-28 | o-       |     50 |  21000 | qsp@gmail.com     | female | clerk            |
|   6 | ammu    |      9876 | 2000-12-25 |   60 | 2019-10-21 | a+       |     60 |  30000 | jsp@gmail.com     | female | manager          |
|   7 | timma   |     97766 | 2000-01-20 |   23 | 2019-07-21 | o-       |     70 |   9300 | ammu@gmail.com    | male   | security         |
|   8 | manu    |     11926 | 1994-09-09 |   27 | 2019-10-01 | b-       |     80 |   4300 | mau@gmail.com     | male   | network manger   |
|   9 | shekar  |      9926 | 1994-11-09 |   37 | 2019-01-01 | b+       |     20 |   4100 | ammau@gmail.com   | male   | data manger      |
|  10 | raju    |    432223 | 1998-12-09 |   23 | 2019-08-09 | ab-      |     10 |   5000 | raju@gmail.com    | male   | team head        |
+-----+---------+-----------+------------+------+------------+----------+--------+--------+-------------------+--------+------------------+
10 rows in set (0.00 sec)

mysql> delete from employe where deptn=70;
ERROR 1054 (42S22): Unknown column 'deptn' in 'where clause'
mysql> delete from employe where deptno=70;
Query OK, 1 row affected (0.08 sec)

mysql> select *from employe;
+-----+---------+-----------+------------+------+------------+----------+--------+--------+-------------------+--------+------------------+
| eid | name    | mobile_no | dob        | age  | doj        | blood_gp | deptno | salary | email             | gender | designation      |
+-----+---------+-----------+------------+------+------------+----------+--------+--------+-------------------+--------+------------------+
|   1 | kavi    |      8296 | 1998-07-21 |   21 | 2019-12-21 | a+       |     10 |   2500 | kavichandru21798@ | female | softwaredevloper |
|   2 | harsha  |      9296 | 1995-02-11 |   25 | 2020-02-11 | b+       |     20 |  75000 | harshavardhan@    | male   | tester           |
|   3 | chandru |      8905 | 1980-01-01 |   45 | 2019-10-23 | o+       |     30 |  50000 | chandru21@        | male   | techsupport      |
|   4 | chandan |      1233 | 1980-03-04 |   40 | 2019-10-20 | ab+      |     40 |  40000 | abc@gmail.com     | male   | hr               |
|   5 | pallavi |      5678 | 1990-03-10 |   50 | 2019-09-28 | o-       |     50 |  21000 | qsp@gmail.com     | female | clerk            |
|   6 | ammu    |      9876 | 2000-12-25 |   60 | 2019-10-21 | a+       |     60 |  30000 | jsp@gmail.com     | female | manager          |
|   8 | manu    |     11926 | 1994-09-09 |   27 | 2019-10-01 | b-       |     80 |   4300 | mau@gmail.com     | male   | network manger   |
|   9 | shekar  |      9926 | 1994-11-09 |   37 | 2019-01-01 | b+       |     20 |   4100 | ammau@gmail.com   | male   | data manger      |
|  10 | raju    |    432223 | 1998-12-09 |   23 | 2019-08-09 | ab-      |     10 |   5000 | raju@gmail.com    | male   | team head        |
+-----+---------+-----------+------------+------+------------+----------+--------+--------+-------------------+--------+------------------+
9 rows in set (0.00 sec)

mysql>
mysql> select name,salary,mobile_no,email from employe where age>=28;
+---------+--------+-----------+-----------------+
| name    | salary | mobile_no | email           |
+---------+--------+-----------+-----------------+
| chandru |  50000 |      8905 | chandru21@      |
| chandan |  40000 |      1233 | abc@gmail.com   |
| pallavi |  21000 |      5678 | qsp@gmail.com   |
| ammu    |  30000 |      9876 | jsp@gmail.com   |
| shekar  |   4100 |      9926 | ammau@gmail.com |
+---------+--------+-----------+-----------------+
5 rows in set (0.00 sec)

mysql>

///and operator &&  or operator

Enter password: ****
Welcome to the MySQL monitor.  Commands end with ; or \g.
Your MySQL connection id is 9
Server version: 5.7.27-log MySQL Community Server (GPL)

Copyright (c) 2000, 2019, Oracle and/or its affiliates. All rights reserved.

Oracle is a registered trademark of Oracle Corporation and/or its
affiliates. Other names may be trademarks of their respective
owners.

Type 'help;' or '\h' for help. Type '\c' to clear the current input statement.

mysql> show databases;
+--------------------+
| Database           |
+--------------------+
| information_schema |
| mysql              |
| performance_schema |
| sys                |
| ust_db             |
+--------------------+
5 rows in set (0.14 sec)

mysql> use ust_db;
Database changed



====================================================================






Enter password: ****
Welcome to the MySQL monitor.  Commands end with ; or \g.
Your MySQL connection id is 12
Server version: 5.1.35-community MySQL Community Server (GPL)

Type 'help;' or '\h' for help. Type '\c' to clear the current input statement.

mysql> select * from emp;
ERROR 1046 (3D000): No database selected
mysql> use ust;
Database changed
mysql> select * from emp;
+-----+---------+-----------+------------+------+------------+----------+--------+--------+-------------------+--------+------------------+
| eid | name    | mobile_no | dob        | age  | doj        | blood_gp | deptno | salary | email             | gender | designation      |
+-----+---------+-----------+------------+------+------------+----------+--------+--------+-------------------+--------+------------------+
|   1 | kavi    |      8296 | 1998-07-21 |   21 | 2019-12-21 | a+       |     10 |   2500 | kavichandru21798@ | female | softwaredevloper |
|   2 | harsha  |      9296 | 1995-02-11 |   25 | 2020-02-11 | b+       |     20 |  75000 | harshavardhan@    | male   | tester           |
|   3 | chandru |      8905 | 1980-01-01 |   45 | 2019-10-23 | o+       |     30 |  50000 | chandru21@        | male   | techsupport      |
|   4 | chandan |      1233 | 1980-03-04 |   40 | 2019-10-20 | ab+      |     40 |  40000 | abc@gmail.com     | male   | hr               |
|   5 | pallavi |      5678 | 1990-03-10 |   50 | 2019-09-28 | o-       |     50 |  21000 | qsp@gmail.com     | female | clerk            |
|   6 | ammu    |      9876 | 2000-12-25 |   60 | 2019-10-21 | a+       |     60 |  30000 | jsp@gmail.com     | female | manager          |
|   7 | timma   |     97766 | 2000-01-20 |   23 | 2019-07-21 | o-       |     70 |   9300 | ammu@gmail.com    | male   | security         |
|   8 | manu    |     11926 | 1994-09-09 |   27 | 2019-10-01 | b-       |     80 |   4300 | mau@gmail.com     | male   | network manger   |
|   9 | shekar  |      9926 | 1994-11-09 |   37 | 2019-01-01 | b+       |     90 |   4100 | ammau@gmail.com   | male   | data manger      |
|  10 | raju    |      3444 | 1998-12-09 |   23 | 2019-08-09 | ab-      |    100 |   5000 | raju@gmail.com    | male   | team head        |
+-----+---------+-----------+------------+------+------------+----------+--------+--------+-------------------+--------+------------------+
10 rows in set (0.00 sec)

mysql> select * from emp where age between 20 and 40;
+-----+---------+-----------+------------+------+------------+----------+--------+--------+-------------------+--------+------------------+
| eid | name    | mobile_no | dob        | age  | doj        | blood_gp | deptno | salary | email             | gender | designation      |
+-----+---------+-----------+------------+------+------------+----------+--------+--------+-------------------+--------+------------------+
|   1 | kavi    |      8296 | 1998-07-21 |   21 | 2019-12-21 | a+       |     10 |   2500 | kavichandru21798@ | female | softwaredevloper |
|   2 | harsha  |      9296 | 1995-02-11 |   25 | 2020-02-11 | b+       |     20 |  75000 | harshavardhan@    | male   | tester           |
|   4 | chandan |      1233 | 1980-03-04 |   40 | 2019-10-20 | ab+      |     40 |  40000 | abc@gmail.com     | male   | hr               |
|   7 | timma   |     97766 | 2000-01-20 |   23 | 2019-07-21 | o-       |     70 |   9300 | ammu@gmail.com    | male   | security         |
|   8 | manu    |     11926 | 1994-09-09 |   27 | 2019-10-01 | b-       |     80 |   4300 | mau@gmail.com     | male   | network manger   |
|   9 | shekar  |      9926 | 1994-11-09 |   37 | 2019-01-01 | b+       |     90 |   4100 | ammau@gmail.com   | male   | data manger      |
|  10 | raju    |      3444 | 1998-12-09 |   23 | 2019-08-09 | ab-      |    100 |   5000 | raju@gmail.com    | male   | team head        |
+-----+---------+-----------+------------+------+------------+----------+--------+--------+-------------------+--------+------------------+
7 rows in set (0.00 sec)

mysql> select * from emp where doj between 2017-01-01 and 2017-12-31;
Empty set, 2 warnings (0.06 sec)

mysql> select * from emp where doj between '2017-01-01' and '2017-12-31';
Empty set (0.00 sec)

mysql> select * from emp;
+-----+---------+-----------+------------+------+------------+----------+--------+--------+-------------------+--------+------------------+
| eid | name    | mobile_no | dob        | age  | doj        | blood_gp | deptno | salary | email             | gender | designation      |
+-----+---------+-----------+------------+------+------------+----------+--------+--------+-------------------+--------+------------------+
|   1 | kavi    |      8296 | 1998-07-21 |   21 | 2019-12-21 | a+       |     10 |   2500 | kavichandru21798@ | female | softwaredevloper |
|   2 | harsha  |      9296 | 1995-02-11 |   25 | 2020-02-11 | b+       |     20 |  75000 | harshavardhan@    | male   | tester           |
|   3 | chandru |      8905 | 1980-01-01 |   45 | 2019-10-23 | o+       |     30 |  50000 | chandru21@        | male   | techsupport      |
|   4 | chandan |      1233 | 1980-03-04 |   40 | 2019-10-20 | ab+      |     40 |  40000 | abc@gmail.com     | male   | hr               |
|   5 | pallavi |      5678 | 1990-03-10 |   50 | 2019-09-28 | o-       |     50 |  21000 | qsp@gmail.com     | female | clerk            |
|   6 | ammu    |      9876 | 2000-12-25 |   60 | 2019-10-21 | a+       |     60 |  30000 | jsp@gmail.com     | female | manager          |
|   7 | timma   |     97766 | 2000-01-20 |   23 | 2019-07-21 | o-       |     70 |   9300 | ammu@gmail.com    | male   | security         |
|   8 | manu    |     11926 | 1994-09-09 |   27 | 2019-10-01 | b-       |     80 |   4300 | mau@gmail.com     | male   | network manger   |
|   9 | shekar  |      9926 | 1994-11-09 |   37 | 2019-01-01 | b+       |     90 |   4100 | ammau@gmail.com   | male   | data manger      |
|  10 | raju    |      3444 | 1998-12-09 |   23 | 2019-08-09 | ab-      |    100 |   5000 | raju@gmail.com    | male   | team head        |
+-----+---------+-----------+------------+------+------------+----------+--------+--------+-------------------+--------+------------------+
10 rows in set (0.00 sec)

mysql> select * from emp where salary between 20000 and 30000;
+-----+---------+-----------+------------+------+------------+----------+--------+--------+---------------+--------+-------------+
| eid | name    | mobile_no | dob        | age  | doj        | blood_gp | deptno | salary | email         | gender | designation |
+-----+---------+-----------+------------+------+------------+----------+--------+--------+---------------+--------+-------------+
|   5 | pallavi |      5678 | 1990-03-10 |   50 | 2019-09-28 | o-       |     50 |  21000 | qsp@gmail.com | female | clerk       |
|   6 | ammu    |      9876 | 2000-12-25 |   60 | 2019-10-21 | a+       |     60 |  30000 | jsp@gmail.com | female | manager     |
+-----+---------+-----------+------------+------+------------+----------+--------+--------+---------------+--------+-------------+
2 rows in set (0.00 sec)

mysql> select * from emp where salary not between 20000 and 30000;
+-----+---------+-----------+------------+------+------------+----------+--------+--------+-------------------+--------+------------------+
| eid | name    | mobile_no | dob        | age  | doj        | blood_gp | deptno | salary | email             | gender | designation      |
+-----+---------+-----------+------------+------+------------+----------+--------+--------+-------------------+--------+------------------+
|   1 | kavi    |      8296 | 1998-07-21 |   21 | 2019-12-21 | a+       |     10 |   2500 | kavichandru21798@ | female | softwaredevloper |
|   2 | harsha  |      9296 | 1995-02-11 |   25 | 2020-02-11 | b+       |     20 |  75000 | harshavardhan@    | male   | tester           |
|   3 | chandru |      8905 | 1980-01-01 |   45 | 2019-10-23 | o+       |     30 |  50000 | chandru21@        | male   | techsupport      |
|   4 | chandan |      1233 | 1980-03-04 |   40 | 2019-10-20 | ab+      |     40 |  40000 | abc@gmail.com     | male   | hr               |
|   7 | timma   |     97766 | 2000-01-20 |   23 | 2019-07-21 | o-       |     70 |   9300 | ammu@gmail.com    | male   | security         |
|   8 | manu    |     11926 | 1994-09-09 |   27 | 2019-10-01 | b-       |     80 |   4300 | mau@gmail.com     | male   | network manger   |
|   9 | shekar  |      9926 | 1994-11-09 |   37 | 2019-01-01 | b+       |     90 |   4100 | ammau@gmail.com   | male   | data manger      |
|  10 | raju    |      3444 | 1998-12-09 |   23 | 2019-08-09 | ab-      |    100 |   5000 | raju@gmail.com    | male   | team head        |
+-----+---------+-----------+------------+------+------------+----------+--------+--------+-------------------+--------+------------------+
8 rows in set (0.00 sec)

mysql> select * from emp where name like 'a%';
+-----+------+-----------+------------+------+------------+----------+--------+--------+---------------+--------+-------------+
| eid | name | mobile_no | dob        | age  | doj        | blood_gp | deptno | salary | email         | gender | designation |
+-----+------+-----------+------------+------+------------+----------+--------+--------+---------------+--------+-------------+
|   6 | ammu |      9876 | 2000-12-25 |   60 | 2019-10-21 | a+       |     60 |  30000 | jsp@gmail.com | female | manager     |
+-----+------+-----------+------------+------+------------+----------+--------+--------+---------------+--------+-------------+
1 row in set (0.03 sec)

mysql> select * from emp where name like '%l%l%';
+-----+---------+-----------+------------+------+------------+----------+--------+--------+---------------+--------+-------------+
| eid | name    | mobile_no | dob        | age  | doj        | blood_gp | deptno | salary | email         | gender | designation |
+-----+---------+-----------+------------+------+------------+----------+--------+--------+---------------+--------+-------------+
|   5 | pallavi |      5678 | 1990-03-10 |   50 | 2019-09-28 | o-       |     50 |  21000 | qsp@gmail.com | female | clerk       |
+-----+---------+-----------+------------+------+------------+----------+--------+--------+---------------+--------+-------------+
1 row in set (0.00 sec)

mysql> select * from emp where name like 's%p';
Empty set (0.02 sec)

mysql> select * from emp where name like 'a%' or name like 's%';
+-----+--------+-----------+------------+------+------------+----------+--------+--------+-----------------+--------+-------------+
| eid | name   | mobile_no | dob        | age  | doj        | blood_gp | deptno | salary | email           | gender | designation |
+-----+--------+-----------+------------+------+------------+----------+--------+--------+-----------------+--------+-------------+
|   6 | ammu   |      9876 | 2000-12-25 |   60 | 2019-10-21 | a+       |     60 |  30000 | jsp@gmail.com   | female | manager     |
|   9 | shekar |      9926 | 1994-11-09 |   37 | 2019-01-01 | b+       |     90 |   4100 | ammau@gmail.com | male   | data manger |
+-----+--------+-----------+------------+------+------------+----------+--------+--------+-----------------+--------+-------------+
2 rows in set (0.00 sec)

mysql> select name,salary from emp where deptno in (10,20,30) and designation like 's%';
+------+--------+
| name | salary |
+------+--------+
| kavi |   2500 |
+------+--------+
1 row in set (0.00 sec)

mysql> select min(salary) from emp;
+-------------+
| min(salary) |
+-------------+
|        2500 |
+-------------+
1 row in set (0.03 sec)

mysql> select max(salary) from emp;
+-------------+
| max(salary) |
+-------------+
|       75000 |
+-------------+
1 row in set (0.00 sec)

mysql> select avg(salary) from emp;
+-------------+
| avg(salary) |
+-------------+
|  24120.0000 |
+-------------+
1 row in set (0.03 sec)

mysql> select count(*) from emp;
+----------+
| count(*) |
+----------+
|       10 |
+----------+
1 row in set (0.00 sec)

mysql> select sum(salary) from emp;
+-------------+
| sum(salary) |
+-------------+
|      241200 |
+-------------+
1 row in set (0.00 sec)

mysql> select * from emp order_by salary desc;
ERROR 1064 (42000): You have an error in your SQL syntax; check the manual that corresponds to your MySQL server version for the right syntax to use near 'salary desc' at line 1
mysql> select * from emp order by salary desc;
+-----+---------+-----------+------------+------+------------+----------+--------+--------+-------------------+--------+------------------+
| eid | name    | mobile_no | dob        | age  | doj        | blood_gp | deptno | salary | email             | gender | designation      |
+-----+---------+-----------+------------+------+------------+----------+--------+--------+-------------------+--------+------------------+
|   2 | harsha  |      9296 | 1995-02-11 |   25 | 2020-02-11 | b+       |     20 |  75000 | harshavardhan@    | male   | tester           |
|   3 | chandru |      8905 | 1980-01-01 |   45 | 2019-10-23 | o+       |     30 |  50000 | chandru21@        | male   | techsupport      |
|   4 | chandan |      1233 | 1980-03-04 |   40 | 2019-10-20 | ab+      |     40 |  40000 | abc@gmail.com     | male   | hr               |
|   6 | ammu    |      9876 | 2000-12-25 |   60 | 2019-10-21 | a+       |     60 |  30000 | jsp@gmail.com     | female | manager          |
|   5 | pallavi |      5678 | 1990-03-10 |   50 | 2019-09-28 | o-       |     50 |  21000 | qsp@gmail.com     | female | clerk            |
|   7 | timma   |     97766 | 2000-01-20 |   23 | 2019-07-21 | o-       |     70 |   9300 | ammu@gmail.com    | male   | security         |
|  10 | raju    |      3444 | 1998-12-09 |   23 | 2019-08-09 | ab-      |    100 |   5000 | raju@gmail.com    | male   | team head        |
|   8 | manu    |     11926 | 1994-09-09 |   27 | 2019-10-01 | b-       |     80 |   4300 | mau@gmail.com     | male   | network manger   |
|   9 | shekar  |      9926 | 1994-11-09 |   37 | 2019-01-01 | b+       |     90 |   4100 | ammau@gmail.com   | male   | data manger      |
|   1 | kavi    |      8296 | 1998-07-21 |   21 | 2019-12-21 | a+       |     10 |   2500 | kavichandru21798@ | female | softwaredevloper |
+-----+---------+-----------+------------+------+------------+----------+--------+--------+-------------------+--------+------------------+
10 rows in set (0.06 sec)

mysql> ^A^A
mysql> show tables;
+------------------+
| Tables_in_ust_db |
+------------------+
| employe          |
| product_info     |
+------------------+
2 rows in set (0.05 sec)

mysql> desc employe;
+-------------+--------------+------+-----+---------+-------+
| Field       | Type         | Null | Key | Default | Extra |
+-------------+--------------+------+-----+---------+-------+
| eid         | int(11)      | NO   | PRI | NULL    |       |
| name        | varchar(200) | YES  |     | NULL    |       |
| mobile_no   | int(11)      | YES  | UNI | NULL    |       |
| dob         | date         | NO   |     | NULL    |       |
| age         | int(11)      | YES  |     | NULL    |       |
| doj         | date         | YES  |     | NULL    |       |
| blood_gp    | varchar(50)  | YES  |     | NULL    |       |
| deptno      | int(11)      | YES  |     | NULL    |       |
| salary      | int(11)      | YES  |     | NULL    |       |
| email       | varchar(20)  | YES  |     | NULL    |       |
| gender      | varchar(100) | YES  |     | NULL    |       |
| designation | varchar(20)  | YES  |     | NULL    |       |
+-------------+--------------+------+-----+---------+-------+
12 rows in set (0.25 sec)

mysql> select * from employe where deptno=20 and salary=25000;
Empty set (0.07 sec)

mysql> select * from employe where deptno=20 and salary=25000;
Empty set (0.00 sec)

mysql> select * from employe;
+-----+---------+-----------+------------+------+------------+----------+--------+--------+-------------------+--------+------------------+
| eid | name    | mobile_no | dob        | age  | doj        | blood_gp | deptno | salary | email             | gender | designation      |
+-----+---------+-----------+------------+------+------------+----------+--------+--------+-------------------+--------+------------------+
|   1 | kavi    |      8296 | 1998-07-21 |   21 | 2019-12-21 | a+       |     10 |   2500 | kavichandru21798@ | female | softwaredevloper |
|   2 | harsha  |      9296 | 1995-02-11 |   25 | 2020-02-11 | b+       |     20 |  75000 | harshavardhan@    | male   | tester           |
|   3 | chandru |      8905 | 1980-01-01 |   45 | 2019-10-23 | o+       |     30 |  50000 | chandru21@        | male   | techsupport      |
|   4 | chandan |      1233 | 1980-03-04 |   40 | 2019-10-20 | ab+      |     40 |  40000 | abc@gmail.com     | male   | hr               |
|   5 | pallavi |      5678 | 1990-03-10 |   50 | 2019-09-28 | o-       |     50 |  21000 | qsp@gmail.com     | female | clerk            |
|   6 | ammu    |      9876 | 2000-12-25 |   60 | 2019-10-21 | a+       |     60 |  30000 | jsp@gmail.com     | female | manager          |
|   8 | manu    |     11926 | 1994-09-09 |   27 | 2019-10-01 | b-       |     80 |   4300 | mau@gmail.com     | male   | network manger   |
|   9 | shekar  |      9926 | 1994-11-09 |   37 | 2019-01-01 | b+       |     20 |   4100 | ammau@gmail.com   | male   | data manger      |
|  10 | raju    |    432223 | 1998-12-09 |   23 | 2019-08-09 | ab-      |     10 |   5000 | raju@gmail.com    | male   | team head        |
+-----+---------+-----------+------------+------+------------+----------+--------+--------+-------------------+--------+------------------+
9 rows in set (0.00 sec)

mysql> show databases;
+--------------------+
| Database           |
+--------------------+
| information_schema |
| mysql              |
| performance_schema |
| sys                |
| ust_db             |
+--------------------+
5 rows in set (0.00 sec)

mysql> use ust_db;
Database changed
mysql> select * from employe where deptno=20 and salary>=25000;
+-----+--------+-----------+------------+------+------------+----------+--------+--------+----------------+--------+-------------+
| eid | name   | mobile_no | dob        | age  | doj        | blood_gp | deptno | salary | email          | gender | designation |
+-----+--------+-----------+------------+------+------------+----------+--------+--------+----------------+--------+-------------+
|   2 | harsha |      9296 | 1995-02-11 |   25 | 2020-02-11 | b+       |     20 |  75000 | harshavardhan@ | male   | tester      |
+-----+--------+-----------+------------+------+------------+----------+--------+--------+----------------+--------+-------------+
1 row in set (0.00 sec)

mysql> select * from employe where deptno=20 and salary>25000;
+-----+--------+-----------+------------+------+------------+----------+--------+--------+----------------+--------+-------------+
| eid | name   | mobile_no | dob        | age  | doj        | blood_gp | deptno | salary | email          | gender | designation |
+-----+--------+-----------+------------+------+------------+----------+--------+--------+----------------+--------+-------------+
|   2 | harsha |      9296 | 1995-02-11 |   25 | 2020-02-11 | b+       |     20 |  75000 | harshavardhan@ | male   | tester      |
+-----+--------+-----------+------------+------+------------+----------+--------+--------+----------------+--------+-------------+
1 row in set (0.00 sec)

mysql> select name,salary from employe where deptno=10 and deptno=20
    -> ;
Empty set (0.00 sec)

mysql> select name,salary from employe where deptno=10 and deptno=20;
Empty set (0.00 sec)

mysql> select * from employe where designation='tester' and age=25;
+-----+--------+-----------+------------+------+------------+----------+--------+--------+----------------+--------+-------------+
| eid | name   | mobile_no | dob        | age  | doj        | blood_gp | deptno | salary | email          | gender | designation |
+-----+--------+-----------+------------+------+------------+----------+--------+--------+----------------+--------+-------------+
|   2 | harsha |      9296 | 1995-02-11 |   25 | 2020-02-11 | b+       |     20 |  75000 | harshavardhan@ | male   | tester      |
+-----+--------+-----------+------------+------+------------+----------+--------+--------+----------------+--------+-------------+
1 row in set (0.00 sec)

mysql> select *  from employe where designation='tester' or salary>=40000;
+-----+---------+-----------+------------+------+------------+----------+--------+--------+----------------+--------+-------------+
| eid | name    | mobile_no | dob        | age  | doj        | blood_gp | deptno | salary | email          | gender | designation |
+-----+---------+-----------+------------+------+------------+----------+--------+--------+----------------+--------+-------------+
|   2 | harsha  |      9296 | 1995-02-11 |   25 | 2020-02-11 | b+       |     20 |  75000 | harshavardhan@ | male   | tester      |
|   3 | chandru |      8905 | 1980-01-01 |   45 | 2019-10-23 | o+       |     30 |  50000 | chandru21@     | male   | techsupport |
|   4 | chandan |      1233 | 1980-03-04 |   40 | 2019-10-20 | ab+      |     40 |  40000 | abc@gmail.com  | male   | hr          |
+-----+---------+-----------+------------+------+------------+----------+--------+--------+----------------+--------+-------------+
3 rows in set (0.00 sec)

mysql>
    -> 3 rows in set (0.00 sec)^C
mysql> select name,salary,age from employe where deptno=10 or deptno=20 or deptno=50;
+---------+--------+------+
| name    | salary | age  |
+---------+--------+------+
| kavi    |   2500 |   21 |
| harsha  |  75000 |   25 |
| pallavi |  21000 |   50 |
| shekar  |   4100 |   37 |
| raju    |   5000 |   23 |
+---------+--------+------+
5 rows in set (0.00 sec)


 show databases;
+--------------------+
| Database           |
+--------------------+
| information_schema |
| db_name            |
| mysql              |
| performance_schema |
| sys                |
+--------------------+
5 rows in set (0.04 sec)

mysql> use db_name;
Database changed
mysql> show tables;
Empty set (0.02 sec)

mysql> create table product(pid int,pname varchar(120),quantity int);
Query OK, 0 rows affected (0.47 sec)

mysql> show tables;
+-------------------+
| Tables_in_db_name |
+-------------------+
| product           |
+-------------------+
1 row in set (0.00 sec)

mysql> desc product;
+----------+--------------+------+-----+---------+-------+
| Field    | Type         | Null | Key | Default | Extra |
+----------+--------------+------+-----+---------+-------+
| pid      | int(11)      | YES  |     | NULL    |       |
| pname    | varchar(120) | YES  |     | NULL    |       |
| quantity | int(11)      | YES  |     | NULL    |       |
+----------+--------------+------+-----+---------+-------+
3 rows in set (0.04 sec)

mysql> drop database db_name;
Query OK, 1 row affected (0.45 sec)

mysql> show databases;
+--------------------+
| Database           |
+--------------------+
| information_schema |
| mysql              |
| performance_schema |
| sys                |
+--------------------+
4 rows in set (0.00 sec)

mysql> create database ust_db;
Query OK, 1 row affected (0.00 sec)

mysql> show databases;
+--------------------+
| Database           |
+--------------------+
| information_schema |
| mysql              |
| performance_schema |
| sys                |
| ust_db             |
+--------------------+
5 rows in set (0.00 sec)

mysql> show tables;
ERROR 1046 (3D000): No database selected
mysql> use ust_db;
Database changed
mysql> create table products(pid int,pname varchar(20),quality int);
Query OK, 0 rows affected (0.26 sec)

mysql> show tables;
+------------------+
| Tables_in_ust_db |
+------------------+
| products         |
+------------------+
1 row in set (0.00 sec)

mysql> desc products;
+---------+-------------+------+-----+---------+-------+
| Field   | Type        | Null | Key | Default | Extra |
+---------+-------------+------+-----+---------+-------+
| pid     | int(11)     | YES  |     | NULL    |       |
| pname   | varchar(20) | YES  |     | NULL    |       |
| quality | int(11)     | YES  |     | NULL    |       |
+---------+-------------+------+-----+---------+-------+
3 rows in set (0.00 sec)

mysql> drop products;
ERROR 1064 (42000): You have an error in your SQL syntax; check the manual that corresponds to your MySQL server version for the right syntax to use near 'products' at line 1
mysql> drop  table products;
Query OK, 0 rows affected (0.17 sec)

mysql> create table products(pid int,pname varchar(20),quality int);
Query OK, 0 rows affected (0.37 sec)

mysql> show tables;
+------------------+
| Tables_in_ust_db |
+------------------+
| products         |
+------------------+
1 row in set (0.00 sec)

mysql> desc products;
+---------+-------------+------+-----+---------+-------+
| Field   | Type        | Null | Key | Default | Extra |
+---------+-------------+------+-----+---------+-------+
| pid     | int(11)     | YES  |     | NULL    |       |
| pname   | varchar(20) | YES  |     | NULL    |       |
| quality | int(11)     | YES  |     | NULL    |       |
+---------+-------------+------+-----+---------+-------+
3 rows in set (0.00 sec)

mysql> alert table products add column price int;
ERROR 1064 (42000): You have an error in your SQL syntax; check the manual that corresponds to your MySQL server version for the right syntax to use near 'alert table products add column price int' at line 1
mysql> alter table products add column price int;
Query OK, 0 rows affected (0.60 sec)
Records: 0  Duplicates: 0  Warnings: 0

mysql> desc products;
+---------+-------------+------+-----+---------+-------+
| Field   | Type        | Null | Key | Default | Extra |
+---------+-------------+------+-----+---------+-------+
| pid     | int(11)     | YES  |     | NULL    |       |
| pname   | varchar(20) | YES  |     | NULL    |       |
| quality | int(11)     | YES  |     | NULL    |       |
| price   | int(11)     | YES  |     | NULL    |       |
+---------+-------------+------+-----+---------+-------+
4 rows in set (0.00 sec)

mysql> alter table products change column pid product_id;
ERROR 1064 (42000): You have an error in your SQL syntax; check the manual that corresponds to your MySQL server version for the right syntax to use near '' at line 1
mysql> alter table products change column pid product_id int;
Query OK, 0 rows affected (0.19 sec)
Records: 0  Duplicates: 0  Warnings: 0

mysql> desc products;
+------------+-------------+------+-----+---------+-------+
| Field      | Type        | Null | Key | Default | Extra |
+------------+-------------+------+-----+---------+-------+
| product_id | int(11)     | YES  |     | NULL    |       |
| pname      | varchar(20) | YES  |     | NULL    |       |
| quality    | int(11)     | YES  |     | NULL    |       |
| price      | int(11)     | YES  |     | NULL    |       |
+------------+-------------+------+-----+---------+-------+
4 rows in set (0.00 sec)

mysql> alter table products drop column price;
Query OK, 0 rows affected (0.50 sec)
Records: 0  Duplicates: 0  Warnings: 0

mysql> desc products;
+------------+-------------+------+-----+---------+-------+
| Field      | Type        | Null | Key | Default | Extra |
+------------+-------------+------+-----+---------+-------+
| product_id | int(11)     | YES  |     | NULL    |       |
| pname      | varchar(20) | YES  |     | NULL    |       |
| quality    | int(11)     | YES  |     | NULL    |       |
+------------+-------------+------+-----+---------+-------+
3 rows in set (0.00 sec)

mysql> rename table products to product_info;
Query OK, 0 rows affected (0.20 sec)

mysql> show databases;
+--------------------+
| Database           |
+--------------------+
| information_schema |
| mysql              |
| performance_schema |
| sys                |
| ust_db             |
+--------------------+
5 rows in set (0.00 sec)

mysql> show tables;
+------------------+
| Tables_in_ust_db |
+------------------+
| product_info     |
+------------------+
1 row in set (0.00 sec)

mysql> desc tables;
ERROR 1146 (42S02): Table 'ust_db.tables' doesn't exist
mysql> desc product_info;
+------------+-------------+------+-----+---------+-------+
| Field      | Type        | Null | Key | Default | Extra |
+------------+-------------+------+-----+---------+-------+
| product_id | int(11)     | YES  |     | NULL    |       |
| pname      | varchar(20) | YES  |     | NULL    |       |
| quality    | int(11)     | YES  |     | NULL    |       |
+------------+-------------+------+-----+---------+-------+
3 rows in set (0.00 sec)

mysql> rename database ust_db to ustglobal_db;
ERROR 1064 (42000): You have an error in your SQL syntax; check the manual that corresponds to your MySQL server version for the right syntax to use near 'database ust_db to ustglobal_db' at line 1
mysql> alter table products change column pid product_id;



mysql> insert into product_info(product_id,pname,quality)values(2,'colgate',50);
Query OK, 1 row affected (0.10 sec)

mysql> select * from product_info;
+------------+------------+---------+
| product_id | pname      | quality |
+------------+------------+---------+
|          1 | pathanjali |     100 |
|          2 | colgate    |      50 |
+------------+------------+---------+
2 rows in set (0.00 sec)

mysql> insert into product_info(product_id,pname,quality)values(3,'rice',150);
Query OK, 1 row affected (0.09 sec)

mysql> select * from product_info;
+------------+------------+---------+
| product_id | pname      | quality |
+------------+------------+---------+
|          1 | pathanjali |     100 |
|          2 | colgate    |      50 |
|          3 | rice       |     150 |
+------------+------------+---------+
3 rows in set (0.00 sec)

mysql> insert into product_info values(4,'paste',10);
Query OK, 1 row affected (0.08 sec)

mysql> select * from product_info;
+------------+------------+---------+
| product_id | pname      | quality |
+------------+------------+---------+
|          1 | pathanjali |     100 |
|          2 | colgate    |      50 |
|          3 | rice       |     150 |
|          4 | paste      |      10 |
+------------+------------+---------+
4 rows in set (0.00 sec)

mysql> insert into product_info(product_id,pname)values(5,'books');
Query OK, 1 row affected (0.07 sec)

mysql> select * from product_info;
+------------+------------+---------+
| product_id | pname      | quality |
+------------+------------+---------+
|          1 | pathanjali |     100 |
|          2 | colgate    |      50 |
|          3 | rice       |     150 |
|          4 | paste      |      10 |
|          5 | books      |    NULL |
+------------+------------+---------+
5 rows in set (0.00 sec)

mysql> insert into product_info(product_id,pname,quality)values(6,'pen',20),(7,'pencile',10);
Query OK, 2 rows affected (0.07 sec)
Records: 2  Duplicates: 0  Warnings: 0

mysql> select * from product_info;
+------------+------------+---------+
| product_id | pname      | quality |
+------------+------------+---------+
|          1 | pathanjali |     100 |
|          2 | colgate    |      50 |
|          3 | rice       |     150 |
|          4 | paste      |      10 |
|          5 | books      |    NULL |
|          6 | pen        |      20 |
|          7 | pencile    |      10 |
+------------+------------+---------+
7 rows in set (0.00 sec)

mysql> select * from product_info;
Enter password: ****
Welcome to the MySQL monitor.  Commands end with ; or \g.
Your MySQL connection id is 8
Server version: 5.7.27-log MySQL Community Server (GPL)

Copyright (c) 2000, 2019, Oracle and/or its affiliates. All rights reserved.

Oracle is a registered trademark of Oracle Corporation and/or its
affiliates. Other names may be trademarks of their respective
owners.

Type 'help;' or '\h' for help. Type '\c' to clear the current input statement.

mysql> show tables;
ERROR 1046 (3D000): No database selected
mysql> show databases;
+--------------------+
| Database           |
+--------------------+
| information_schema |
| mysql              |
| performance_schema |
| sys                |
| ust_db             |
+--------------------+
5 rows in set (0.00 sec)

mysql> desc employe;
ERROR 1046 (3D000): No database selected
mysql> use ust_db;
Database changed
mysql> show tables;
+------------------+
| Tables_in_ust_db |
+------------------+
| employe          |
| product_info     |
+------------------+
2 rows in set (0.00 sec)

mysql> desc employe;
+-------------+--------------+------+-----+---------+-------+
| Field       | Type         | Null | Key | Default | Extra |
+-------------+--------------+------+-----+---------+-------+
| eid         | int(11)      | NO   | PRI | NULL    |       |
| name        | varchar(200) | YES  |     | NULL    |       |
| mobile_no   | int(11)      | YES  | UNI | NULL    |       |
| dob         | date         | NO   |     | NULL    |       |
| age         | int(11)      | YES  |     | NULL    |       |
| doj         | date         | YES  |     | NULL    |       |
| blood_gp    | varchar(50)  | YES  |     | NULL    |       |
| deptno      | int(11)      | YES  |     | NULL    |       |
| salary      | int(11)      | YES  |     | NULL    |       |
| email       | varchar(20)  | YES  |     | NULL    |       |
| gender      | varchar(100) | YES  |     | NULL    |       |
| designation | varchar(20)  | YES  |     | NULL    |       |
+-------------+--------------+------+-----+---------+-------+
12 rows in set (0.07 sec)

mysql> insert into employe values(1,'kavi',8296,'1998-07-21',21,'2019-12-21','a+',10,2500,'kavichandru21798@','female','softwaredevloper');
Query OK, 1 row affected (0.10 sec)

mysql> insert into employe values(2,'harsha',9296,'1995-02-11',25,'2020-02-11','b+',20,75000,'harshavardhan@','male','tester');edev
Query OK, 1 row affected (0.07 sec)

    -> insert into employe values(3,'chandru',8905,'1980-01-01',45,'2019-10-23','o+',30,50000,'chandru21@','male','techsupport');
ERROR 1064 (42000): You have an error in your SQL syntax; check the manual that corresponds to your MySQL server version for the right syntax to use near 'edev
insert into employe values(3,'chandru',8905,'1980-01-01',45,'2019-10-23','o' at line 1
mysql> insert into employe values(3,'chandru',8905,'1980-01-01',45,'2019-10-23','o+',30,50000,'chandru21@','male','techsupport');
Query OK, 1 row affected (0.05 sec)

mysql> insert into employe values(4,'chandan',1233,'1980-03-4',40,'2019-10-20','ab+',40,40000,'abc@gmail.com','male','hr');
Query OK, 1 row affected (0.08 sec)

mysql> insert into employe values(5,'pallavi',5678,'1990-03-10',50,'2019-09-28','o-',50,21000,'qsp@gmail.com','female','clerk');
Query OK, 1 row affected (0.08 sec)

mysql> insert into employe values(6,'ammu',9876,'2000-12-25',60,'2019-10-21','a+',60,30000,'jsp
    '> insert into employe values(6,'ammu',9876,'2000-12-25',60,'2019-10-21','a+',60,30000,'jsp@gmail.com','female','manager');
    '>
    '> insert into employe values(6,'ammu',9876,'2000-12-25',60,'2019-10-21','a+',60,30000,'jsp@gmail.com','female','manager');^C
mysql> insert into employe values(5,'pallavi',5678,'1990-03-10',50,'2019-09-28','o-',50,21000,'qsp@gmail.com','female','clerk');
ERROR 1062 (23000): Duplicate entry '5' for key 'PRIMARY'
mysql> insert into employe values(6,'ammu',9876,'2000-12-25',60,'2019-10-21','a+',60,30000,'jsp@gmail.com','female','manager');
Query OK, 1 row affected (0.09 sec)

mysql> insert into employe values(7,'timma',97766,'2000-01-20',23,'2019-07-21','o-',70,9300,'ammu@gmail.com','male','security');
Query OK, 1 row affected (0.09 sec)

mysql> insert into employe values(8,'manu',11926,'1994-09-09',27,'2019-10-01','b-',80,4300,'mau@gmail.com','male','network manger');
Query OK, 1 row affected (0.08 sec)

mysql> insert into employe values(9,'shekar',9926,'19949-11-09',37,'2019-01-01','b+'90,4100,'ammau@gmail.com','male','data manger');
ERROR 1064 (42000): You have an error in your SQL syntax; check the manual that corresponds to your MySQL server version for the right syntax to use near '90,4100,'ammau@gmail.com','male','data manger')' at line 1
mysql> insert into employe values(9,'shekar',9926,'19949-11-09',37,'2019-01-01','b+',90,4100,'ammau@gmail.com','male','data manger');
ERROR 1292 (22007): Incorrect date value: '19949-11-09' for column 'dob' at row 1
mysql> insert into employe values(9,'shekar',9926,'1994-11-09',37,'2019-01-01','b+',90,4100,'ammau@gmail.com','male','data manger');
Query OK, 1 row affected (0.08 sec)

mysql> insert into employe values(10,'raju',3444,'1998-12-09',23,'2019-08-09','ab-',100,5000,'raju@gmail.com','male','team head');
Query OK, 1 row affected (0.07 sec)

mysql> select *from employe;
+-----+---------+-----------+------------+------+------------+----------+--------+--------+-------------------+--------+------------------+
| eid | name    | mobile_no | dob        | age  | doj        | blood_gp | deptno | salary | email             | gender | designation      |
+-----+---------+-----------+------------+------+------------+----------+--------+--------+-------------------+--------+------------------+
|   1 | kavi    |      8296 | 1998-07-21 |   21 | 2019-12-21 | a+       |     10 |   2500 | kavichandru21798@ | female | softwaredevloper |
|   2 | harsha  |      9296 | 1995-02-11 |   25 | 2020-02-11 | b+       |     20 |  75000 | harshavardhan@    | male   | tester           |
|   3 | chandru |      8905 | 1980-01-01 |   45 | 2019-10-23 | o+       |     30 |  50000 | chandru21@        | male   | techsupport      |
|   4 | chandan |      1233 | 1980-03-04 |   40 | 2019-10-20 | ab+      |     40 |  40000 | abc@gmail.com     | male   | hr               |
|   5 | pallavi |      5678 | 1990-03-10 |   50 | 2019-09-28 | o-       |     50 |  21000 | qsp@gmail.com     | female | clerk            |
|   6 | ammu    |      9876 | 2000-12-25 |   60 | 2019-10-21 | a+       |     60 |  30000 | jsp@gmail.com     | female | manager          |
|   7 | timma   |     97766 | 2000-01-20 |   23 | 2019-07-21 | o-       |     70 |   9300 | ammu@gmail.com    | male   | security         |
|   8 | manu    |     11926 | 1994-09-09 |   27 | 2019-10-01 | b-       |     80 |   4300 | mau@gmail.com     | male   | network manger   |
|   9 | shekar  |      9926 | 1994-11-09 |   37 | 2019-01-01 | b+       |     90 |   4100 | ammau@gmail.com   | male   | data manger      |
|  10 | raju    |      3444 | 1998-12-09 |   23 | 2019-08-09 | ab-      |    100 |   5000 | raju@gmail.com    | male   | team head        |
+-----+---------+-----------+------------+------+------------+----------+--------+--------+-------------------+--------+------------------+
10 rows in set (0.00 sec)

mysql> show databases;
+--------------------+
| Database           |
+--------------------+
| information_schema |
| mysql              |
| performance_schema |
| sys                |
| ust_db             |
+--------------------+
5 rows in set (0.00 sec)

mysql> truncate table product_info;
Query OK, 0 rows affected (0.27 sec)

mysql> select * from product_info;
Empty set (0.00 sec)

mysql> show tables;
+------------------+
| Tables_in_ust_db |
+------------------+
| employe          |
| product_info     |
+------------------+



mysql> select * from emp;
+-----+---------+-----------+------------+------+------------+----------+--------+--------+-------------------+--------+----------------
| eid | name    | mobile_no | dob        | age  | doj        | blood_gp | deptno | salary | email             | gender | designation
+-----+---------+-----------+------------+------+------------+----------+--------+--------+-------------------+--------+----------------
|   1 | kavi    |      8296 | 1998-07-21 |   21 | 2019-12-21 | a+       |     10 |   2500 | kavichandru21798@ | female | softwaredevlope
|   2 | harsha  |      9296 | 1995-02-11 |   25 | 2020-02-11 | b+       |     20 |  75000 | harshavardhan@    | male   | tester
|   3 | chandru |      8905 | 1980-01-01 |   45 | 2019-10-23 | o+       |     30 |  50000 | chandru21@        | male   | techsupport
|   4 | chandan |      1233 | 1980-03-04 |   40 | 2019-10-20 | ab+      |     40 |  40000 | abc@gmail.com     | male   | hr
|   5 | pallavi |      5678 | 1990-03-10 |   50 | 2019-09-28 | o-       |     50 |  21000 | qsp@gmail.com     | female | clerk
|   6 | ammu    |      9876 | 2000-12-25 |   60 | 2019-10-21 | a+       |     60 |  30000 | jsp@gmail.com     | female | manager
|   7 | timma   |     97766 | 2000-01-20 |   23 | 2019-07-21 | o-       |     70 |   9300 | ammu@gmail.com    | male   | security
|   8 | manu    |     11926 | 1994-09-09 |   27 | 2019-10-01 | b-       |     80 |   4300 | mau@gmail.com     | male   | network manger
|   9 | shekar  |      9926 | 1994-11-09 |   37 | 2019-01-01 | b+       |     90 |   4100 | ammau@gmail.com   | male   | data manger
|  10 | raju    |      3444 | 1998-12-09 |   23 | 2019-08-09 | ab-      |    100 |   5000 | raju@gmail.com    | male   | team head
+-----+---------+-----------+------------+------+------------+----------+--------+--------+-------------------+--------+----------------
10 rows in set (0.00 sec)

mysql> select * from emp where deptno in(40,50,70,80);
+-----+---------+-----------+------------+------+------------+----------+--------+--------+----------------+--------+----------------+
| eid | name    | mobile_no | dob        | age  | doj        | blood_gp | deptno | salary | email          | gender | designation    |
+-----+---------+-----------+------------+------+------------+----------+--------+--------+----------------+--------+----------------+
|   4 | chandan |      1233 | 1980-03-04 |   40 | 2019-10-20 | ab+      |     40 |  40000 | abc@gmail.com  | male   | hr             |
|   5 | pallavi |      5678 | 1990-03-10 |   50 | 2019-09-28 | o-       |     50 |  21000 | qsp@gmail.com  | female | clerk          |
|   7 | timma   |     97766 | 2000-01-20 |   23 | 2019-07-21 | o-       |     70 |   9300 | ammu@gmail.com | male   | security       |
|   8 | manu    |     11926 | 1994-09-09 |   27 | 2019-10-01 | b-       |     80 |   4300 | mau@gmail.com  | male   | network manger |
+-----+---------+-----------+------------+------+------------+----------+--------+--------+----------------+--------+----------------+
4 rows in set (0.00 sec)

mysql> select * from emp where deptno in(40,50,70,80,40);
+-----+---------+-----------+------------+------+------------+----------+--------+--------+----------------+--------+----------------+
| eid | name    | mobile_no | dob        | age  | doj        | blood_gp | deptno | salary | email          | gender | designation    |
+-----+---------+-----------+------------+------+------------+----------+--------+--------+----------------+--------+----------------+
|   4 | chandan |      1233 | 1980-03-04 |   40 | 2019-10-20 | ab+      |     40 |  40000 | abc@gmail.com  | male   | hr             |
|   5 | pallavi |      5678 | 1990-03-10 |   50 | 2019-09-28 | o-       |     50 |  21000 | qsp@gmail.com  | female | clerk          |
|   7 | timma   |     97766 | 2000-01-20 |   23 | 2019-07-21 | o-       |     70 |   9300 | ammu@gmail.com | male   | security       |
|   8 | manu    |     11926 | 1994-09-09 |   27 | 2019-10-01 | b-       |     80 |   4300 | mau@gmail.com  | male   | network manger |
+-----+---------+-----------+------------+------+------------+----------+--------+--------+----------------+--------+----------------+
4 rows in set (0.00 sec)

mysql> select name from emp where deignation in('tester','hr','admin');
ERROR 1054 (42S22): Unknown column 'deignation' in 'where clause'
mysql> select name from emp where designation in('tester','hr','admin');
+---------+
| name    |
+---------+
| harsha  |
| chandan |
+---------+
2 rows in set (0.02 sec)

mysql> select * from emp where designation in('tester','admin','softwaredevloper') and deptno in (20,30) and salary>40000;
+-----+--------+-----------+------------+------+------------+----------+--------+--------+----------------+--------+-------------+
| eid | name   | mobile_no | dob        | age  | doj        | blood_gp | deptno | salary | email          | gender | designation |
+-----+--------+-----------+------------+------+------------+----------+--------+--------+----------------+--------+-------------+
|   2 | harsha |      9296 | 1995-02-11 |   25 | 2020-02-11 | b+       |     20 |  75000 | harshavardhan@ | male   | tester      |
+-----+--------+-----------+------------+------+------------+----------+--------+--------+----------------+--------+-------------+
1 row in set (0.00 sec)
2 rows in set (0.00 sec)

mysql> desc product_info;
+------------+-------------+------+-----+---------+-------+
| Field      | Type        | Null | Key | Default | Extra |
+------------+-------------+------+-----+---------+-------+
| product_id | int(11)     | YES  |     | NULL    |       |
| pname      | varchar(20) | YES  |     | NULL    |       |
| quality    | int(11)     | YES  |     | NULL    |       |
+------------+-------------+------+-----+---------+-------+
3 rows in set (0.00 sec)

mysql> select *from product_info;
Empty set (0.00 sec)

mysql> select *from employe;
+-----+---------+-----------+------------+------+------------+----------+--------+--------+-------------------+--------+------------------+
| eid | name    | mobile_no | dob        | age  | doj        | blood_gp | deptno | salary | email             | gender | designation      |
+-----+---------+-----------+------------+------+------------+----------+--------+--------+-------------------+--------+------------------+
|   1 | kavi    |      8296 | 1998-07-21 |   21 | 2019-12-21 | a+       |     10 |   2500 | kavichandru21798@ | female | softwaredevloper |
|   2 | harsha  |      9296 | 1995-02-11 |   25 | 2020-02-11 | b+       |     20 |  75000 | harshavardhan@    | male   | tester           |
|   3 | chandru |      8905 | 1980-01-01 |   45 | 2019-10-23 | o+       |     30 |  50000 | chandru21@        | male   | techsupport      |
|   4 | chandan |      1233 | 1980-03-04 |   40 | 2019-10-20 | ab+      |     40 |  40000 | abc@gmail.com     | male   | hr               |
|   5 | pallavi |      5678 | 1990-03-10 |   50 | 2019-09-28 | o-       |     50 |  21000 | qsp@gmail.com     | female | clerk            |
|   6 | ammu    |      9876 | 2000-12-25 |   60 | 2019-10-21 | a+       |     60 |  30000 | jsp@gmail.com     | female | manager          |
|   7 | timma   |     97766 | 2000-01-20 |   23 | 2019-07-21 | o-       |     70 |   9300 | ammu@gmail.com    | male   | security         |
|   8 | manu    |     11926 | 1994-09-09 |   27 | 2019-10-01 | b-       |     80 |   4300 | mau@gmail.com     | male   | network manger   |
|   9 | shekar  |      9926 | 1994-11-09 |   37 | 2019-01-01 | b+       |     90 |   4100 | ammau@gmail.com   | male   | data manger      |
|  10 | raju    |      3444 | 1998-12-09 |   23 | 2019-08-09 | ab-      |    100 |   5000 | raju@gmail.com    | male   | team head        |
+-----+---------+-----------+------------+------+------------+----------+--------+--------+-------------------+--------+------------------+
10 rows in set (0.00 sec)

mysql> select distinct deptno from employe;
+--------+
| deptno |
+--------+
|     10 |
|     20 |
|     30 |
|     40 |
|     50 |
|     60 |
|     70 |
|     80 |
|     90 |
|    100 |
+--------+
10 rows in set (0.07 sec)

mysql> select distinct deptno,blood_gp from employe;
 delete from employe where deptn=70;
ERROR 1054 (42S22): Unknown column 'deptn' in 'where clause'
mysql> delete from employe where deptno=70;
Query OK, 1 row affected (0.08 sec)

mysql> select *from employe;
+-----+---------+-----------+------------+------+------------+----------+--------+--------+-------------------+--------+------------------+
| eid | name    | mobile_no | dob        | age  | doj        | blood_gp | deptno | salary | email             | gender | designation      |
+-----+---------+-----------+------------+------+------------+----------+--------+--------+-------------------+--------+------------------+
|   1 | kavi    |      8296 | 1998-07-21 |   21 | 2019-12-21 | a+       |     10 |   2500 | kavichandru21798@ | female | softwaredevloper |
|   2 | harsha  |      9296 | 1995-02-11 |   25 | 2020-02-11 | b+       |     20 |  75000 | harshavardhan@    | male   | tester           |
|   3 | chandru |      8905 | 1980-01-01 |   45 | 2019-10-23 | o+       |     30 |  50000 | chandru21@        | male   | techsupport      |
|   4 | chandan |      1233 | 1980-03-04 |   40 | 2019-10-20 | ab+      |     40 |  40000 | abc@gmail.com     | male   | hr               |
|   5 | pallavi |      5678 | 1990-03-10 |   50 | 2019-09-28 | o-       |     50 |  21000 | qsp@gmail.com     | female | clerk            |
|   6 | ammu    |      9876 | 2000-12-25 |   60 | 2019-10-21 | a+       |     60 |  30000 | jsp@gmail.com     | female | manager          |
|   8 | manu    |     11926 | 1994-09-09 |   27 | 2019-10-01 | b-       |     80 |   4300 | mau@gmail.com     | male   | network manger   |
|   9 | shekar  |      9926 | 1994-11-09 |   37 | 2019-01-01 | b+       |     20 |   4100 | ammau@gmail.com   | male   | data manger      |
|  10 | raju    |    432223 | 1998-12-09 |   23 | 2019-08-09 | ab-      |     10 |   5000 | raju@gmail.com    | male   | team head        |
+-----+---------+-----------+------------+------+------------+----------+--------+--------+-------------------+--------+------------------+
9 rows in set (0.00 sec)

mysql> select *from employee where eid=1;
ERROR 1146 (42S02): Table 'ust_db.employee' doesn't exist
mysql> select * from employee where eid=1;
ERROR 1146 (42S02): Table 'ust_db.employee' doesn't exist
mysql> select *from employe where eid=1;
+-----+------+-----------+------------+------+------------+----------+--------+--------+-------------------+--------+------------------+
| eid | name | mobile_no | dob        | age  | doj        | blood_gp | deptno | salary | email             | gender | designation      |
+-----+------+-----------+------------+------+------------+----------+--------+--------+-------------------+--------+------------------+
|   1 | kavi |      8296 | 1998-07-21 |   21 | 2019-12-21 | a+       |     10 |   2500 | kavichandru21798@ | female | softwaredevloper |
+-----+------+-----------+------------+------+------------+----------+--------+--------+-------------------+--------+------------------+
1 row in set (0.04 sec)

mysql>


mysql> select salary+5000 from employe;
+-------------+
| salary+5000 |
+-------------+
|        7500 |
|       80000 |
|       55000 |
|       45000 |
|       26000 |
|       35000 |
|        9300 |
|        9100 |
|       10000 |
+-------------+
9 rows in set (0.06 sec)

mysql> select salary-5000 from employe;
+-------------+
| salary-5000 |
+-------------+
|       -2500 |
|       70000 |
|       45000 |
|       35000 |
|       16000 |
|       25000 |
|        -700 |
|        -900 |
|           0 |
+-------------+
9 rows in set (0.05 sec)

mysql> select salary+5000 sal from employe;
+-------+
| sal   |
+-------+
|  7500 |
| 80000 |
| 55000 |
| 45000 |
| 26000 |
| 35000 |
|  9300 |
|  9100 |
| 10000 |
+-------+
9 rows in set (0.00 sec)

mysql> select salary-5000 sal from employe;
+-------+
| sal   |
+-------+
| -2500 |
| 70000 |
| 45000 |
| 35000 |
| 16000 |
| 25000 |
|  -700 |
|  -900 |
|     0 |
+-------+
9 rows in set (0.00 sec)

mysql> select salary-5000 decsal from employe;
+--------+
| decsal |
+--------+
|  -2500 |
|  70000 |
|  45000 |
|  35000 |
|  16000 |
|  25000 |
|   -700 |
|   -900 |
|      0 |
+--------+
9 rows in set (0.00 sec)

mysql>

mysql> select salary-5000 decsal from employe;
+--------+
| decsal |
+--------+
|  -2500 |
|  70000 |
|  45000 |
|  35000 |
|  16000 |
|  25000 |
|   -700 |
|   -900 |
|      0 |
+--------+
9 rows in set (0.00 sec)

mysql> select salary*12 from employe;
+-----------+
| salary*12 |
+-----------+
|     30000 |
|    900000 |
|    600000 |
|    480000 |
|    252000 |
|    360000 |
|     51600 |
|     49200 |
|     60000 |
+-----------+
9 rows in set (0.00 sec)

mysql> select salary*12 annual from employe;
+--------+
| annual |
+--------+
|  30000 |
| 900000 |
| 600000 |
| 480000 |
| 252000 |
| 360000 |
|  51600 |
|  49200 |
|  60000 |
+--------+
9 rows in set (0.00 sec)

mysql> select salary*12 annualsal from employe;
+-----------+
| annualsal |
+-----------+
|     30000 |
|    900000 |
|    600000 |
|    480000 |
|    252000 |
|    360000 |
|     51600 |
|     49200 |
|     60000 |
+-----------+
9 rows in set (0.00 sec)

mysql> select salary/30 perday_sal from employe;
+------------+
| perday_sal |
+------------+
|    83.3333 |
|  2500.0000 |
|  1666.6667 |
|  1333.3333 |
|   700.0000 |
|  1000.0000 |
|   143.3333 |
|   136.6667 |
|   166.6667 |
+------------+
9 rows in set (0.00 sec)

> select * from employe where designation='softwaredevloper';
+-----+------+-----------+------------+------+------------+----------+--------+--------+-------------------+--------+------------------+
| eid | name | mobile_no | dob        | age  | doj        | blood_gp | deptno | salary | email             | gender | designation      |
+-----+------+-----------+------------+------+------------+----------+--------+--------+-------------------+--------+------------------+
|   1 | kavi |      8296 | 1998-07-21 |   21 | 2019-12-21 | a+       |     10 |   2500 | kavichandru21798@ | female | softwaredevloper |
+-----+------+-----------+------------+------+------------+----------+--------+--------+-------------------+--------+------------------+
1 row in set (0.00 sec)

//except dept no 20 
 select * from employe where deptno<>20;
+-----+---------+-----------+------------+------+------------+----------+--------+--------+-------------------+--------+------------------+
| eid | name    | mobile_no | dob        | age  | doj        | blood_gp | deptno | salary | email             | gender | designation      |
+-----+---------+-----------+------------+------+------------+----------+--------+--------+-------------------+--------+------------------+
|   1 | kavi    |      8296 | 1998-07-21 |   21 | 2019-12-21 | a+       |     10 |   2500 | kavichandru21798@ | female | softwaredevloper |
|   3 | chandru |      8905 | 1980-01-01 |   45 | 2019-10-23 | o+       |     30 |  50000 | chandru21@        | male   | techsupport      |
|   4 | chandan |      1233 | 1980-03-04 |   40 | 2019-10-20 | ab+      |     40 |  40000 | abc@gmail.com     | male   | hr               |
|   5 | pallavi |      5678 | 1990-03-10 |   50 | 2019-09-28 | o-       |     50 |  21000 | qsp@gmail.com     | female | clerk            |
|   6 | ammu    |      9876 | 2000-12-25 |   60 | 2019-10-21 | a+       |     60 |  30000 | jsp@gmail.com     | female | manager          |
|   8 | manu    |     11926 | 1994-09-09 |   27 | 2019-10-01 | b-       |     80 |   4300 | mau@gmail.com     | male   | network manger   |
|  10 | raju    |    432223 | 1998-12-09 |   23 | 2019-08-09 | ab-      |     10 |   5000 | raju@gmail.com    | male   | team head        |
+-----+---------+-----


///write a query whos sal greater than 50000;


 select * from employe where salary>50000;
+-----+--------+-----------+------------+------+------------+----------+--------+--------+----------------+--------+-------------+
| eid | name   | mobile_no | dob        | age  | doj        | blood_gp | deptno | salary | email          | gender | designation |
+-----+--------+-----------+------------+------+------------+----------+--------+--------+----------------+--------+-------------+
|   2 | harsha |      9296 | 1995-02-11 |   25 | 2020-02-11 | b+       |     20 |  75000 | harshavardhan@ | male   | tester      |
+-----+--------+-------

///write a query to diplay age of employee where age is less than 30
 select * from employe where age<30;
+-----+--------+-----------+------------+------+------------+----------+--------+--------+-------------------+--------+------------------+
| eid | name   | mobile_no | dob        | age  | doj        | blood_gp | deptno | salary | email             | gender | designation      |
+-----+--------+-----------+------------+------+------------+----------+--------+--------+-------------------+--------+------------------+
|   1 | kavi   |      8296 | 1998-07-21 |   21 | 2019-12-21 | a+       |     10 |   2500 | kavichandru21798@ | female | softwaredevloper |
|   2 | harsha |      9296 | 1995-02-11 |   25 | 2020-02-11 | b+       |     20 |  75000 | harshavardhan@    | male   | tester           |
|   8 | manu   |     11926 | 1994-09-09 |   27 | 2019-10-01 | b-       |     80 |   4300 | mau@gmail.com     | male   | network manger   |
|  10 | raju   |    432223 | 1998-12-09 |   23 | 2019-08-09 | ab-      |     10 |   5000 | raju@gmail.com    | male   | team head        |
+-----+--------+-------

///write a query to display name salary email id mob whos age is 28 or equal to it
mysql> select name,salary,mobile_no,email from employe where age<=28;
+--------+--------+-----------+-------------------+
| name   | salary | mobile_no | email             |
+--------+--------+-----------+-------------------+
| kavi   |   2500 |      8296 | kavichandru21798@ |
| harsha |  75000 |      9296 | harshavardhan@    |
| manu   |   4300 |     11926 | mau@gmail.com     |
| raju   |   5000 |    432223 | raju@gmail.com    |





/// write a query of employee whos age is less than or equal to 400000
+--------+--------+-----------+-------------------+









+--------+----------+
| deptno | blood_gp |
+--------+----------+
|     10 | a+       |
|     20 | b+       |
|     30 | o+       |
|     40 | ab+      |
|     50 | o-       |
|     60 | a+       |
|     70 | o-       |
|     80 | b-       |
|     90 | b+       |
|    100 | ab-      |
+--------+----------+
10 rows in set (0.03 sec)

mysql> select distinct deptno,blood_gp,designation from employe;
+--------+----------+------------------+
| deptno | blood_gp | designation      |
+--------+----------+------------------+
|     10 | a+       | softwaredevloper |
|     20 | b+       | tester           |
|     30 | o+       | techsupport      |
|     40 | ab+      | hr               |
|     50 | o-       | clerk            |
|     60 | a+       | manager          |
|     70 | o-       | security         |
|     80 | b-       | network manger   |
|     90 | b+       | data manger      |
|    100 | ab-      | team head        |
+--------+----------+------------------+
10 rows in set (0.00 sec)

mysql>

//alias 
ql> select blood_gp  blodgp from employe;
+--------+
| blodgp |
+--------+
| a+     |
| b+     |
| o+     |
| ab+    |
| o-     |
| a+     |
| o-     |
| b-     |
| b+     |
| ab-    |
+--------+
10 rows in set (0.00 sec)

mysql>
 select blood_gp as bloodgp from employe;
+---------+
| bloodgp |
+---------+
| a+      |
| b+      |
| o+      |
| ab+     |
| o-      |
| a+      |
| o-      |
| b-      |
| b+      |
| ab-     |



mysql> select *from employe;
+-----+---------+-----------+------------+------+------------+----------+--------+--------+-------------------+--------+------------------+
| eid | name    | mobile_no | dob        | age  | doj        | blood_gp | deptno | salary | email             | gender | designation      |
+-----+---------+-----------+------------+------+------------+----------+--------+--------+-------------------+--------+------------------+
|   1 | kavi    |      8296 | 1998-07-21 |   21 | 2019-12-21 | a+       |     10 |   2500 | kavichandru21798@ | female | softwaredevloper |
|   2 | harsha  |      9296 | 1995-02-11 |   25 | 2020-02-11 | b+       |     20 |  75000 | harshavardhan@    | male   | tester           |
|   3 | chandru |      8905 | 1980-01-01 |   45 | 2019-10-23 | o+       |     30 |  50000 | chandru21@        | male   | techsupport      |
|   4 | chandan |      1233 | 1980-03-04 |   40 | 2019-10-20 | ab+      |     40 |  40000 | abc@gmail.com     | male   | hr               |
|   5 | pallavi |      5678 | 1990-03-10 |   50 | 2019-09-28 | o-       |     50 |  21000 | qsp@gmail.com     | female | clerk            |
|   6 | ammu    |      9876 | 2000-12-25 |   60 | 2019-10-21 | a+       |     60 |  30000 | jsp@gmail.com     | female | manager          |
|   7 | timma   |     97766 | 2000-01-20 |   23 | 2019-07-21 | o-       |     70 |   9300 | ammu@gmail.com    | male   | security         |
|   8 | manu    |     11926 | 1994-09-09 |   27 | 2019-10-01 | b-       |     80 |   4300 | mau@gmail.com     | male   | network manger   |
|   9 | shekar  |      9926 | 1994-11-09 |   37 | 2019-01-01 | b+       |     90 |   4100 | ammau@gmail.com   | male   | data manger      |
|  10 | raju    |      3444 | 1998-12-09 |   23 | 2019-08-09 | ab-      |    100 |   5000 | raju@gmail.com    | male   | team head        |
+-----+---------+-----------+------------+------+------------+----------+--------+--------+-------------------+--------+------------------+
10 rows in set (0.00 sec)

mysql> select blood_gp  blodgp from employe;
+--------+
| blodgp |
+--------+
| a+     |
| b+     |
| o+     |
| ab+    |
| o-     |
| a+     |
| o-     |
| b-     |
| b+     |
| ab-    |
+--------+
10 rows in set (0.00 sec)

mysql>
mysql> select *from employe;
+-----+---------+-----------+------------+------+------------+----------+--------+--------+-------------------+--------+------------------+
| eid | name    | mobile_no | dob        | age  | doj        | blood_gp | deptno | salary | email             | gender | designation      |
+-----+---------+-----------+------------+------+------------+----------+--------+--------+-------------------+--------+------------------+
|   1 | kavi    |      8296 | 1998-07-21 |   21 | 2019-12-21 | a+       |     10 |   2500 | kavichandru21798@ | female | softwaredevloper |
|   2 | harsha  |      9296 | 1995-02-11 |   25 | 2020-02-11 | b+       |     20 |  75000 | harshavardhan@    | male   | tester           |
|   3 | chandru |      8905 | 1980-01-01 |   45 | 2019-10-23 | o+       |     30 |  50000 | chandru21@        | male   | techsupport      |
|   4 | chandan |      1233 | 1980-03-04 |   40 | 2019-10-20 | ab+      |     40 |  40000 | abc@gmail.com     | male   | hr               |
|   5 | pallavi |      5678 | 1990-03-10 |   50 | 2019-09-28 | o-       |     50 |  21000 | qsp@gmail.com     | female | clerk            |
|   6 | ammu    |      9876 | 2000-12-25 |   60 | 2019-10-21 | a+       |     60 |  30000 | jsp@gmail.com     | female | manager          |
|   7 | timma   |     97766 | 2000-01-20 |   23 | 2019-07-21 | o-       |     70 |   9300 | ammu@gmail.com    | male   | security         |
|   8 | manu    |     11926 | 1994-09-09 |   27 | 2019-10-01 | b-       |     80 |   4300 | mau@gmail.com     | male   | network manger   |
|   9 | shekar  |      9926 | 1994-11-09 |   37 | 2019-01-01 | b+       |     90 |   4100 | ammau@gmail.com   | male   | data manger      |
|  10 | raju    |      3444 | 1998-12-09 |   23 | 2019-08-09 | ab-      |    100 |   5000 | raju@gmail.com    | male   | team head        |
+-----+---------+-----------+------------+------+------------+----------+--------+--------+-------------------+--------+------------------+
10 rows in set (0.00 sec)

mysql> update employe set mobile_no=432223 where eid=10;
Query OK, 1 row affected (0.17 sec)
Rows matched: 1  Changed: 1  Warnings: 0

mysql> select *from employe;
+-----+---------+-----------+------------+------+------------+----------+--------+--------+-------------------+--------+------------------+
| eid | name    | mobile_no | dob        | age  | doj        | blood_gp | deptno | salary | email             | gender | designation      |
+-----+---------+-----------+------------+------+------------+----------+--------+--------+-------------------+--------+------------------+
|   1 | kavi    |      8296 | 1998-07-21 |   21 | 2019-12-21 | a+       |     10 |   2500 | kavichandru21798@ | female | softwaredevloper |
|   2 | harsha  |      9296 | 1995-02-11 |   25 | 2020-02-11 | b+       |     20 |  75000 | harshavardhan@    | male   | tester           |
|   3 | chandru |      8905 | 1980-01-01 |   45 | 2019-10-23 | o+       |     30 |  50000 | chandru21@        | male   | techsupport      |
|   4 | chandan |      1233 | 1980-03-04 |   40 | 2019-10-20 | ab+      |     40 |  40000 | abc@gmail.com     | male   | hr               |
|   5 | pallavi |      5678 | 1990-03-10 |   50 | 2019-09-28 | o-       |     50 |  21000 | qsp@gmail.com     | female | clerk            |
|   6 | ammu    |      9876 | 2000-12-25 |   60 | 2019-10-21 | a+       |     60 |  30000 | jsp@gmail.com     | female | manager          |
|   7 | timma   |     97766 | 2000-01-20 |   23 | 2019-07-21 | o-       |     70 |   9300 | ammu@gmail.com    | male   | security         |
|   8 | manu    |     11926 | 1994-09-09 |   27 | 2019-10-01 | b-       |     80 |   4300 | mau@gmail.com     | male   | network manger   |
|   9 | shekar  |      9926 | 1994-11-09 |   37 | 2019-01-01 | b+       |     90 |   4100 | ammau@gmail.com   | male   | data manger      |
|  10 | raju    |    432223 | 1998-12-09 |   23 | 2019-08-09 | ab-      |    100 |   5000 | raju@gmail.com    | male   | team head        |
+-----+---------+-----------+------------+------+------------+----------+--------+--------+-------------------+--------+------------------+
10 rows in set (0.00 sec)

mysql> update employe set deptno=10 where eid=10;
Query OK, 1 row affected (0.09 sec)
Rows matched: 1  Changed: 1  Warnings: 0

mysql> select *from employe;
+-----+---------+-----------+------------+------+------------+----------+--------+--------+-------------------+--------+------------------+
| eid | name    | mobile_no | dob        | age  | doj        | blood_gp | deptno | salary | email             | gender | designation      |
+-----+---------+-----------+------------+------+------------+----------+--------+--------+-------------------+--------+------------------+
|   1 | kavi    |      8296 | 1998-07-21 |   21 | 2019-12-21 | a+       |     10 |   2500 | kavichandru21798@ | female | softwaredevloper |
|   2 | harsha  |      9296 | 1995-02-11 |   25 | 2020-02-11 | b+       |     20 |  75000 | harshavardhan@    | male   | tester           |
|   3 | chandru |      8905 | 1980-01-01 |   45 | 2019-10-23 | o+       |     30 |  50000 | chandru21@        | male   | techsupport      |
|   4 | chandan |      1233 | 1980-03-04 |   40 | 2019-10-20 | ab+      |     40 |  40000 | abc@gmail.com     | male   | hr               |
|   5 | pallavi |      5678 | 1990-03-10 |   50 | 2019-09-28 | o-       |     50 |  21000 | qsp@gmail.com     | female | clerk            |
|   6 | ammu    |      9876 | 2000-12-25 |   60 | 2019-10-21 | a+       |     60 |  30000 | jsp@gmail.com     | female | manager          |
|   7 | timma   |     97766 | 2000-01-20 |   23 | 2019-07-21 | o-       |     70 |   9300 | ammu@gmail.com    | male   | security         |
|   8 | manu    |     11926 | 1994-09-09 |   27 | 2019-10-01 | b-       |     80 |   4300 | mau@gmail.com     | male   | network manger   |
|   9 | shekar  |      9926 | 1994-11-09 |   37 | 2019-01-01 | b+       |     90 |   4100 | ammau@gmail.com   | male   | data manger      |
|  10 | raju    |    432223 | 1998-12-09 |   23 | 2019-08-09 | ab-      |     10 |   5000 | raju@gmail.com    | male   | team head        |
+-----+---------+-----------+------------+------+------------+----------+--------+--------+-------------------+--------+------------------+
10 rows in set (0.00 sec)

mysql> update employe set deptno=20 where eid=9;
Query OK, 1 row affected (0.06 sec)
Rows matched: 1  Changed: 1  Warnings: 0

mysql> select *from employe;
+-----+---------+-----------+------------+------+------------+----------+--------+--------+-------------------+--------+------------------+
| eid | name    | mobile_no | dob        | age  | doj        | blood_gp | deptno | salary | email             | gender | designation      |
+-----+---------+-----------+------------+------+------------+----------+--------+--------+-------------------+--------+------------------+
|   1 | kavi    |      8296 | 1998-07-21 |   21 | 2019-12-21 | a+       |     10 |   2500 | kavichandru21798@ | female | softwaredevloper |
|   2 | harsha  |      9296 | 1995-02-11 |   25 | 2020-02-11 | b+       |     20 |  75000 | harshavardhan@    | male   | tester           |
|   3 | chandru |      8905 | 1980-01-01 |   45 | 2019-10-23 | o+       |     30 |  50000 | chandru21@        | male   | techsupport      |
|   4 | chandan |      1233 | 1980-03-04 |   40 | 2019-10-20 | ab+      |     40 |  40000 | abc@gmail.com     | male   | hr               |
|   5 | pallavi |      5678 | 1990-03-10 |   50 | 2019-09-28 | o-       |     50 |  21000 | qsp@gmail.com     | female | clerk            |
|   6 | ammu    |      9876 | 2000-12-25 |   60 | 2019-10-21 | a+       |     60 |  30000 | jsp@gmail.com     | female | manager          |
|   7 | timma   |     97766 | 2000-01-20 |   23 | 2019-07-21 | o-       |     70 |   9300 | ammu@gmail.com    | male   | security         |
|   8 | manu    |     11926 | 1994-09-09 |   27 | 2019-10-01 | b-       |     80 |   4300 | mau@gmail.com     | male   | network manger   |
|   9 | shekar  |      9926 | 1994-11-09 |   37 | 2019-01-01 | b+       |     20 |   4100 | ammau@gmail.com   | male   | data manger      |
|  10 | raju    |    432223 | 1998-12-09 |   23 | 2019-08-09 | ab-      |     10 |   5000 | raju@gmail.com    | male   | team head        |
+-----+---------+-----------+------------+------+------------+----------+--------+--------+-------------------+--------+------------------+
10 rows in set (0.00 sec)

mysql> delete from employe where deptn=70;
ERROR 1054 (42S22): Unknown column 'deptn' in 'where clause'
mysql> delete from employe where deptno=70;
Query OK, 1 row affected (0.08 sec)

mysql> select *from employe;
+-----+---------+-----------+------------+------+------------+----------+--------+--------+-------------------+--------+------------------+
| eid | name    | mobile_no | dob        | age  | doj        | blood_gp | deptno | salary | email             | gender | designation      |
+-----+---------+-----------+------------+------+------------+----------+--------+--------+-------------------+--------+------------------+
|   1 | kavi    |      8296 | 1998-07-21 |   21 | 2019-12-21 | a+       |     10 |   2500 | kavichandru21798@ | female | softwaredevloper |
|   2 | harsha  |      9296 | 1995-02-11 |   25 | 2020-02-11 | b+       |     20 |  75000 | harshavardhan@    | male   | tester           |
|   3 | chandru |      8905 | 1980-01-01 |   45 | 2019-10-23 | o+       |     30 |  50000 | chandru21@        | male   | techsupport      |
|   4 | chandan |      1233 | 1980-03-04 |   40 | 2019-10-20 | ab+      |     40 |  40000 | abc@gmail.com     | male   | hr               |
|   5 | pallavi |      5678 | 1990-03-10 |   50 | 2019-09-28 | o-       |     50 |  21000 | qsp@gmail.com     | female | clerk            |
|   6 | ammu    |      9876 | 2000-12-25 |   60 | 2019-10-21 | a+       |     60 |  30000 | jsp@gmail.com     | female | manager          |
|   8 | manu    |     11926 | 1994-09-09 |   27 | 2019-10-01 | b-       |     80 |   4300 | mau@gmail.com     | male   | network manger   |
|   9 | shekar  |      9926 | 1994-11-09 |   37 | 2019-01-01 | b+       |     20 |   4100 | ammau@gmail.com   | male   | data manger      |
|  10 | raju    |    432223 | 1998-12-09 |   23 | 2019-08-09 | ab-      |     10 |   5000 | raju@gmail.com    | male   | team head        |
+-----+---------+-----------+------------+------+------------+----------+--------+--------+-------------------+--------+------------------+
9 rows in set (0.00 sec)

mysql>
mysql> select name,salary,mobile_no,email from employe where age>=28;
+---------+--------+-----------+-----------------+
| name    | salary | mobile_no | email           |
+---------+--------+-----------+-----------------+
| chandru |  50000 |      8905 | chandru21@      |
| chandan |  40000 |      1233 | abc@gmail.com   |
| pallavi |  21000 |      5678 | qsp@gmail.com   |
| ammu    |  30000 |      9876 | jsp@gmail.com   |
| shekar  |   4100 |      9926 | ammau@gmail.com |
+---------+--------+-----------+-----------------+
5 rows in set (0.00 sec)

mysql>

///and operator &&  or operator

Enter password: ****
Welcome to the MySQL monitor.  Commands end with ; or \g.
Your MySQL connection id is 9
Server version: 5.7.27-log MySQL Community Server (GPL)

Copyright (c) 2000, 2019, Oracle and/or its affiliates. All rights reserved.

Oracle is a registered trademark of Oracle Corporation and/or its
affiliates. Other names may be trademarks of their respective
owners.

Type 'help;' or '\h' for help. Type '\c' to clear the current input statement.

mysql> show databases;
+--------------------+
| Database           |
+--------------------+
| information_schema |
| mysql              |
| performance_schema |
| sys                |
| ust_db             |
+--------------------+
5 rows in set (0.14 sec)

mysql> use ust_db;
Database changed
mysql> show tables;
+------------------+
| Tables_in_ust_db |
+------------------+
| employe          |
| product_info     |
+------------------+
2 rows in set (0.05 sec)

mysql> desc employe;
+-------------+--------------+------+-----+---------+-------+
| Field       | Type         | Null | Key | Default | Extra |
+-------------+--------------+------+-----+---------+-------+
| eid         | int(11)      | NO   | PRI | NULL    |       |
| name        | varchar(200) | YES  |     | NULL    |       |
| mobile_no   | int(11)      | YES  | UNI | NULL    |       |
| dob         | date         | NO   |     | NULL    |       |
| age         | int(11)      | YES  |     | NULL    |       |
| doj         | date         | YES  |     | NULL    |       |
| blood_gp    | varchar(50)  | YES  |     | NULL    |       |
| deptno      | int(11)      | YES  |     | NULL    |       |
| salary      | int(11)      | YES  |     | NULL    |       |
| email       | varchar(20)  | YES  |     | NULL    |       |
| gender      | varchar(100) | YES  |     | NULL    |       |
| designation | varchar(20)  | YES  |     | NULL    |       |
+-------------+--------------+------+-----+---------+-------+
12 rows in set (0.25 sec)

mysql> select * from employe where deptno=20 and salary=25000;
Empty set (0.07 sec)

mysql> select * from employe where deptno=20 and salary=25000;
Empty set (0.00 sec)

mysql> select * from employe;
+-----+---------+-----------+------------+------+------------+----------+--------+--------+-------------------+--------+------------------+
| eid | name    | mobile_no | dob        | age  | doj        | blood_gp | deptno | salary | email             | gender | designation      |
+-----+---------+-----------+------------+------+------------+----------+--------+--------+-------------------+--------+------------------+
|   1 | kavi    |      8296 | 1998-07-21 |   21 | 2019-12-21 | a+       |     10 |   2500 | kavichandru21798@ | female | softwaredevloper |
|   2 | harsha  |      9296 | 1995-02-11 |   25 | 2020-02-11 | b+       |     20 |  75000 | harshavardhan@    | male   | tester           |
|   3 | chandru |      8905 | 1980-01-01 |   45 | 2019-10-23 | o+       |     30 |  50000 | chandru21@        | male   | techsupport      |
|   4 | chandan |      1233 | 1980-03-04 |   40 | 2019-10-20 | ab+      |     40 |  40000 | abc@gmail.com     | male   | hr               |
|   5 | pallavi |      5678 | 1990-03-10 |   50 | 2019-09-28 | o-       |     50 |  21000 | qsp@gmail.com     | female | clerk            |
|   6 | ammu    |      9876 | 2000-12-25 |   60 | 2019-10-21 | a+       |     60 |  30000 | jsp@gmail.com     | female | manager          |
|   8 | manu    |     11926 | 1994-09-09 |   27 | 2019-10-01 | b-       |     80 |   4300 | mau@gmail.com     | male   | network manger   |
|   9 | shekar  |      9926 | 1994-11-09 |   37 | 2019-01-01 | b+       |     20 |   4100 | ammau@gmail.com   | male   | data manger      |
|  10 | raju    |    432223 | 1998-12-09 |   23 | 2019-08-09 | ab-      |     10 |   5000 | raju@gmail.com    | male   | team head        |
+-----+---------+-----------+------------+------+------------+----------+--------+--------+-------------------+--------+------------------+
9 rows in set (0.00 sec)

mysql> show databases;
+--------------------+
| Database           |
+--------------------+
| information_schema |
| mysql              |
| performance_schema |
| sys                |
| ust_db             |
+--------------------+
5 rows in set (0.00 sec)

mysql> use ust_db;
Database changed
mysql> select * from employe where deptno=20 and salary>=25000;
+-----+--------+-----------+------------+------+------------+----------+--------+--------+----------------+--------+-------------+
| eid | name   | mobile_no | dob        | age  | doj        | blood_gp | deptno | salary | email          | gender | designation |
+-----+--------+-----------+------------+------+------------+----------+--------+--------+----------------+--------+-------------+
|   2 | harsha |      9296 | 1995-02-11 |   25 | 2020-02-11 | b+       |     20 |  75000 | harshavardhan@ | male   | tester      |
+-----+--------+-----------+------------+------+------------+----------+--------+--------+----------------+--------+-------------+
1 row in set (0.00 sec)

mysql> select * from employe where deptno=20 and salary>25000;
+-----+--------+-----------+------------+------+------------+----------+--------+--------+----------------+--------+-------------+
| eid | name   | mobile_no | dob        | age  | doj        | blood_gp | deptno | salary | email          | gender | designation |
+-----+--------+-----------+------------+------+------------+----------+--------+--------+----------------+--------+-------------+
|   2 | harsha |      9296 | 1995-02-11 |   25 | 2020-02-11 | b+       |     20 |  75000 | harshavardhan@ | male   | tester      |
+-----+--------+-----------+------------+------+------------+----------+--------+--------+----------------+--------+-------------+
1 row in set (0.00 sec)

mysql> select name,salary from employe where deptno=10 and deptno=20
    -> ;
Empty set (0.00 sec)

mysql> select name,salary from employe where deptno=10 and deptno=20;
Empty set (0.00 sec)

mysql> select * from employe where designation='tester' and age=25;
+-----+--------+-----------+------------+------+------------+----------+--------+--------+----------------+--------+-------------+
| eid | name   | mobile_no | dob        | age  | doj        | blood_gp | deptno | salary | email          | gender | designation |
+-----+--------+-----------+------------+------+------------+----------+--------+--------+----------------+--------+-------------+
|   2 | harsha |      9296 | 1995-02-11 |   25 | 2020-02-11 | b+       |     20 |  75000 | harshavardhan@ | male   | tester      |
+-----+--------+-----------+------------+------+------------+----------+--------+--------+----------------+--------+-------------+
1 row in set (0.00 sec)

mysql> select *  from employe where designation='tester' or salary>=40000;
+-----+---------+-----------+------------+------+------------+----------+--------+--------+----------------+--------+-------------+
| eid | name    | mobile_no | dob        | age  | doj        | blood_gp | deptno | salary | email          | gender | designation |
+-----+---------+-----------+------------+------+------------+----------+--------+--------+----------------+--------+-------------+
|   2 | harsha  |      9296 | 1995-02-11 |   25 | 2020-02-11 | b+       |     20 |  75000 | harshavardhan@ | male   | tester      |
|   3 | chandru |      8905 | 1980-01-01 |   45 | 2019-10-23 | o+       |     30 |  50000 | chandru21@     | male   | techsupport |
|   4 | chandan |      1233 | 1980-03-04 |   40 | 2019-10-20 | ab+      |     40 |  40000 | abc@gmail.com  | male   | hr          |
+-----+---------+-----------+------------+------+------------+----------+--------+--------+----------------+--------+-------------+
3 rows in set (0.00 sec)

mysql>
    -> 3 rows in set (0.00 sec)^C
mysql> select name,salary,age from employe where deptno=10 or deptno=20 or deptno=50;
+---------+--------+------+
| name    | salary | age  |
+---------+--------+------+
| kavi    |   2500 |   21 |
| harsha  |  75000 |   25 |
| pallavi |  21000 |   50 |
| shekar  |   4100 |   37 |
| raju    |   5000 |   23 |
+---------+--------+------+
5 rows in set (0.00 sec)


=======================================================================================



 show databases;
+--------------------+
| Database           |
+--------------------+
| information_schema |
| db_name            |
| mysql              |
| performance_schema |
| sys                |
+--------------------+
5 rows in set (0.04 sec)

mysql> use db_name;
Database changed
mysql> show tables;
Empty set (0.02 sec)

mysql> create table product(pid int,pname varchar(120),quantity int);
Query OK, 0 rows affected (0.47 sec)

mysql> show tables;
+-------------------+
| Tables_in_db_name |
+-------------------+
| product           |
+-------------------+
1 row in set (0.00 sec)

mysql> desc product;
+----------+--------------+------+-----+---------+-------+
| Field    | Type         | Null | Key | Default | Extra |
+----------+--------------+------+-----+---------+-------+
| pid      | int(11)      | YES  |     | NULL    |       |
| pname    | varchar(120) | YES  |     | NULL    |       |
| quantity | int(11)      | YES  |     | NULL    |       |
+----------+--------------+------+-----+---------+-------+
3 rows in set (0.04 sec)

mysql> drop database db_name;
Query OK, 1 row affected (0.45 sec)

mysql> show databases;
+--------------------+
| Database           |
+--------------------+
| information_schema |
| mysql              |
| performance_schema |
| sys                |
+--------------------+
4 rows in set (0.00 sec)

mysql> create database ust_db;
Query OK, 1 row affected (0.00 sec)

mysql> show databases;
+--------------------+
| Database           |
+--------------------+
| information_schema |
| mysql              |
| performance_schema |
| sys                |
| ust_db             |
+--------------------+
5 rows in set (0.00 sec)

mysql> show tables;
ERROR 1046 (3D000): No database selected
mysql> use ust_db;
Database changed
mysql> create table products(pid int,pname varchar(20),quality int);
Query OK, 0 rows affected (0.26 sec)

mysql> show tables;
+------------------+
| Tables_in_ust_db |
+------------------+
| products         |
+------------------+
1 row in set (0.00 sec)

mysql> desc products;
+---------+-------------+------+-----+---------+-------+
| Field   | Type        | Null | Key | Default | Extra |
+---------+-------------+------+-----+---------+-------+
| pid     | int(11)     | YES  |     | NULL    |       |
| pname   | varchar(20) | YES  |     | NULL    |       |
| quality | int(11)     | YES  |     | NULL    |       |
+---------+-------------+------+-----+---------+-------+
3 rows in set (0.00 sec)

mysql> drop products;
ERROR 1064 (42000): You have an error in your SQL syntax; check the manual that corresponds to your MySQL server version for the right syntax to use near 'products' at line 1
mysql> drop  table products;
Query OK, 0 rows affected (0.17 sec)

mysql> create table products(pid int,pname varchar(20),quality int);
Query OK, 0 rows affected (0.37 sec)

mysql> show tables;
+------------------+
| Tables_in_ust_db |
+------------------+
| products         |
+------------------+
1 row in set (0.00 sec)

mysql> desc products;
+---------+-------------+------+-----+---------+-------+
| Field   | Type        | Null | Key | Default | Extra |
+---------+-------------+------+-----+---------+-------+
| pid     | int(11)     | YES  |     | NULL    |       |
| pname   | varchar(20) | YES  |     | NULL    |       |
| quality | int(11)     | YES  |     | NULL    |       |
+---------+-------------+------+-----+---------+-------+
3 rows in set (0.00 sec)

mysql> alert table products add column price int;
ERROR 1064 (42000): You have an error in your SQL syntax; check the manual that corresponds to your MySQL server version for the right syntax to use near 'alert table products add column price int' at line 1
mysql> alter table products add column price int;
Query OK, 0 rows affected (0.60 sec)
Records: 0  Duplicates: 0  Warnings: 0

mysql> desc products;
+---------+-------------+------+-----+---------+-------+
| Field   | Type        | Null | Key | Default | Extra |
+---------+-------------+------+-----+---------+-------+
| pid     | int(11)     | YES  |     | NULL    |       |
| pname   | varchar(20) | YES  |     | NULL    |       |
| quality | int(11)     | YES  |     | NULL    |       |
| price   | int(11)     | YES  |     | NULL    |       |
+---------+-------------+------+-----+---------+-------+
4 rows in set (0.00 sec)

mysql> alter table products change column pid product_id;
ERROR 1064 (42000): You have an error in your SQL syntax; check the manual that corresponds to your MySQL server version for the right syntax to use near '' at line 1
mysql> alter table products change column pid product_id int;
Query OK, 0 rows affected (0.19 sec)
Records: 0  Duplicates: 0  Warnings: 0

mysql> desc products;
+------------+-------------+------+-----+---------+-------+
| Field      | Type        | Null | Key | Default | Extra |
+------------+-------------+------+-----+---------+-------+
| product_id | int(11)     | YES  |     | NULL    |       |
| pname      | varchar(20) | YES  |     | NULL    |       |
| quality    | int(11)     | YES  |     | NULL    |       |
| price      | int(11)     | YES  |     | NULL    |       |
+------------+-------------+------+-----+---------+-------+
4 rows in set (0.00 sec)

mysql> alter table products drop column price;
Query OK, 0 rows affected (0.50 sec)
Records: 0  Duplicates: 0  Warnings: 0

mysql> desc products;
+------------+-------------+------+-----+---------+-------+
| Field      | Type        | Null | Key | Default | Extra |
+------------+-------------+------+-----+---------+-------+
| product_id | int(11)     | YES  |     | NULL    |       |
| pname      | varchar(20) | YES  |     | NULL    |       |
| quality    | int(11)     | YES  |     | NULL    |       |
+------------+-------------+------+-----+---------+-------+
3 rows in set (0.00 sec)

mysql> rename table products to product_info;
Query OK, 0 rows affected (0.20 sec)

mysql> show databases;
+--------------------+
| Database           |
+--------------------+
| information_schema |
| mysql              |
| performance_schema |
| sys                |
| ust_db             |
+--------------------+
5 rows in set (0.00 sec)

mysql> show tables;
+------------------+
| Tables_in_ust_db |
+------------------+
| product_info     |
+------------------+
1 row in set (0.00 sec)

mysql> desc tables;
ERROR 1146 (42S02): Table 'ust_db.tables' doesn't exist
mysql> desc product_info;
+------------+-------------+------+-----+---------+-------+
| Field      | Type        | Null | Key | Default | Extra |
+------------+-------------+------+-----+---------+-------+
| product_id | int(11)     | YES  |     | NULL    |       |
| pname      | varchar(20) | YES  |     | NULL    |       |
| quality    | int(11)     | YES  |     | NULL    |       |
+------------+-------------+------+-----+---------+-------+
3 rows in set (0.00 sec)

mysql> rename database ust_db to ustglobal_db;
ERROR 1064 (42000): You have an error in your SQL syntax; check the manual that corresponds to your MySQL server version for the right syntax to use near 'database ust_db to ustglobal_db' at line 1
mysql> alter table products change column pid product_id;



mysql> insert into product_info(product_id,pname,quality)values(2,'colgate',50);
Query OK, 1 row affected (0.10 sec)

mysql> select * from product_info;
+------------+------------+---------+
| product_id | pname      | quality |
+------------+------------+---------+
|          1 | pathanjali |     100 |
|          2 | colgate    |      50 |
+------------+------------+---------+
2 rows in set (0.00 sec)

mysql> insert into product_info(product_id,pname,quality)values(3,'rice',150);
Query OK, 1 row affected (0.09 sec)

mysql> select * from product_info;
+------------+------------+---------+
| product_id | pname      | quality |
+------------+------------+---------+
|          1 | pathanjali |     100 |
|          2 | colgate    |      50 |
|          3 | rice       |     150 |
+------------+------------+---------+
3 rows in set (0.00 sec)

mysql> insert into product_info values(4,'paste',10);
Query OK, 1 row affected (0.08 sec)

mysql> select * from product_info;
+------------+------------+---------+
| product_id | pname      | quality |
+------------+------------+---------+
|          1 | pathanjali |     100 |
|          2 | colgate    |      50 |
|          3 | rice       |     150 |
|          4 | paste      |      10 |
+------------+------------+---------+
4 rows in set (0.00 sec)

mysql> insert into product_info(product_id,pname)values(5,'books');
Query OK, 1 row affected (0.07 sec)

mysql> select * from product_info;
+------------+------------+---------+
| product_id | pname      | quality |
+------------+------------+---------+
|          1 | pathanjali |     100 |
|          2 | colgate    |      50 |
|          3 | rice       |     150 |
|          4 | paste      |      10 |
|          5 | books      |    NULL |
+------------+------------+---------+
5 rows in set (0.00 sec)

mysql> insert into product_info(product_id,pname,quality)values(6,'pen',20),(7,'pencile',10);
Query OK, 2 rows affected (0.07 sec)
Records: 2  Duplicates: 0  Warnings: 0

mysql> select * from product_info;
+------------+------------+---------+
| product_id | pname      | quality |
+------------+------------+---------+
|          1 | pathanjali |     100 |
|          2 | colgate    |      50 |
|          3 | rice       |     150 |
|          4 | paste      |      10 |
|          5 | books      |    NULL |
|          6 | pen        |      20 |
|          7 | pencile    |      10 |
+------------+------------+---------+
7 rows in set (0.00 sec)

mysql> select * from product_info;
Enter password: ****
Welcome to the MySQL monitor.  Commands end with ; or \g.
Your MySQL connection id is 8
Server version: 5.7.27-log MySQL Community Server (GPL)

Copyright (c) 2000, 2019, Oracle and/or its affiliates. All rights reserved.

Oracle is a registered trademark of Oracle Corporation and/or its
affiliates. Other names may be trademarks of their respective
owners.

Type 'help;' or '\h' for help. Type '\c' to clear the current input statement.

mysql> show tables;
ERROR 1046 (3D000): No database selected
mysql> show databases;
+--------------------+
| Database           |
+--------------------+
| information_schema |
| mysql              |
| performance_schema |
| sys                |
| ust_db             |
+--------------------+
5 rows in set (0.00 sec)

mysql> desc employe;
ERROR 1046 (3D000): No database selected
mysql> use ust_db;
Database changed
mysql> show tables;
+------------------+
| Tables_in_ust_db |
+------------------+
| employe          |
| product_info     |
+------------------+
2 rows in set (0.00 sec)

mysql> desc employe;
+-------------+--------------+------+-----+---------+-------+
| Field       | Type         | Null | Key | Default | Extra |
+-------------+--------------+------+-----+---------+-------+
| eid         | int(11)      | NO   | PRI | NULL    |       |
| name        | varchar(200) | YES  |     | NULL    |       |
| mobile_no   | int(11)      | YES  | UNI | NULL    |       |
| dob         | date         | NO   |     | NULL    |       |
| age         | int(11)      | YES  |     | NULL    |       |
| doj         | date         | YES  |     | NULL    |       |
| blood_gp    | varchar(50)  | YES  |     | NULL    |       |
| deptno      | int(11)      | YES  |     | NULL    |       |
| salary      | int(11)      | YES  |     | NULL    |       |
| email       | varchar(20)  | YES  |     | NULL    |       |
| gender      | varchar(100) | YES  |     | NULL    |       |
| designation | varchar(20)  | YES  |     | NULL    |       |
+-------------+--------------+------+-----+---------+-------+
12 rows in set (0.07 sec)

mysql> insert into employe values(1,'kavi',8296,'1998-07-21',21,'2019-12-21','a+',10,2500,'kavichandru21798@','female','softwaredevloper');
Query OK, 1 row affected (0.10 sec)

mysql> insert into employe values(2,'harsha',9296,'1995-02-11',25,'2020-02-11','b+',20,75000,'harshavardhan@','male','tester');edev
Query OK, 1 row affected (0.07 sec)

    -> insert into employe values(3,'chandru',8905,'1980-01-01',45,'2019-10-23','o+',30,50000,'chandru21@','male','techsupport');
ERROR 1064 (42000): You have an error in your SQL syntax; check the manual that corresponds to your MySQL server version for the right syntax to use near 'edev
insert into employe values(3,'chandru',8905,'1980-01-01',45,'2019-10-23','o' at line 1
mysql> insert into employe values(3,'chandru',8905,'1980-01-01',45,'2019-10-23','o+',30,50000,'chandru21@','male','techsupport');
Query OK, 1 row affected (0.05 sec)

mysql> insert into employe values(4,'chandan',1233,'1980-03-4',40,'2019-10-20','ab+',40,40000,'abc@gmail.com','male','hr');
Query OK, 1 row affected (0.08 sec)

mysql> insert into employe values(5,'pallavi',5678,'1990-03-10',50,'2019-09-28','o-',50,21000,'qsp@gmail.com','female','clerk');
Query OK, 1 row affected (0.08 sec)

mysql> insert into employe values(6,'ammu',9876,'2000-12-25',60,'2019-10-21','a+',60,30000,'jsp
    '> insert into employe values(6,'ammu',9876,'2000-12-25',60,'2019-10-21','a+',60,30000,'jsp@gmail.com','female','manager');
    '>
    '> insert into employe values(6,'ammu',9876,'2000-12-25',60,'2019-10-21','a+',60,30000,'jsp@gmail.com','female','manager');^C
mysql> insert into employe values(5,'pallavi',5678,'1990-03-10',50,'2019-09-28','o-',50,21000,'qsp@gmail.com','female','clerk');
ERROR 1062 (23000): Duplicate entry '5' for key 'PRIMARY'
mysql> insert into employe values(6,'ammu',9876,'2000-12-25',60,'2019-10-21','a+',60,30000,'jsp@gmail.com','female','manager');
Query OK, 1 row affected (0.09 sec)

mysql> insert into employe values(7,'timma',97766,'2000-01-20',23,'2019-07-21','o-',70,9300,'ammu@gmail.com','male','security');
Query OK, 1 row affected (0.09 sec)

mysql> insert into employe values(8,'manu',11926,'1994-09-09',27,'2019-10-01','b-',80,4300,'mau@gmail.com','male','network manger');
Query OK, 1 row affected (0.08 sec)

mysql> insert into employe values(9,'shekar',9926,'19949-11-09',37,'2019-01-01','b+'90,4100,'ammau@gmail.com','male','data manger');
ERROR 1064 (42000): You have an error in your SQL syntax; check the manual that corresponds to your MySQL server version for the right syntax to use near '90,4100,'ammau@gmail.com','male','data manger')' at line 1
mysql> insert into employe values(9,'shekar',9926,'19949-11-09',37,'2019-01-01','b+',90,4100,'ammau@gmail.com','male','data manger');
ERROR 1292 (22007): Incorrect date value: '19949-11-09' for column 'dob' at row 1
mysql> insert into employe values(9,'shekar',9926,'1994-11-09',37,'2019-01-01','b+',90,4100,'ammau@gmail.com','male','data manger');
Query OK, 1 row affected (0.08 sec)

mysql> insert into employe values(10,'raju',3444,'1998-12-09',23,'2019-08-09','ab-',100,5000,'raju@gmail.com','male','team head');
Query OK, 1 row affected (0.07 sec)

mysql> select *from employe;
+-----+---------+-----------+------------+------+------------+----------+--------+--------+-------------------+--------+------------------+
| eid | name    | mobile_no | dob        | age  | doj        | blood_gp | deptno | salary | email             | gender | designation      |
+-----+---------+-----------+------------+------+------------+----------+--------+--------+-------------------+--------+------------------+
|   1 | kavi    |      8296 | 1998-07-21 |   21 | 2019-12-21 | a+       |     10 |   2500 | kavichandru21798@ | female | softwaredevloper |
|   2 | harsha  |      9296 | 1995-02-11 |   25 | 2020-02-11 | b+       |     20 |  75000 | harshavardhan@    | male   | tester           |
|   3 | chandru |      8905 | 1980-01-01 |   45 | 2019-10-23 | o+       |     30 |  50000 | chandru21@        | male   | techsupport      |
|   4 | chandan |      1233 | 1980-03-04 |   40 | 2019-10-20 | ab+      |     40 |  40000 | abc@gmail.com     | male   | hr               |
|   5 | pallavi |      5678 | 1990-03-10 |   50 | 2019-09-28 | o-       |     50 |  21000 | qsp@gmail.com     | female | clerk            |
|   6 | ammu    |      9876 | 2000-12-25 |   60 | 2019-10-21 | a+       |     60 |  30000 | jsp@gmail.com     | female | manager          |
|   7 | timma   |     97766 | 2000-01-20 |   23 | 2019-07-21 | o-       |     70 |   9300 | ammu@gmail.com    | male   | security         |
|   8 | manu    |     11926 | 1994-09-09 |   27 | 2019-10-01 | b-       |     80 |   4300 | mau@gmail.com     | male   | network manger   |
|   9 | shekar  |      9926 | 1994-11-09 |   37 | 2019-01-01 | b+       |     90 |   4100 | ammau@gmail.com   | male   | data manger      |
|  10 | raju    |      3444 | 1998-12-09 |   23 | 2019-08-09 | ab-      |    100 |   5000 | raju@gmail.com    | male   | team head        |
+-----+---------+-----------+------------+------+------------+----------+--------+--------+-------------------+--------+------------------+
10 rows in set (0.00 sec)

mysql> show databases;
+--------------------+
| Database           |
+--------------------+
| information_schema |
| mysql              |
| performance_schema |
| sys                |
| ust_db             |
+--------------------+
5 rows in set (0.00 sec)

mysql> truncate table product_info;
Query OK, 0 rows affected (0.27 sec)

mysql> select * from product_info;
Empty set (0.00 sec)

mysql> show tables;
+------------------+
| Tables_in_ust_db |
+------------------+
| employe          |
| product_info     |
+------------------+



mysql> select * from emp;
+-----+---------+-----------+------------+------+------------+----------+--------+--------+-------------------+--------+----------------
| eid | name    | mobile_no | dob        | age  | doj        | blood_gp | deptno | salary | email             | gender | designation
+-----+---------+-----------+------------+------+------------+----------+--------+--------+-------------------+--------+----------------
|   1 | kavi    |      8296 | 1998-07-21 |   21 | 2019-12-21 | a+       |     10 |   2500 | kavichandru21798@ | female | softwaredevlope
|   2 | harsha  |      9296 | 1995-02-11 |   25 | 2020-02-11 | b+       |     20 |  75000 | harshavardhan@    | male   | tester
|   3 | chandru |      8905 | 1980-01-01 |   45 | 2019-10-23 | o+       |     30 |  50000 | chandru21@        | male   | techsupport
|   4 | chandan |      1233 | 1980-03-04 |   40 | 2019-10-20 | ab+      |     40 |  40000 | abc@gmail.com     | male   | hr
|   5 | pallavi |      5678 | 1990-03-10 |   50 | 2019-09-28 | o-       |     50 |  21000 | qsp@gmail.com     | female | clerk
|   6 | ammu    |      9876 | 2000-12-25 |   60 | 2019-10-21 | a+       |     60 |  30000 | jsp@gmail.com     | female | manager
|   7 | timma   |     97766 | 2000-01-20 |   23 | 2019-07-21 | o-       |     70 |   9300 | ammu@gmail.com    | male   | security
|   8 | manu    |     11926 | 1994-09-09 |   27 | 2019-10-01 | b-       |     80 |   4300 | mau@gmail.com     | male   | network manger
|   9 | shekar  |      9926 | 1994-11-09 |   37 | 2019-01-01 | b+       |     90 |   4100 | ammau@gmail.com   | male   | data manger
|  10 | raju    |      3444 | 1998-12-09 |   23 | 2019-08-09 | ab-      |    100 |   5000 | raju@gmail.com    | male   | team head
+-----+---------+-----------+------------+------+------------+----------+--------+--------+-------------------+--------+----------------
10 rows in set (0.00 sec)

mysql> select * from emp where deptno in(40,50,70,80);
+-----+---------+-----------+------------+------+------------+----------+--------+--------+----------------+--------+----------------+
| eid | name    | mobile_no | dob        | age  | doj        | blood_gp | deptno | salary | email          | gender | designation    |
+-----+---------+-----------+------------+------+------------+----------+--------+--------+----------------+--------+----------------+
|   4 | chandan |      1233 | 1980-03-04 |   40 | 2019-10-20 | ab+      |     40 |  40000 | abc@gmail.com  | male   | hr             |
|   5 | pallavi |      5678 | 1990-03-10 |   50 | 2019-09-28 | o-       |     50 |  21000 | qsp@gmail.com  | female | clerk          |
|   7 | timma   |     97766 | 2000-01-20 |   23 | 2019-07-21 | o-       |     70 |   9300 | ammu@gmail.com | male   | security       |
|   8 | manu    |     11926 | 1994-09-09 |   27 | 2019-10-01 | b-       |     80 |   4300 | mau@gmail.com  | male   | network manger |
+-----+---------+-----------+------------+------+------------+----------+--------+--------+----------------+--------+----------------+
4 rows in set (0.00 sec)

mysql> select * from emp where deptno in(40,50,70,80,40);
+-----+---------+-----------+------------+------+------------+----------+--------+--------+----------------+--------+----------------+
| eid | name    | mobile_no | dob        | age  | doj        | blood_gp | deptno | salary | email          | gender | designation    |
+-----+---------+-----------+------------+------+------------+----------+--------+--------+----------------+--------+----------------+
|   4 | chandan |      1233 | 1980-03-04 |   40 | 2019-10-20 | ab+      |     40 |  40000 | abc@gmail.com  | male   | hr             |
|   5 | pallavi |      5678 | 1990-03-10 |   50 | 2019-09-28 | o-       |     50 |  21000 | qsp@gmail.com  | female | clerk          |
|   7 | timma   |     97766 | 2000-01-20 |   23 | 2019-07-21 | o-       |     70 |   9300 | ammu@gmail.com | male   | security       |
|   8 | manu    |     11926 | 1994-09-09 |   27 | 2019-10-01 | b-       |     80 |   4300 | mau@gmail.com  | male   | network manger |
+-----+---------+-----------+------------+------+------------+----------+--------+--------+----------------+--------+----------------+
4 rows in set (0.00 sec)

mysql> select name from emp where deignation in('tester','hr','admin');
ERROR 1054 (42S22): Unknown column 'deignation' in 'where clause'
mysql> select name from emp where designation in('tester','hr','admin');
+---------+
| name    |
+---------+
| harsha  |
| chandan |
+---------+
2 rows in set (0.02 sec)

mysql> select * from emp where designation in('tester','admin','softwaredevloper') and deptno in (20,30) and salary>40000;
+-----+--------+-----------+------------+------+------------+----------+--------+--------+----------------+--------+-------------+
| eid | name   | mobile_no | dob        | age  | doj        | blood_gp | deptno | salary | email          | gender | designation |
+-----+--------+-----------+------------+------+------------+----------+--------+--------+----------------+--------+-------------+
|   2 | harsha |      9296 | 1995-02-11 |   25 | 2020-02-11 | b+       |     20 |  75000 | harshavardhan@ | male   | tester      |
+-----+--------+-----------+------------+------+------------+----------+--------+--------+----------------+--------+-------------+
1 row in set (0.00 sec)
2 rows in set (0.00 sec)

mysql> desc product_info;
+------------+-------------+------+-----+---------+-------+
| Field      | Type        | Null | Key | Default | Extra |
+------------+-------------+------+-----+---------+-------+
| product_id | int(11)     | YES  |     | NULL    |       |
| pname      | varchar(20) | YES  |     | NULL    |       |
| quality    | int(11)     | YES  |     | NULL    |       |
+------------+-------------+------+-----+---------+-------+
3 rows in set (0.00 sec)

mysql> select *from product_info;
Empty set (0.00 sec)

mysql> select *from employe;
+-----+---------+-----------+------------+------+------------+----------+--------+--------+-------------------+--------+------------------+
| eid | name    | mobile_no | dob        | age  | doj        | blood_gp | deptno | salary | email             | gender | designation      |
+-----+---------+-----------+------------+------+------------+----------+--------+--------+-------------------+--------+------------------+
|   1 | kavi    |      8296 | 1998-07-21 |   21 | 2019-12-21 | a+       |     10 |   2500 | kavichandru21798@ | female | softwaredevloper |
|   2 | harsha  |      9296 | 1995-02-11 |   25 | 2020-02-11 | b+       |     20 |  75000 | harshavardhan@    | male   | tester           |
|   3 | chandru |      8905 | 1980-01-01 |   45 | 2019-10-23 | o+       |     30 |  50000 | chandru21@        | male   | techsupport      |
|   4 | chandan |      1233 | 1980-03-04 |   40 | 2019-10-20 | ab+      |     40 |  40000 | abc@gmail.com     | male   | hr               |
|   5 | pallavi |      5678 | 1990-03-10 |   50 | 2019-09-28 | o-       |     50 |  21000 | qsp@gmail.com     | female | clerk            |
|   6 | ammu    |      9876 | 2000-12-25 |   60 | 2019-10-21 | a+       |     60 |  30000 | jsp@gmail.com     | female | manager          |
|   7 | timma   |     97766 | 2000-01-20 |   23 | 2019-07-21 | o-       |     70 |   9300 | ammu@gmail.com    | male   | security         |
|   8 | manu    |     11926 | 1994-09-09 |   27 | 2019-10-01 | b-       |     80 |   4300 | mau@gmail.com     | male   | network manger   |
|   9 | shekar  |      9926 | 1994-11-09 |   37 | 2019-01-01 | b+       |     90 |   4100 | ammau@gmail.com   | male   | data manger      |
|  10 | raju    |      3444 | 1998-12-09 |   23 | 2019-08-09 | ab-      |    100 |   5000 | raju@gmail.com    | male   | team head        |
+-----+---------+-----------+------------+------+------------+----------+--------+--------+-------------------+--------+------------------+
10 rows in set (0.00 sec)

mysql> select distinct deptno from employe;
+--------+
| deptno |
+--------+
|     10 |
|     20 |
|     30 |
|     40 |
|     50 |
|     60 |
|     70 |
|     80 |
|     90 |
|    100 |
+--------+
10 rows in set (0.07 sec)

mysql> select distinct deptno,blood_gp from employe;
 delete from employe where deptn=70;
ERROR 1054 (42S22): Unknown column 'deptn' in 'where clause'
mysql> delete from employe where deptno=70;
Query OK, 1 row affected (0.08 sec)

mysql> select *from employe;
+-----+---------+-----------+------------+------+------------+----------+--------+--------+-------------------+--------+------------------+
| eid | name    | mobile_no | dob        | age  | doj        | blood_gp | deptno | salary | email             | gender | designation      |
+-----+---------+-----------+------------+------+------------+----------+--------+--------+-------------------+--------+------------------+
|   1 | kavi    |      8296 | 1998-07-21 |   21 | 2019-12-21 | a+       |     10 |   2500 | kavichandru21798@ | female | softwaredevloper |
|   2 | harsha  |      9296 | 1995-02-11 |   25 | 2020-02-11 | b+       |     20 |  75000 | harshavardhan@    | male   | tester           |
|   3 | chandru |      8905 | 1980-01-01 |   45 | 2019-10-23 | o+       |     30 |  50000 | chandru21@        | male   | techsupport      |
|   4 | chandan |      1233 | 1980-03-04 |   40 | 2019-10-20 | ab+      |     40 |  40000 | abc@gmail.com     | male   | hr               |
|   5 | pallavi |      5678 | 1990-03-10 |   50 | 2019-09-28 | o-       |     50 |  21000 | qsp@gmail.com     | female | clerk            |
|   6 | ammu    |      9876 | 2000-12-25 |   60 | 2019-10-21 | a+       |     60 |  30000 | jsp@gmail.com     | female | manager          |
|   8 | manu    |     11926 | 1994-09-09 |   27 | 2019-10-01 | b-       |     80 |   4300 | mau@gmail.com     | male   | network manger   |
|   9 | shekar  |      9926 | 1994-11-09 |   37 | 2019-01-01 | b+       |     20 |   4100 | ammau@gmail.com   | male   | data manger      |
|  10 | raju    |    432223 | 1998-12-09 |   23 | 2019-08-09 | ab-      |     10 |   5000 | raju@gmail.com    | male   | team head        |
+-----+---------+-----------+------------+------+------------+----------+--------+--------+-------------------+--------+------------------+
9 rows in set (0.00 sec)

mysql> select *from employee where eid=1;
ERROR 1146 (42S02): Table 'ust_db.employee' doesn't exist
mysql> select * from employee where eid=1;
ERROR 1146 (42S02): Table 'ust_db.employee' doesn't exist
mysql> select *from employe where eid=1;
+-----+------+-----------+------------+------+------------+----------+--------+--------+-------------------+--------+------------------+
| eid | name | mobile_no | dob        | age  | doj        | blood_gp | deptno | salary | email             | gender | designation      |
+-----+------+-----------+------------+------+------------+----------+--------+--------+-------------------+--------+------------------+
|   1 | kavi |      8296 | 1998-07-21 |   21 | 2019-12-21 | a+       |     10 |   2500 | kavichandru21798@ | female | softwaredevloper |
+-----+------+-----------+------------+------+------------+----------+--------+--------+-------------------+--------+------------------+
1 row in set (0.04 sec)

mysql>


mysql> select salary+5000 from employe;
+-------------+
| salary+5000 |
+-------------+
|        7500 |
|       80000 |
|       55000 |
|       45000 |
|       26000 |
|       35000 |
|        9300 |
|        9100 |
|       10000 |
+-------------+
9 rows in set (0.06 sec)

mysql> select salary-5000 from employe;
+-------------+
| salary-5000 |
+-------------+
|       -2500 |
|       70000 |
|       45000 |
|       35000 |
|       16000 |
|       25000 |
|        -700 |
|        -900 |
|           0 |
+-------------+
9 rows in set (0.05 sec)

mysql> select salary+5000 sal from employe;
+-------+
| sal   |
+-------+
|  7500 |
| 80000 |
| 55000 |
| 45000 |
| 26000 |
| 35000 |
|  9300 |
|  9100 |
| 10000 |
+-------+
9 rows in set (0.00 sec)

mysql> select salary-5000 sal from employe;
+-------+
| sal   |
+-------+
| -2500 |
| 70000 |
| 45000 |
| 35000 |
| 16000 |
| 25000 |
|  -700 |
|  -900 |
|     0 |
+-------+
9 rows in set (0.00 sec)

mysql> select salary-5000 decsal from employe;
+--------+
| decsal |
+--------+
|  -2500 |
|  70000 |
|  45000 |
|  35000 |
|  16000 |
|  25000 |
|   -700 |
|   -900 |
|      0 |
+--------+
9 rows in set (0.00 sec)

mysql>

mysql> select salary-5000 decsal from employe;
+--------+
| decsal |
+--------+
|  -2500 |
|  70000 |
|  45000 |
|  35000 |
|  16000 |
|  25000 |
|   -700 |
|   -900 |
|      0 |
+--------+
9 rows in set (0.00 sec)

mysql> select salary*12 from employe;
+-----------+
| salary*12 |
+-----------+
|     30000 |
|    900000 |
|    600000 |
|    480000 |
|    252000 |
|    360000 |
|     51600 |
|     49200 |
|     60000 |
+-----------+
9 rows in set (0.00 sec)

mysql> select salary*12 annual from employe;
+--------+
| annual |
+--------+
|  30000 |
| 900000 |
| 600000 |
| 480000 |
| 252000 |
| 360000 |
|  51600 |
|  49200 |
|  60000 |
+--------+
9 rows in set (0.00 sec)

mysql> select salary*12 annualsal from employe;
+-----------+
| annualsal |
+-----------+
|     30000 |
|    900000 |
|    600000 |
|    480000 |
|    252000 |
|    360000 |
|     51600 |
|     49200 |
|     60000 |
+-----------+
9 rows in set (0.00 sec)

mysql> select salary/30 perday_sal from employe;
+------------+
| perday_sal |
+------------+
|    83.3333 |
|  2500.0000 |
|  1666.6667 |
|  1333.3333 |
|   700.0000 |
|  1000.0000 |
|   143.3333 |
|   136.6667 |
|   166.6667 |
+------------+
9 rows in set (0.00 sec)

> select * from employe where designation='softwaredevloper';
+-----+------+-----------+------------+------+------------+----------+--------+--------+-------------------+--------+------------------+
| eid | name | mobile_no | dob        | age  | doj        | blood_gp | deptno | salary | email             | gender | designation      |
+-----+------+-----------+------------+------+------------+----------+--------+--------+-------------------+--------+------------------+
|   1 | kavi |      8296 | 1998-07-21 |   21 | 2019-12-21 | a+       |     10 |   2500 | kavichandru21798@ | female | softwaredevloper |
+-----+------+-----------+------------+------+------------+----------+--------+--------+-------------------+--------+------------------+
1 row in set (0.00 sec)

//except dept no 20 
 select * from employe where deptno<>20;
+-----+---------+-----------+------------+------+------------+----------+--------+--------+-------------------+--------+------------------+
| eid | name    | mobile_no | dob        | age  | doj        | blood_gp | deptno | salary | email             | gender | designation      |
+-----+---------+-----------+------------+------+------------+----------+--------+--------+-------------------+--------+------------------+
|   1 | kavi    |      8296 | 1998-07-21 |   21 | 2019-12-21 | a+       |     10 |   2500 | kavichandru21798@ | female | softwaredevloper |
|   3 | chandru |      8905 | 1980-01-01 |   45 | 2019-10-23 | o+       |     30 |  50000 | chandru21@        | male   | techsupport      |
|   4 | chandan |      1233 | 1980-03-04 |   40 | 2019-10-20 | ab+      |     40 |  40000 | abc@gmail.com     | male   | hr               |
|   5 | pallavi |      5678 | 1990-03-10 |   50 | 2019-09-28 | o-       |     50 |  21000 | qsp@gmail.com     | female | clerk            |
|   6 | ammu    |      9876 | 2000-12-25 |   60 | 2019-10-21 | a+       |     60 |  30000 | jsp@gmail.com     | female | manager          |
|   8 | manu    |     11926 | 1994-09-09 |   27 | 2019-10-01 | b-       |     80 |   4300 | mau@gmail.com     | male   | network manger   |
|  10 | raju    |    432223 | 1998-12-09 |   23 | 2019-08-09 | ab-      |     10 |   5000 | raju@gmail.com    | male   | team head        |
+-----+---------+-----


///write a query whos sal greater than 50000;


 select * from employe where salary>50000;
+-----+--------+-----------+------------+------+------------+----------+--------+--------+----------------+--------+-------------+
| eid | name   | mobile_no | dob        | age  | doj        | blood_gp | deptno | salary | email          | gender | designation |
+-----+--------+-----------+------------+------+------------+----------+--------+--------+----------------+--------+-------------+
|   2 | harsha |      9296 | 1995-02-11 |   25 | 2020-02-11 | b+       |     20 |  75000 | harshavardhan@ | male   | tester      |
+-----+--------+-------

///write a query to diplay age of employee where age is less than 30
 select * from employe where age<30;
+-----+--------+-----------+------------+------+------------+----------+--------+--------+-------------------+--------+------------------+
| eid | name   | mobile_no | dob        | age  | doj        | blood_gp | deptno | salary | email             | gender | designation      |
+-----+--------+-----------+------------+------+------------+----------+--------+--------+-------------------+--------+------------------+
|   1 | kavi   |      8296 | 1998-07-21 |   21 | 2019-12-21 | a+       |     10 |   2500 | kavichandru21798@ | female | softwaredevloper |
|   2 | harsha |      9296 | 1995-02-11 |   25 | 2020-02-11 | b+       |     20 |  75000 | harshavardhan@    | male   | tester           |
|   8 | manu   |     11926 | 1994-09-09 |   27 | 2019-10-01 | b-       |     80 |   4300 | mau@gmail.com     | male   | network manger   |
|  10 | raju   |    432223 | 1998-12-09 |   23 | 2019-08-09 | ab-      |     10 |   5000 | raju@gmail.com    | male   | team head        |
+-----+--------+-------

///write a query to display name salary email id mob whos age is 28 or equal to it
mysql> select name,salary,mobile_no,email from employe where age<=28;
+--------+--------+-----------+-------------------+
| name   | salary | mobile_no | email             |
+--------+--------+-----------+-------------------+
| kavi   |   2500 |      8296 | kavichandru21798@ |
| harsha |  75000 |      9296 | harshavardhan@    |
| manu   |   4300 |     11926 | mau@gmail.com     |
| raju   |   5000 |    432223 | raju@gmail.com    |





/// write a query of employee whos age is less than or equal to 400000
+--------+--------+-----------+-------------------+









+--------+----------+
| deptno | blood_gp |
+--------+----------+
|     10 | a+       |
|     20 | b+       |
|     30 | o+       |
|     40 | ab+      |
|     50 | o-       |
|     60 | a+       |
|     70 | o-       |
|     80 | b-       |
|     90 | b+       |
|    100 | ab-      |
+--------+----------+
10 rows in set (0.03 sec)

mysql> select distinct deptno,blood_gp,designation from employe;
+--------+----------+------------------+
| deptno | blood_gp | designation      |
+--------+----------+------------------+
|     10 | a+       | softwaredevloper |
|     20 | b+       | tester           |
|     30 | o+       | techsupport      |
|     40 | ab+      | hr               |
|     50 | o-       | clerk            |
|     60 | a+       | manager          |
|     70 | o-       | security         |
|     80 | b-       | network manger   |
|     90 | b+       | data manger      |
|    100 | ab-      | team head        |
+--------+----------+------------------+
10 rows in set (0.00 sec)

mysql>

//alias 
ql> select blood_gp  blodgp from employe;
+--------+
| blodgp |
+--------+
| a+     |
| b+     |
| o+     |
| ab+    |
| o-     |
| a+     |
| o-     |
| b-     |
| b+     |
| ab-    |
+--------+
10 rows in set (0.00 sec)

mysql>
 select blood_gp as bloodgp from employe;
+---------+
| bloodgp |
+---------+
| a+      |
| b+      |
| o+      |
| ab+     |
| o-      |
| a+      |
| o-      |
| b-      |
| b+      |
| ab-     |



mysql> select *from employe;
+-----+---------+-----------+------------+------+------------+----------+--------+--------+-------------------+--------+------------------+
| eid | name    | mobile_no | dob        | age  | doj        | blood_gp | deptno | salary | email             | gender | designation      |
+-----+---------+-----------+------------+------+------------+----------+--------+--------+-------------------+--------+------------------+
|   1 | kavi    |      8296 | 1998-07-21 |   21 | 2019-12-21 | a+       |     10 |   2500 | kavichandru21798@ | female | softwaredevloper |
|   2 | harsha  |      9296 | 1995-02-11 |   25 | 2020-02-11 | b+       |     20 |  75000 | harshavardhan@    | male   | tester           |
|   3 | chandru |      8905 | 1980-01-01 |   45 | 2019-10-23 | o+       |     30 |  50000 | chandru21@        | male   | techsupport      |
|   4 | chandan |      1233 | 1980-03-04 |   40 | 2019-10-20 | ab+      |     40 |  40000 | abc@gmail.com     | male   | hr               |
|   5 | pallavi |      5678 | 1990-03-10 |   50 | 2019-09-28 | o-       |     50 |  21000 | qsp@gmail.com     | female | clerk            |
|   6 | ammu    |      9876 | 2000-12-25 |   60 | 2019-10-21 | a+       |     60 |  30000 | jsp@gmail.com     | female | manager          |
|   7 | timma   |     97766 | 2000-01-20 |   23 | 2019-07-21 | o-       |     70 |   9300 | ammu@gmail.com    | male   | security         |
|   8 | manu    |     11926 | 1994-09-09 |   27 | 2019-10-01 | b-       |     80 |   4300 | mau@gmail.com     | male   | network manger   |
|   9 | shekar  |      9926 | 1994-11-09 |   37 | 2019-01-01 | b+       |     90 |   4100 | ammau@gmail.com   | male   | data manger      |
|  10 | raju    |      3444 | 1998-12-09 |   23 | 2019-08-09 | ab-      |    100 |   5000 | raju@gmail.com    | male   | team head        |
+-----+---------+-----------+------------+------+------------+----------+--------+--------+-------------------+--------+------------------+
10 rows in set (0.00 sec)

mysql> select blood_gp  blodgp from employe;
+--------+
| blodgp |
+--------+
| a+     |
| b+     |
| o+     |
| ab+    |
| o-     |
| a+     |
| o-     |
| b-     |
| b+     |
| ab-    |
+--------+
10 rows in set (0.00 sec)

mysql>
mysql> select *from employe;
+-----+---------+-----------+------------+------+------------+----------+--------+--------+-------------------+--------+------------------+
| eid | name    | mobile_no | dob        | age  | doj        | blood_gp | deptno | salary | email             | gender | designation      |
+-----+---------+-----------+------------+------+------------+----------+--------+--------+-------------------+--------+------------------+
|   1 | kavi    |      8296 | 1998-07-21 |   21 | 2019-12-21 | a+       |     10 |   2500 | kavichandru21798@ | female | softwaredevloper |
|   2 | harsha  |      9296 | 1995-02-11 |   25 | 2020-02-11 | b+       |     20 |  75000 | harshavardhan@    | male   | tester           |
|   3 | chandru |      8905 | 1980-01-01 |   45 | 2019-10-23 | o+       |     30 |  50000 | chandru21@        | male   | techsupport      |
|   4 | chandan |      1233 | 1980-03-04 |   40 | 2019-10-20 | ab+      |     40 |  40000 | abc@gmail.com     | male   | hr               |
|   5 | pallavi |      5678 | 1990-03-10 |   50 | 2019-09-28 | o-       |     50 |  21000 | qsp@gmail.com     | female | clerk            |
|   6 | ammu    |      9876 | 2000-12-25 |   60 | 2019-10-21 | a+       |     60 |  30000 | jsp@gmail.com     | female | manager          |
|   7 | timma   |     97766 | 2000-01-20 |   23 | 2019-07-21 | o-       |     70 |   9300 | ammu@gmail.com    | male   | security         |
|   8 | manu    |     11926 | 1994-09-09 |   27 | 2019-10-01 | b-       |     80 |   4300 | mau@gmail.com     | male   | network manger   |
|   9 | shekar  |      9926 | 1994-11-09 |   37 | 2019-01-01 | b+       |     90 |   4100 | ammau@gmail.com   | male   | data manger      |
|  10 | raju    |      3444 | 1998-12-09 |   23 | 2019-08-09 | ab-      |    100 |   5000 | raju@gmail.com    | male   | team head        |
+-----+---------+-----------+------------+------+------------+----------+--------+--------+-------------------+--------+------------------+
10 rows in set (0.00 sec)

mysql> update employe set mobile_no=432223 where eid=10;
Query OK, 1 row affected (0.17 sec)
Rows matched: 1  Changed: 1  Warnings: 0

mysql> select *from employe;
+-----+---------+-----------+------------+------+------------+----------+--------+--------+-------------------+--------+------------------+
| eid | name    | mobile_no | dob        | age  | doj        | blood_gp | deptno | salary | email             | gender | designation      |
+-----+---------+-----------+------------+------+------------+----------+--------+--------+-------------------+--------+------------------+
|   1 | kavi    |      8296 | 1998-07-21 |   21 | 2019-12-21 | a+       |     10 |   2500 | kavichandru21798@ | female | softwaredevloper |
|   2 | harsha  |      9296 | 1995-02-11 |   25 | 2020-02-11 | b+       |     20 |  75000 | harshavardhan@    | male   | tester           |
|   3 | chandru |      8905 | 1980-01-01 |   45 | 2019-10-23 | o+       |     30 |  50000 | chandru21@        | male   | techsupport      |
|   4 | chandan |      1233 | 1980-03-04 |   40 | 2019-10-20 | ab+      |     40 |  40000 | abc@gmail.com     | male   | hr               |
|   5 | pallavi |      5678 | 1990-03-10 |   50 | 2019-09-28 | o-       |     50 |  21000 | qsp@gmail.com     | female | clerk            |
|   6 | ammu    |      9876 | 2000-12-25 |   60 | 2019-10-21 | a+       |     60 |  30000 | jsp@gmail.com     | female | manager          |
|   7 | timma   |     97766 | 2000-01-20 |   23 | 2019-07-21 | o-       |     70 |   9300 | ammu@gmail.com    | male   | security         |
|   8 | manu    |     11926 | 1994-09-09 |   27 | 2019-10-01 | b-       |     80 |   4300 | mau@gmail.com     | male   | network manger   |
|   9 | shekar  |      9926 | 1994-11-09 |   37 | 2019-01-01 | b+       |     90 |   4100 | ammau@gmail.com   | male   | data manger      |
|  10 | raju    |    432223 | 1998-12-09 |   23 | 2019-08-09 | ab-      |    100 |   5000 | raju@gmail.com    | male   | team head        |
+-----+---------+-----------+------------+------+------------+----------+--------+--------+-------------------+--------+------------------+
10 rows in set (0.00 sec)

mysql> update employe set deptno=10 where eid=10;
Query OK, 1 row affected (0.09 sec)
Rows matched: 1  Changed: 1  Warnings: 0

mysql> select *from employe;
+-----+---------+-----------+------------+------+------------+----------+--------+--------+-------------------+--------+------------------+
| eid | name    | mobile_no | dob        | age  | doj        | blood_gp | deptno | salary | email             | gender | designation      |
+-----+---------+-----------+------------+------+------------+----------+--------+--------+-------------------+--------+------------------+
|   1 | kavi    |      8296 | 1998-07-21 |   21 | 2019-12-21 | a+       |     10 |   2500 | kavichandru21798@ | female | softwaredevloper |
|   2 | harsha  |      9296 | 1995-02-11 |   25 | 2020-02-11 | b+       |     20 |  75000 | harshavardhan@    | male   | tester           |
|   3 | chandru |      8905 | 1980-01-01 |   45 | 2019-10-23 | o+       |     30 |  50000 | chandru21@        | male   | techsupport      |
|   4 | chandan |      1233 | 1980-03-04 |   40 | 2019-10-20 | ab+      |     40 |  40000 | abc@gmail.com     | male   | hr               |
|   5 | pallavi |      5678 | 1990-03-10 |   50 | 2019-09-28 | o-       |     50 |  21000 | qsp@gmail.com     | female | clerk            |
|   6 | ammu    |      9876 | 2000-12-25 |   60 | 2019-10-21 | a+       |     60 |  30000 | jsp@gmail.com     | female | manager          |
|   7 | timma   |     97766 | 2000-01-20 |   23 | 2019-07-21 | o-       |     70 |   9300 | ammu@gmail.com    | male   | security         |
|   8 | manu    |     11926 | 1994-09-09 |   27 | 2019-10-01 | b-       |     80 |   4300 | mau@gmail.com     | male   | network manger   |
|   9 | shekar  |      9926 | 1994-11-09 |   37 | 2019-01-01 | b+       |     90 |   4100 | ammau@gmail.com   | male   | data manger      |
|  10 | raju    |    432223 | 1998-12-09 |   23 | 2019-08-09 | ab-      |     10 |   5000 | raju@gmail.com    | male   | team head        |
+-----+---------+-----------+------------+------+------------+----------+--------+--------+-------------------+--------+------------------+
10 rows in set (0.00 sec)

mysql> update employe set deptno=20 where eid=9;
Query OK, 1 row affected (0.06 sec)
Rows matched: 1  Changed: 1  Warnings: 0

mysql> select *from employe;
+-----+---------+-----------+------------+------+------------+----------+--------+--------+-------------------+--------+------------------+
| eid | name    | mobile_no | dob        | age  | doj        | blood_gp | deptno | salary | email             | gender | designation      |
+-----+---------+-----------+------------+------+------------+----------+--------+--------+-------------------+--------+------------------+
|   1 | kavi    |      8296 | 1998-07-21 |   21 | 2019-12-21 | a+       |     10 |   2500 | kavichandru21798@ | female | softwaredevloper |
|   2 | harsha  |      9296 | 1995-02-11 |   25 | 2020-02-11 | b+       |     20 |  75000 | harshavardhan@    | male   | tester           |
|   3 | chandru |      8905 | 1980-01-01 |   45 | 2019-10-23 | o+       |     30 |  50000 | chandru21@        | male   | techsupport      |
|   4 | chandan |      1233 | 1980-03-04 |   40 | 2019-10-20 | ab+      |     40 |  40000 | abc@gmail.com     | male   | hr               |
|   5 | pallavi |      5678 | 1990-03-10 |   50 | 2019-09-28 | o-       |     50 |  21000 | qsp@gmail.com     | female | clerk            |
|   6 | ammu    |      9876 | 2000-12-25 |   60 | 2019-10-21 | a+       |     60 |  30000 | jsp@gmail.com     | female | manager          |
|   7 | timma   |     97766 | 2000-01-20 |   23 | 2019-07-21 | o-       |     70 |   9300 | ammu@gmail.com    | male   | security         |
|   8 | manu    |     11926 | 1994-09-09 |   27 | 2019-10-01 | b-       |     80 |   4300 | mau@gmail.com     | male   | network manger   |
|   9 | shekar  |      9926 | 1994-11-09 |   37 | 2019-01-01 | b+       |     20 |   4100 | ammau@gmail.com   | male   | data manger      |
|  10 | raju    |    432223 | 1998-12-09 |   23 | 2019-08-09 | ab-      |     10 |   5000 | raju@gmail.com    | male   | team head        |
+-----+---------+-----------+------------+------+------------+----------+--------+--------+-------------------+--------+------------------+
10 rows in set (0.00 sec)

mysql> delete from employe where deptn=70;
ERROR 1054 (42S22): Unknown column 'deptn' in 'where clause'
mysql> delete from employe where deptno=70;
Query OK, 1 row affected (0.08 sec)

mysql> select *from employe;
+-----+---------+-----------+------------+------+------------+----------+--------+--------+-------------------+--------+------------------+
| eid | name    | mobile_no | dob        | age  | doj        | blood_gp | deptno | salary | email             | gender | designation      |
+-----+---------+-----------+------------+------+------------+----------+--------+--------+-------------------+--------+------------------+
|   1 | kavi    |      8296 | 1998-07-21 |   21 | 2019-12-21 | a+       |     10 |   2500 | kavichandru21798@ | female | softwaredevloper |
|   2 | harsha  |      9296 | 1995-02-11 |   25 | 2020-02-11 | b+       |     20 |  75000 | harshavardhan@    | male   | tester           |
|   3 | chandru |      8905 | 1980-01-01 |   45 | 2019-10-23 | o+       |     30 |  50000 | chandru21@        | male   | techsupport      |
|   4 | chandan |      1233 | 1980-03-04 |   40 | 2019-10-20 | ab+      |     40 |  40000 | abc@gmail.com     | male   | hr               |
|   5 | pallavi |      5678 | 1990-03-10 |   50 | 2019-09-28 | o-       |     50 |  21000 | qsp@gmail.com     | female | clerk            |
|   6 | ammu    |      9876 | 2000-12-25 |   60 | 2019-10-21 | a+       |     60 |  30000 | jsp@gmail.com     | female | manager          |
|   8 | manu    |     11926 | 1994-09-09 |   27 | 2019-10-01 | b-       |     80 |   4300 | mau@gmail.com     | male   | network manger   |
|   9 | shekar  |      9926 | 1994-11-09 |   37 | 2019-01-01 | b+       |     20 |   4100 | ammau@gmail.com   | male   | data manger      |
|  10 | raju    |    432223 | 1998-12-09 |   23 | 2019-08-09 | ab-      |     10 |   5000 | raju@gmail.com    | male   | team head        |
+-----+---------+-----------+------------+------+------------+----------+--------+--------+-------------------+--------+------------------+
9 rows in set (0.00 sec)

mysql>
mysql> select name,salary,mobile_no,email from employe where age>=28;
+---------+--------+-----------+-----------------+
| name    | salary | mobile_no | email           |
+---------+--------+-----------+-----------------+
| chandru |  50000 |      8905 | chandru21@      |
| chandan |  40000 |      1233 | abc@gmail.com   |
| pallavi |  21000 |      5678 | qsp@gmail.com   |
| ammu    |  30000 |      9876 | jsp@gmail.com   |
| shekar  |   4100 |      9926 | ammau@gmail.com |
+---------+--------+-----------+-----------------+
5 rows in set (0.00 sec)

mysql>

///and operator &&  or operator

Enter password: ****
Welcome to the MySQL monitor.  Commands end with ; or \g.
Your MySQL connection id is 9
Server version: 5.7.27-log MySQL Community Server (GPL)

Copyright (c) 2000, 2019, Oracle and/or its affiliates. All rights reserved.

Oracle is a registered trademark of Oracle Corporation and/or its
affiliates. Other names may be trademarks of their respective
owners.

Type 'help;' or '\h' for help. Type '\c' to clear the current input statement.

mysql> show databases;
+--------------------+
| Database           |
+--------------------+
| information_schema |
| mysql              |
| performance_schema |
| sys                |
| ust_db             |
+--------------------+
5 rows in set (0.14 sec)

mysql> use ust_db;
Database changed
mysql> show tables;
+------------------+
| Tables_in_ust_db |
+------------------+
| employe          |
| product_info     |
+------------------+
2 rows in set (0.05 sec)

mysql> desc employe;
+-------------+--------------+------+-----+---------+-------+
| Field       | Type         | Null | Key | Default | Extra |
+-------------+--------------+------+-----+---------+-------+
| eid         | int(11)      | NO   | PRI | NULL    |       |
| name        | varchar(200) | YES  |     | NULL    |       |
| mobile_no   | int(11)      | YES  | UNI | NULL    |       |
| dob         | date         | NO   |     | NULL    |       |
| age         | int(11)      | YES  |     | NULL    |       |
| doj         | date         | YES  |     | NULL    |       |
| blood_gp    | varchar(50)  | YES  |     | NULL    |       |
| deptno      | int(11)      | YES  |     | NULL    |       |
| salary      | int(11)      | YES  |     | NULL    |       |
| email       | varchar(20)  | YES  |     | NULL    |       |
| gender      | varchar(100) | YES  |     | NULL    |       |
| designation | varchar(20)  | YES  |     | NULL    |       |
+-------------+--------------+------+-----+---------+-------+
12 rows in set (0.25 sec)

mysql> select * from employe where deptno=20 and salary=25000;
Empty set (0.07 sec)

mysql> select * from employe where deptno=20 and salary=25000;
Empty set (0.00 sec)

mysql> select * from employe;
+-----+---------+-----------+------------+------+------------+----------+--------+--------+-------------------+--------+------------------+
| eid | name    | mobile_no | dob        | age  | doj        | blood_gp | deptno | salary | email             | gender | designation      |
+-----+---------+-----------+------------+------+------------+----------+--------+--------+-------------------+--------+------------------+
|   1 | kavi    |      8296 | 1998-07-21 |   21 | 2019-12-21 | a+       |     10 |   2500 | kavichandru21798@ | female | softwaredevloper |
|   2 | harsha  |      9296 | 1995-02-11 |   25 | 2020-02-11 | b+       |     20 |  75000 | harshavardhan@    | male   | tester           |
|   3 | chandru |      8905 | 1980-01-01 |   45 | 2019-10-23 | o+       |     30 |  50000 | chandru21@        | male   | techsupport      |
|   4 | chandan |      1233 | 1980-03-04 |   40 | 2019-10-20 | ab+      |     40 |  40000 | abc@gmail.com     | male   | hr               |
|   5 | pallavi |      5678 | 1990-03-10 |   50 | 2019-09-28 | o-       |     50 |  21000 | qsp@gmail.com     | female | clerk            |
|   6 | ammu    |      9876 | 2000-12-25 |   60 | 2019-10-21 | a+       |     60 |  30000 | jsp@gmail.com     | female | manager          |
|   8 | manu    |     11926 | 1994-09-09 |   27 | 2019-10-01 | b-       |     80 |   4300 | mau@gmail.com     | male   | network manger   |
|   9 | shekar  |      9926 | 1994-11-09 |   37 | 2019-01-01 | b+       |     20 |   4100 | ammau@gmail.com   | male   | data manger      |
|  10 | raju    |    432223 | 1998-12-09 |   23 | 2019-08-09 | ab-      |     10 |   5000 | raju@gmail.com    | male   | team head        |
+-----+---------+-----------+------------+------+------------+----------+--------+--------+-------------------+--------+------------------+
9 rows in set (0.00 sec)

mysql> show databases;
+--------------------+
| Database           |
+--------------------+
| information_schema |
| mysql              |
| performance_schema |
| sys                |
| ust_db             |
+--------------------+
5 rows in set (0.00 sec)

mysql> use ust_db;
Database changed
mysql> select * from employe where deptno=20 and salary>=25000;
+-----+--------+-----------+------------+------+------------+----------+--------+--------+----------------+--------+-------------+
| eid | name   | mobile_no | dob        | age  | doj        | blood_gp | deptno | salary | email          | gender | designation |
+-----+--------+-----------+------------+------+------------+----------+--------+--------+----------------+--------+-------------+
|   2 | harsha |      9296 | 1995-02-11 |   25 | 2020-02-11 | b+       |     20 |  75000 | harshavardhan@ | male   | tester      |
+-----+--------+-----------+------------+------+------------+----------+--------+--------+----------------+--------+-------------+
1 row in set (0.00 sec)

mysql> select * from employe where deptno=20 and salary>25000;
+-----+--------+-----------+------------+------+------------+----------+--------+--------+----------------+--------+-------------+
| eid | name   | mobile_no | dob        | age  | doj        | blood_gp | deptno | salary | email          | gender | designation |
+-----+--------+-----------+------------+------+------------+----------+--------+--------+----------------+--------+-------------+
|   2 | harsha |      9296 | 1995-02-11 |   25 | 2020-02-11 | b+       |     20 |  75000 | harshavardhan@ | male   | tester      |
+-----+--------+-----------+------------+------+------------+----------+--------+--------+----------------+--------+-------------+
1 row in set (0.00 sec)

mysql> select name,salary from employe where deptno=10 and deptno=20
    -> ;
Empty set (0.00 sec)

mysql> select name,salary from employe where deptno=10 and deptno=20;
Empty set (0.00 sec)

mysql> select * from employe where designation='tester' and age=25;
+-----+--------+-----------+------------+------+------------+----------+--------+--------+----------------+--------+-------------+
| eid | name   | mobile_no | dob        | age  | doj        | blood_gp | deptno | salary | email          | gender | designation |
+-----+--------+-----------+------------+------+------------+----------+--------+--------+----------------+--------+-------------+
|   2 | harsha |      9296 | 1995-02-11 |   25 | 2020-02-11 | b+       |     20 |  75000 | harshavardhan@ | male   | tester      |
+-----+--------+-----------+------------+------+------------+----------+--------+--------+----------------+--------+-------------+
1 row in set (0.00 sec)

mysql> select *  from employe where designation='tester' or salary>=40000;
+-----+---------+-----------+------------+------+------------+----------+--------+--------+----------------+--------+-------------+
| eid | name    | mobile_no | dob        | age  | doj        | blood_gp | deptno | salary | email          | gender | designation |
+-----+---------+-----------+------------+------+------------+----------+--------+--------+----------------+--------+-------------+
|   2 | harsha  |      9296 | 1995-02-11 |   25 | 2020-02-11 | b+       |     20 |  75000 | harshavardhan@ | male   | tester      |
|   3 | chandru |      8905 | 1980-01-01 |   45 | 2019-10-23 | o+       |     30 |  50000 | chandru21@     | male   | techsupport |
|   4 | chandan |      1233 | 1980-03-04 |   40 | 2019-10-20 | ab+      |     40 |  40000 | abc@gmail.com  | male   | hr          |
+-----+---------+-----------+------------+------+------------+----------+--------+--------+----------------+--------+-------------+
3 rows in set (0.00 sec)

mysql>
    -> 3 rows in set (0.00 sec)^C
mysql> select name,salary,age from employe where deptno=10 or deptno=20 or deptno=50;
+---------+--------+------+
| name    | salary | age  |
+---------+--------+------+
| kavi    |   2500 |   21 |
| harsha  |  75000 |   25 |
| pallavi |  21000 |   50 |
| shekar  |   4100 |   37 |
| raju    |   5000 |   23 |
+---------+--------+------+
5 rows in set (0.00 sec)
========================================================================


 show databases;
+--------------------+
| Database           |
+--------------------+
| information_schema |
| db_name            |
| mysql              |
| performance_schema |
| sys                |
+--------------------+
5 rows in set (0.04 sec)

mysql> use db_name;
Database changed
mysql> show tables;
Empty set (0.02 sec)

mysql> create table product(pid int,pname varchar(120),quantity int);
Query OK, 0 rows affected (0.47 sec)

mysql> show tables;
+-------------------+
| Tables_in_db_name |
+-------------------+
| product           |
+-------------------+
1 row in set (0.00 sec)

mysql> desc product;
+----------+--------------+------+-----+---------+-------+
| Field    | Type         | Null | Key | Default | Extra |
+----------+--------------+------+-----+---------+-------+
| pid      | int(11)      | YES  |     | NULL    |       |
| pname    | varchar(120) | YES  |     | NULL    |       |
| quantity | int(11)      | YES  |     | NULL    |       |
+----------+--------------+------+-----+---------+-------+
3 rows in set (0.04 sec)

mysql> drop database db_name;
Query OK, 1 row affected (0.45 sec)

mysql> show databases;
+--------------------+
| Database           |
+--------------------+
| information_schema |
| mysql              |
| performance_schema |
| sys                |
+--------------------+
4 rows in set (0.00 sec)

mysql> create database ust_db;
Query OK, 1 row affected (0.00 sec)

mysql> show databases;
+--------------------+
| Database           |
+--------------------+
| information_schema |
| mysql              |
| performance_schema |
| sys                |
| ust_db             |
+--------------------+
5 rows in set (0.00 sec)

mysql> show tables;
ERROR 1046 (3D000): No database selected
mysql> use ust_db;
Database changed
mysql> create table products(pid int,pname varchar(20),quality int);
Query OK, 0 rows affected (0.26 sec)

mysql> show tables;
+------------------+
| Tables_in_ust_db |
+------------------+
| products         |
+------------------+
1 row in set (0.00 sec)

mysql> desc products;
+---------+-------------+------+-----+---------+-------+
| Field   | Type        | Null | Key | Default | Extra |
+---------+-------------+------+-----+---------+-------+
| pid     | int(11)     | YES  |     | NULL    |       |
| pname   | varchar(20) | YES  |     | NULL    |       |
| quality | int(11)     | YES  |     | NULL    |       |
+---------+-------------+------+-----+---------+-------+
3 rows in set (0.00 sec)

mysql> drop products;
ERROR 1064 (42000): You have an error in your SQL syntax; check the manual that corresponds to your MySQL server version for the right syntax to use near 'products' at line 1
mysql> drop  table products;
Query OK, 0 rows affected (0.17 sec)

mysql> create table products(pid int,pname varchar(20),quality int);
Query OK, 0 rows affected (0.37 sec)

mysql> show tables;
+------------------+
| Tables_in_ust_db |
+------------------+
| products         |
+------------------+
1 row in set (0.00 sec)

mysql> desc products;
+---------+-------------+------+-----+---------+-------+
| Field   | Type        | Null | Key | Default | Extra |
+---------+-------------+------+-----+---------+-------+
| pid     | int(11)     | YES  |     | NULL    |       |
| pname   | varchar(20) | YES  |     | NULL    |       |
| quality | int(11)     | YES  |     | NULL    |       |
+---------+-------------+------+-----+---------+-------+
3 rows in set (0.00 sec)

mysql> alert table products add column price int;
ERROR 1064 (42000): You have an error in your SQL syntax; check the manual that corresponds to your MySQL server version for the right syntax to use near 'alert table products add column price int' at line 1
mysql> alter table products add column price int;
Query OK, 0 rows affected (0.60 sec)
Records: 0  Duplicates: 0  Warnings: 0

mysql> desc products;
+---------+-------------+------+-----+---------+-------+
| Field   | Type        | Null | Key | Default | Extra |
+---------+-------------+------+-----+---------+-------+
| pid     | int(11)     | YES  |     | NULL    |       |
| pname   | varchar(20) | YES  |     | NULL    |       |
| quality | int(11)     | YES  |     | NULL    |       |
| price   | int(11)     | YES  |     | NULL    |       |
+---------+-------------+------+-----+---------+-------+
4 rows in set (0.00 sec)

mysql> alter table products change column pid product_id;
ERROR 1064 (42000): You have an error in your SQL syntax; check the manual that corresponds to your MySQL server version for the right syntax to use near '' at line 1
mysql> alter table products change column pid product_id int;
Query OK, 0 rows affected (0.19 sec)
Records: 0  Duplicates: 0  Warnings: 0

mysql> desc products;
+------------+-------------+------+-----+---------+-------+
| Field      | Type        | Null | Key | Default | Extra |
+------------+-------------+------+-----+---------+-------+
| product_id | int(11)     | YES  |     | NULL    |       |
| pname      | varchar(20) | YES  |     | NULL    |       |
| quality    | int(11)     | YES  |     | NULL    |       |
| price      | int(11)     | YES  |     | NULL    |       |
+------------+-------------+------+-----+---------+-------+
4 rows in set (0.00 sec)

mysql> alter table products drop column price;
Query OK, 0 rows affected (0.50 sec)
Records: 0  Duplicates: 0  Warnings: 0

mysql> desc products;
+------------+-------------+------+-----+---------+-------+
| Field      | Type        | Null | Key | Default | Extra |
+------------+-------------+------+-----+---------+-------+
| product_id | int(11)     | YES  |     | NULL    |       |
| pname      | varchar(20) | YES  |     | NULL    |       |
| quality    | int(11)     | YES  |     | NULL    |       |
+------------+-------------+------+-----+---------+-------+
3 rows in set (0.00 sec)

mysql> rename table products to product_info;
Query OK, 0 rows affected (0.20 sec)

mysql> show databases;
+--------------------+
| Database           |
+--------------------+
| information_schema |
| mysql              |
| performance_schema |
| sys                |
| ust_db             |
+--------------------+
5 rows in set (0.00 sec)

mysql> show tables;
+------------------+
| Tables_in_ust_db |
+------------------+
| product_info     |
+------------------+
1 row in set (0.00 sec)

mysql> desc tables;
ERROR 1146 (42S02): Table 'ust_db.tables' doesn't exist
mysql> desc product_info;
+------------+-------------+------+-----+---------+-------+
| Field      | Type        | Null | Key | Default | Extra |
+------------+-------------+------+-----+---------+-------+
| product_id | int(11)     | YES  |     | NULL    |       |
| pname      | varchar(20) | YES  |     | NULL    |       |
| quality    | int(11)     | YES  |     | NULL    |       |
+------------+-------------+------+-----+---------+-------+
3 rows in set (0.00 sec)

mysql> rename database ust_db to ustglobal_db;
ERROR 1064 (42000): You have an error in your SQL syntax; check the manual that corresponds to your MySQL server version for the right syntax to use near 'database ust_db to ustglobal_db' at line 1
mysql> alter table products change column pid product_id;



mysql> insert into product_info(product_id,pname,quality)values(2,'colgate',50);
Query OK, 1 row affected (0.10 sec)

mysql> select * from product_info;
+------------+------------+---------+
| product_id | pname      | quality |
+------------+------------+---------+
|          1 | pathanjali |     100 |
|          2 | colgate    |      50 |
+------------+------------+---------+
2 rows in set (0.00 sec)

mysql> insert into product_info(product_id,pname,quality)values(3,'rice',150);
Query OK, 1 row affected (0.09 sec)

mysql> select * from product_info;
+------------+------------+---------+
| product_id | pname      | quality |
+------------+------------+---------+
|          1 | pathanjali |     100 |
|          2 | colgate    |      50 |
|          3 | rice       |     150 |
+------------+------------+---------+
3 rows in set (0.00 sec)

mysql> insert into product_info values(4,'paste',10);
Query OK, 1 row affected (0.08 sec)

mysql> select * from product_info;
+------------+------------+---------+
| product_id | pname      | quality |
+------------+------------+---------+
|          1 | pathanjali |     100 |
|          2 | colgate    |      50 |
|          3 | rice       |     150 |
|          4 | paste      |      10 |
+------------+------------+---------+
4 rows in set (0.00 sec)

mysql> insert into product_info(product_id,pname)values(5,'books');
Query OK, 1 row affected (0.07 sec)

mysql> select * from product_info;
+------------+------------+---------+
| product_id | pname      | quality |
+------------+------------+---------+
|          1 | pathanjali |     100 |
|          2 | colgate    |      50 |
|          3 | rice       |     150 |
|          4 | paste      |      10 |
|          5 | books      |    NULL |
+------------+------------+---------+
5 rows in set (0.00 sec)

mysql> insert into product_info(product_id,pname,quality)values(6,'pen',20),(7,'pencile',10);
Query OK, 2 rows affected (0.07 sec)
Records: 2  Duplicates: 0  Warnings: 0

mysql> select * from product_info;
+------------+------------+---------+
| product_id | pname      | quality |
+------------+------------+---------+
|          1 | pathanjali |     100 |
|          2 | colgate    |      50 |
|          3 | rice       |     150 |
|          4 | paste      |      10 |
|          5 | books      |    NULL |
|          6 | pen        |      20 |
|          7 | pencile    |      10 |
+------------+------------+---------+
7 rows in set (0.00 sec)

mysql> select * from product_info;
Enter password: ****
Welcome to the MySQL monitor.  Commands end with ; or \g.
Your MySQL connection id is 8
Server version: 5.7.27-log MySQL Community Server (GPL)

Copyright (c) 2000, 2019, Oracle and/or its affiliates. All rights reserved.

Oracle is a registered trademark of Oracle Corporation and/or its
affiliates. Other names may be trademarks of their respective
owners.

Type 'help;' or '\h' for help. Type '\c' to clear the current input statement.

mysql> show tables;
ERROR 1046 (3D000): No database selected
mysql> show databases;
+--------------------+
| Database           |
+--------------------+
| information_schema |
| mysql              |
| performance_schema |
| sys                |
| ust_db             |
+--------------------+
5 rows in set (0.00 sec)

mysql> desc employe;
ERROR 1046 (3D000): No database selected
mysql> use ust_db;
Database changed
mysql> show tables;
+------------------+
| Tables_in_ust_db |
+------------------+
| employe          |
| product_info     |
+------------------+
2 rows in set (0.00 sec)

mysql> desc employe;
+-------------+--------------+------+-----+---------+-------+
| Field       | Type         | Null | Key | Default | Extra |
+-------------+--------------+------+-----+---------+-------+
| eid         | int(11)      | NO   | PRI | NULL    |       |
| name        | varchar(200) | YES  |     | NULL    |       |
| mobile_no   | int(11)      | YES  | UNI | NULL    |       |
| dob         | date         | NO   |     | NULL    |       |
| age         | int(11)      | YES  |     | NULL    |       |
| doj         | date         | YES  |     | NULL    |       |
| blood_gp    | varchar(50)  | YES  |     | NULL    |       |
| deptno      | int(11)      | YES  |     | NULL    |       |
| salary      | int(11)      | YES  |     | NULL    |       |
| email       | varchar(20)  | YES  |     | NULL    |       |
| gender      | varchar(100) | YES  |     | NULL    |       |
| designation | varchar(20)  | YES  |     | NULL    |       |
+-------------+--------------+------+-----+---------+-------+
12 rows in set (0.07 sec)

mysql> insert into employe values(1,'kavi',8296,'1998-07-21',21,'2019-12-21','a+',10,2500,'kavichandru21798@','female','softwaredevloper');
Query OK, 1 row affected (0.10 sec)

mysql> insert into employe values(2,'harsha',9296,'1995-02-11',25,'2020-02-11','b+',20,75000,'harshavardhan@','male','tester');edev
Query OK, 1 row affected (0.07 sec)

    -> insert into employe values(3,'chandru',8905,'1980-01-01',45,'2019-10-23','o+',30,50000,'chandru21@','male','techsupport');
ERROR 1064 (42000): You have an error in your SQL syntax; check the manual that corresponds to your MySQL server version for the right syntax to use near 'edev
insert into employe values(3,'chandru',8905,'1980-01-01',45,'2019-10-23','o' at line 1
mysql> insert into employe values(3,'chandru',8905,'1980-01-01',45,'2019-10-23','o+',30,50000,'chandru21@','male','techsupport');
Query OK, 1 row affected (0.05 sec)

mysql> insert into employe values(4,'chandan',1233,'1980-03-4',40,'2019-10-20','ab+',40,40000,'abc@gmail.com','male','hr');
Query OK, 1 row affected (0.08 sec)

mysql> insert into employe values(5,'pallavi',5678,'1990-03-10',50,'2019-09-28','o-',50,21000,'qsp@gmail.com','female','clerk');
Query OK, 1 row affected (0.08 sec)

mysql> insert into employe values(6,'ammu',9876,'2000-12-25',60,'2019-10-21','a+',60,30000,'jsp
    '> insert into employe values(6,'ammu',9876,'2000-12-25',60,'2019-10-21','a+',60,30000,'jsp@gmail.com','female','manager');
    '>
    '> insert into employe values(6,'ammu',9876,'2000-12-25',60,'2019-10-21','a+',60,30000,'jsp@gmail.com','female','manager');^C
mysql> insert into employe values(5,'pallavi',5678,'1990-03-10',50,'2019-09-28','o-',50,21000,'qsp@gmail.com','female','clerk');
ERROR 1062 (23000): Duplicate entry '5' for key 'PRIMARY'
mysql> insert into employe values(6,'ammu',9876,'2000-12-25',60,'2019-10-21','a+',60,30000,'jsp@gmail.com','female','manager');
Query OK, 1 row affected (0.09 sec)

mysql> insert into employe values(7,'timma',97766,'2000-01-20',23,'2019-07-21','o-',70,9300,'ammu@gmail.com','male','security');
Query OK, 1 row affected (0.09 sec)

mysql> insert into employe values(8,'manu',11926,'1994-09-09',27,'2019-10-01','b-',80,4300,'mau@gmail.com','male','network manger');
Query OK, 1 row affected (0.08 sec)

mysql> insert into employe values(9,'shekar',9926,'19949-11-09',37,'2019-01-01','b+'90,4100,'ammau@gmail.com','male','data manger');
ERROR 1064 (42000): You have an error in your SQL syntax; check the manual that corresponds to your MySQL server version for the right syntax to use near '90,4100,'ammau@gmail.com','male','data manger')' at line 1
mysql> insert into employe values(9,'shekar',9926,'19949-11-09',37,'2019-01-01','b+',90,4100,'ammau@gmail.com','male','data manger');
ERROR 1292 (22007): Incorrect date value: '19949-11-09' for column 'dob' at row 1
mysql> insert into employe values(9,'shekar',9926,'1994-11-09',37,'2019-01-01','b+',90,4100,'ammau@gmail.com','male','data manger');
Query OK, 1 row affected (0.08 sec)

mysql> insert into employe values(10,'raju',3444,'1998-12-09',23,'2019-08-09','ab-',100,5000,'raju@gmail.com','male','team head');
Query OK, 1 row affected (0.07 sec)

mysql> select *from employe;
+-----+---------+-----------+------------+------+------------+----------+--------+--------+-------------------+--------+------------------+
| eid | name    | mobile_no | dob        | age  | doj        | blood_gp | deptno | salary | email             | gender | designation      |
+-----+---------+-----------+------------+------+------------+----------+--------+--------+-------------------+--------+------------------+
|   1 | kavi    |      8296 | 1998-07-21 |   21 | 2019-12-21 | a+       |     10 |   2500 | kavichandru21798@ | female | softwaredevloper |
|   2 | harsha  |      9296 | 1995-02-11 |   25 | 2020-02-11 | b+       |     20 |  75000 | harshavardhan@    | male   | tester           |
|   3 | chandru |      8905 | 1980-01-01 |   45 | 2019-10-23 | o+       |     30 |  50000 | chandru21@        | male   | techsupport      |
|   4 | chandan |      1233 | 1980-03-04 |   40 | 2019-10-20 | ab+      |     40 |  40000 | abc@gmail.com     | male   | hr               |
|   5 | pallavi |      5678 | 1990-03-10 |   50 | 2019-09-28 | o-       |     50 |  21000 | qsp@gmail.com     | female | clerk            |
|   6 | ammu    |      9876 | 2000-12-25 |   60 | 2019-10-21 | a+       |     60 |  30000 | jsp@gmail.com     | female | manager          |
|   7 | timma   |     97766 | 2000-01-20 |   23 | 2019-07-21 | o-       |     70 |   9300 | ammu@gmail.com    | male   | security         |
|   8 | manu    |     11926 | 1994-09-09 |   27 | 2019-10-01 | b-       |     80 |   4300 | mau@gmail.com     | male   | network manger   |
|   9 | shekar  |      9926 | 1994-11-09 |   37 | 2019-01-01 | b+       |     90 |   4100 | ammau@gmail.com   | male   | data manger      |
|  10 | raju    |      3444 | 1998-12-09 |   23 | 2019-08-09 | ab-      |    100 |   5000 | raju@gmail.com    | male   | team head        |
+-----+---------+-----------+------------+------+------------+----------+--------+--------+-------------------+--------+------------------+
10 rows in set (0.00 sec)

mysql> show databases;
+--------------------+
| Database           |
+--------------------+
| information_schema |
| mysql              |
| performance_schema |
| sys                |
| ust_db             |
+--------------------+
5 rows in set (0.00 sec)

mysql> truncate table product_info;
Query OK, 0 rows affected (0.27 sec)

mysql> select * from product_info;
Empty set (0.00 sec)

mysql> show tables;
+------------------+
| Tables_in_ust_db |
+------------------+
| employe          |
| product_info     |
+------------------+



mysql> select * from emp;
+-----+---------+-----------+------------+------+------------+----------+--------+--------+-------------------+--------+----------------
| eid | name    | mobile_no | dob        | age  | doj        | blood_gp | deptno | salary | email             | gender | designation
+-----+---------+-----------+------------+------+------------+----------+--------+--------+-------------------+--------+----------------
|   1 | kavi    |      8296 | 1998-07-21 |   21 | 2019-12-21 | a+       |     10 |   2500 | kavichandru21798@ | female | softwaredevlope
|   2 | harsha  |      9296 | 1995-02-11 |   25 | 2020-02-11 | b+       |     20 |  75000 | harshavardhan@    | male   | tester
|   3 | chandru |      8905 | 1980-01-01 |   45 | 2019-10-23 | o+       |     30 |  50000 | chandru21@        | male   | techsupport
|   4 | chandan |      1233 | 1980-03-04 |   40 | 2019-10-20 | ab+      |     40 |  40000 | abc@gmail.com     | male   | hr
|   5 | pallavi |      5678 | 1990-03-10 |   50 | 2019-09-28 | o-       |     50 |  21000 | qsp@gmail.com     | female | clerk
|   6 | ammu    |      9876 | 2000-12-25 |   60 | 2019-10-21 | a+       |     60 |  30000 | jsp@gmail.com     | female | manager
|   7 | timma   |     97766 | 2000-01-20 |   23 | 2019-07-21 | o-       |     70 |   9300 | ammu@gmail.com    | male   | security
|   8 | manu    |     11926 | 1994-09-09 |   27 | 2019-10-01 | b-       |     80 |   4300 | mau@gmail.com     | male   | network manger
|   9 | shekar  |      9926 | 1994-11-09 |   37 | 2019-01-01 | b+       |     90 |   4100 | ammau@gmail.com   | male   | data manger
|  10 | raju    |      3444 | 1998-12-09 |   23 | 2019-08-09 | ab-      |    100 |   5000 | raju@gmail.com    | male   | team head
+-----+---------+-----------+------------+------+------------+----------+--------+--------+-------------------+--------+----------------
10 rows in set (0.00 sec)

mysql> select * from emp where deptno in(40,50,70,80);
+-----+---------+-----------+------------+------+------------+----------+--------+--------+----------------+--------+----------------+
| eid | name    | mobile_no | dob        | age  | doj        | blood_gp | deptno | salary | email          | gender | designation    |
+-----+---------+-----------+------------+------+------------+----------+--------+--------+----------------+--------+----------------+
|   4 | chandan |      1233 | 1980-03-04 |   40 | 2019-10-20 | ab+      |     40 |  40000 | abc@gmail.com  | male   | hr             |
|   5 | pallavi |      5678 | 1990-03-10 |   50 | 2019-09-28 | o-       |     50 |  21000 | qsp@gmail.com  | female | clerk          |
|   7 | timma   |     97766 | 2000-01-20 |   23 | 2019-07-21 | o-       |     70 |   9300 | ammu@gmail.com | male   | security       |
|   8 | manu    |     11926 | 1994-09-09 |   27 | 2019-10-01 | b-       |     80 |   4300 | mau@gmail.com  | male   | network manger |
+-----+---------+-----------+------------+------+------------+----------+--------+--------+----------------+--------+----------------+
4 rows in set (0.00 sec)

mysql> select * from emp where deptno in(40,50,70,80,40);
+-----+---------+-----------+------------+------+------------+----------+--------+--------+----------------+--------+----------------+
| eid | name    | mobile_no | dob        | age  | doj        | blood_gp | deptno | salary | email          | gender | designation    |
+-----+---------+-----------+------------+------+------------+----------+--------+--------+----------------+--------+----------------+
|   4 | chandan |      1233 | 1980-03-04 |   40 | 2019-10-20 | ab+      |     40 |  40000 | abc@gmail.com  | male   | hr             |
|   5 | pallavi |      5678 | 1990-03-10 |   50 | 2019-09-28 | o-       |     50 |  21000 | qsp@gmail.com  | female | clerk          |
|   7 | timma   |     97766 | 2000-01-20 |   23 | 2019-07-21 | o-       |     70 |   9300 | ammu@gmail.com | male   | security       |
|   8 | manu    |     11926 | 1994-09-09 |   27 | 2019-10-01 | b-       |     80 |   4300 | mau@gmail.com  | male   | network manger |
+-----+---------+-----------+------------+------+------------+----------+--------+--------+----------------+--------+----------------+
4 rows in set (0.00 sec)

mysql> select name from emp where deignation in('tester','hr','admin');
ERROR 1054 (42S22): Unknown column 'deignation' in 'where clause'
mysql> select name from emp where designation in('tester','hr','admin');
+---------+
| name    |
+---------+
| harsha  |
| chandan |
+---------+
2 rows in set (0.02 sec)

mysql> select * from emp where designation in('tester','admin','softwaredevloper') and deptno in (20,30) and salary>40000;
+-----+--------+-----------+------------+------+------------+----------+--------+--------+----------------+--------+-------------+
| eid | name   | mobile_no | dob        | age  | doj        | blood_gp | deptno | salary | email          | gender | designation |
+-----+--------+-----------+------------+------+------------+----------+--------+--------+----------------+--------+-------------+
|   2 | harsha |      9296 | 1995-02-11 |   25 | 2020-02-11 | b+       |     20 |  75000 | harshavardhan@ | male   | tester      |
+-----+--------+-----------+------------+------+------------+----------+--------+--------+----------------+--------+-------------+
1 row in set (0.00 sec)
2 rows in set (0.00 sec)

mysql> desc product_info;
+------------+-------------+------+-----+---------+-------+
| Field      | Type        | Null | Key | Default | Extra |
+------------+-------------+------+-----+---------+-------+
| product_id | int(11)     | YES  |     | NULL    |       |
| pname      | varchar(20) | YES  |     | NULL    |       |
| quality    | int(11)     | YES  |     | NULL    |       |
+------------+-------------+------+-----+---------+-------+
3 rows in set (0.00 sec)

mysql> select *from product_info;
Empty set (0.00 sec)

mysql> select *from employe;
+-----+---------+-----------+------------+------+------------+----------+--------+--------+-------------------+--------+------------------+
| eid | name    | mobile_no | dob        | age  | doj        | blood_gp | deptno | salary | email             | gender | designation      |
+-----+---------+-----------+------------+------+------------+----------+--------+--------+-------------------+--------+------------------+
|   1 | kavi    |      8296 | 1998-07-21 |   21 | 2019-12-21 | a+       |     10 |   2500 | kavichandru21798@ | female | softwaredevloper |
|   2 | harsha  |      9296 | 1995-02-11 |   25 | 2020-02-11 | b+       |     20 |  75000 | harshavardhan@    | male   | tester           |
|   3 | chandru |      8905 | 1980-01-01 |   45 | 2019-10-23 | o+       |     30 |  50000 | chandru21@        | male   | techsupport      |
|   4 | chandan |      1233 | 1980-03-04 |   40 | 2019-10-20 | ab+      |     40 |  40000 | abc@gmail.com     | male   | hr               |
|   5 | pallavi |      5678 | 1990-03-10 |   50 | 2019-09-28 | o-       |     50 |  21000 | qsp@gmail.com     | female | clerk            |
|   6 | ammu    |      9876 | 2000-12-25 |   60 | 2019-10-21 | a+       |     60 |  30000 | jsp@gmail.com     | female | manager          |
|   7 | timma   |     97766 | 2000-01-20 |   23 | 2019-07-21 | o-       |     70 |   9300 | ammu@gmail.com    | male   | security         |
|   8 | manu    |     11926 | 1994-09-09 |   27 | 2019-10-01 | b-       |     80 |   4300 | mau@gmail.com     | male   | network manger   |
|   9 | shekar  |      9926 | 1994-11-09 |   37 | 2019-01-01 | b+       |     90 |   4100 | ammau@gmail.com   | male   | data manger      |
|  10 | raju    |      3444 | 1998-12-09 |   23 | 2019-08-09 | ab-      |    100 |   5000 | raju@gmail.com    | male   | team head        |
+-----+---------+-----------+------------+------+------------+----------+--------+--------+-------------------+--------+------------------+
10 rows in set (0.00 sec)

mysql> select distinct deptno from employe;
+--------+
| deptno |
+--------+
|     10 |
|     20 |
|     30 |
|     40 |
|     50 |
|     60 |
|     70 |
|     80 |
|     90 |
|    100 |
+--------+
10 rows in set (0.07 sec)

mysql> select distinct deptno,blood_gp from employe;
 delete from employe where deptn=70;
ERROR 1054 (42S22): Unknown column 'deptn' in 'where clause'
mysql> delete from employe where deptno=70;
Query OK, 1 row affected (0.08 sec)

mysql> select *from employe;
+-----+---------+-----------+------------+------+------------+----------+--------+--------+-------------------+--------+------------------+
| eid | name    | mobile_no | dob        | age  | doj        | blood_gp | deptno | salary | email             | gender | designation      |
+-----+---------+-----------+------------+------+------------+----------+--------+--------+-------------------+--------+------------------+
|   1 | kavi    |      8296 | 1998-07-21 |   21 | 2019-12-21 | a+       |     10 |   2500 | kavichandru21798@ | female | softwaredevloper |
|   2 | harsha  |      9296 | 1995-02-11 |   25 | 2020-02-11 | b+       |     20 |  75000 | harshavardhan@    | male   | tester           |
|   3 | chandru |      8905 | 1980-01-01 |   45 | 2019-10-23 | o+       |     30 |  50000 | chandru21@        | male   | techsupport      |
|   4 | chandan |      1233 | 1980-03-04 |   40 | 2019-10-20 | ab+      |     40 |  40000 | abc@gmail.com     | male   | hr               |
|   5 | pallavi |      5678 | 1990-03-10 |   50 | 2019-09-28 | o-       |     50 |  21000 | qsp@gmail.com     | female | clerk            |
|   6 | ammu    |      9876 | 2000-12-25 |   60 | 2019-10-21 | a+       |     60 |  30000 | jsp@gmail.com     | female | manager          |
|   8 | manu    |     11926 | 1994-09-09 |   27 | 2019-10-01 | b-       |     80 |   4300 | mau@gmail.com     | male   | network manger   |
|   9 | shekar  |      9926 | 1994-11-09 |   37 | 2019-01-01 | b+       |     20 |   4100 | ammau@gmail.com   | male   | data manger      |
|  10 | raju    |    432223 | 1998-12-09 |   23 | 2019-08-09 | ab-      |     10 |   5000 | raju@gmail.com    | male   | team head        |
+-----+---------+-----------+------------+------+------------+----------+--------+--------+-------------------+--------+------------------+
9 rows in set (0.00 sec)

mysql> select *from employee where eid=1;
ERROR 1146 (42S02): Table 'ust_db.employee' doesn't exist
mysql> select * from employee where eid=1;
ERROR 1146 (42S02): Table 'ust_db.employee' doesn't exist
mysql> select *from employe where eid=1;
+-----+------+-----------+------------+------+------------+----------+--------+--------+-------------------+--------+------------------+
| eid | name | mobile_no | dob        | age  | doj        | blood_gp | deptno | salary | email             | gender | designation      |
+-----+------+-----------+------------+------+------------+----------+--------+--------+-------------------+--------+------------------+
|   1 | kavi |      8296 | 1998-07-21 |   21 | 2019-12-21 | a+       |     10 |   2500 | kavichandru21798@ | female | softwaredevloper |
+-----+------+-----------+------------+------+------------+----------+--------+--------+-------------------+--------+------------------+
1 row in set (0.04 sec)

mysql>


mysql> select salary+5000 from employe;
+-------------+
| salary+5000 |
+-------------+
|        7500 |
|       80000 |
|       55000 |
|       45000 |
|       26000 |
|       35000 |
|        9300 |
|        9100 |
|       10000 |
+-------------+
9 rows in set (0.06 sec)

mysql> select salary-5000 from employe;
+-------------+
| salary-5000 |
+-------------+
|       -2500 |
|       70000 |
|       45000 |
|       35000 |
|       16000 |
|       25000 |
|        -700 |
|        -900 |
|           0 |
+-------------+
9 rows in set (0.05 sec)

mysql> select salary+5000 sal from employe;
+-------+
| sal   |
+-------+
|  7500 |
| 80000 |
| 55000 |
| 45000 |
| 26000 |
| 35000 |
|  9300 |
|  9100 |
| 10000 |
+-------+
9 rows in set (0.00 sec)

mysql> select salary-5000 sal from employe;
+-------+
| sal   |
+-------+
| -2500 |
| 70000 |
| 45000 |
| 35000 |
| 16000 |
| 25000 |
|  -700 |
|  -900 |
|     0 |
+-------+
9 rows in set (0.00 sec)

mysql> select salary-5000 decsal from employe;
+--------+
| decsal |
+--------+
|  -2500 |
|  70000 |
|  45000 |
|  35000 |
|  16000 |
|  25000 |
|   -700 |
|   -900 |
|      0 |
+--------+
9 rows in set (0.00 sec)

mysql>

mysql> select salary-5000 decsal from employe;
+--------+
| decsal |
+--------+
|  -2500 |
|  70000 |
|  45000 |
|  35000 |
|  16000 |
|  25000 |
|   -700 |
|   -900 |
|      0 |
+--------+
9 rows in set (0.00 sec)

mysql> select salary*12 from employe;
+-----------+
| salary*12 |
+-----------+
|     30000 |
|    900000 |
|    600000 |
|    480000 |
|    252000 |
|    360000 |
|     51600 |
|     49200 |
|     60000 |
+-----------+
9 rows in set (0.00 sec)

mysql> select salary*12 annual from employe;
+--------+
| annual |
+--------+
|  30000 |
| 900000 |
| 600000 |
| 480000 |
| 252000 |
| 360000 |
|  51600 |
|  49200 |
|  60000 |
+--------+
9 rows in set (0.00 sec)

mysql> select salary*12 annualsal from employe;
+-----------+
| annualsal |
+-----------+
|     30000 |
|    900000 |
|    600000 |
|    480000 |
|    252000 |
|    360000 |
|     51600 |
|     49200 |
|     60000 |
+-----------+
9 rows in set (0.00 sec)

mysql> select salary/30 perday_sal from employe;
+------------+
| perday_sal |
+------------+
|    83.3333 |
|  2500.0000 |
|  1666.6667 |
|  1333.3333 |
|   700.0000 |
|  1000.0000 |
|   143.3333 |
|   136.6667 |
|   166.6667 |
+------------+
9 rows in set (0.00 sec)

> select * from employe where designation='softwaredevloper';
+-----+------+-----------+------------+------+------------+----------+--------+--------+-------------------+--------+------------------+
| eid | name | mobile_no | dob        | age  | doj        | blood_gp | deptno | salary | email             | gender | designation      |
+-----+------+-----------+------------+------+------------+----------+--------+--------+-------------------+--------+------------------+
|   1 | kavi |      8296 | 1998-07-21 |   21 | 2019-12-21 | a+       |     10 |   2500 | kavichandru21798@ | female | softwaredevloper |
+-----+------+-----------+------------+------+------------+----------+--------+--------+-------------------+--------+------------------+
1 row in set (0.00 sec)

//except dept no 20 
 select * from employe where deptno<>20;
+-----+---------+-----------+------------+------+------------+----------+--------+--------+-------------------+--------+------------------+
| eid | name    | mobile_no | dob        | age  | doj        | blood_gp | deptno | salary | email             | gender | designation      |
+-----+---------+-----------+------------+------+------------+----------+--------+--------+-------------------+--------+------------------+
|   1 | kavi    |      8296 | 1998-07-21 |   21 | 2019-12-21 | a+       |     10 |   2500 | kavichandru21798@ | female | softwaredevloper |
|   3 | chandru |      8905 | 1980-01-01 |   45 | 2019-10-23 | o+       |     30 |  50000 | chandru21@        | male   | techsupport      |
|   4 | chandan |      1233 | 1980-03-04 |   40 | 2019-10-20 | ab+      |     40 |  40000 | abc@gmail.com     | male   | hr               |
|   5 | pallavi |      5678 | 1990-03-10 |   50 | 2019-09-28 | o-       |     50 |  21000 | qsp@gmail.com     | female | clerk            |
|   6 | ammu    |      9876 | 2000-12-25 |   60 | 2019-10-21 | a+       |     60 |  30000 | jsp@gmail.com     | female | manager          |
|   8 | manu    |     11926 | 1994-09-09 |   27 | 2019-10-01 | b-       |     80 |   4300 | mau@gmail.com     | male   | network manger   |
|  10 | raju    |    432223 | 1998-12-09 |   23 | 2019-08-09 | ab-      |     10 |   5000 | raju@gmail.com    | male   | team head        |
+-----+---------+-----


///write a query whos sal greater than 50000;


 select * from employe where salary>50000;
+-----+--------+-----------+------------+------+------------+----------+--------+--------+----------------+--------+-------------+
| eid | name   | mobile_no | dob        | age  | doj        | blood_gp | deptno | salary | email          | gender | designation |
+-----+--------+-----------+------------+------+------------+----------+--------+--------+----------------+--------+-------------+
|   2 | harsha |      9296 | 1995-02-11 |   25 | 2020-02-11 | b+       |     20 |  75000 | harshavardhan@ | male   | tester      |
+-----+--------+-------

///write a query to diplay age of employee where age is less than 30
 select * from employe where age<30;
+-----+--------+-----------+------------+------+------------+----------+--------+--------+-------------------+--------+------------------+
| eid | name   | mobile_no | dob        | age  | doj        | blood_gp | deptno | salary | email             | gender | designation      |
+-----+--------+-----------+------------+------+------------+----------+--------+--------+-------------------+--------+------------------+
|   1 | kavi   |      8296 | 1998-07-21 |   21 | 2019-12-21 | a+       |     10 |   2500 | kavichandru21798@ | female | softwaredevloper |
|   2 | harsha |      9296 | 1995-02-11 |   25 | 2020-02-11 | b+       |     20 |  75000 | harshavardhan@    | male   | tester           |
|   8 | manu   |     11926 | 1994-09-09 |   27 | 2019-10-01 | b-       |     80 |   4300 | mau@gmail.com     | male   | network manger   |
|  10 | raju   |    432223 | 1998-12-09 |   23 | 2019-08-09 | ab-      |     10 |   5000 | raju@gmail.com    | male   | team head        |
+-----+--------+-------

///write a query to display name salary email id mob whos age is 28 or equal to it
mysql> select name,salary,mobile_no,email from employe where age<=28;
+--------+--------+-----------+-------------------+
| name   | salary | mobile_no | email             |
+--------+--------+-----------+-------------------+
| kavi   |   2500 |      8296 | kavichandru21798@ |
| harsha |  75000 |      9296 | harshavardhan@    |
| manu   |   4300 |     11926 | mau@gmail.com     |
| raju   |   5000 |    432223 | raju@gmail.com    |





/// write a query of employee whos age is less than or equal to 400000
+--------+--------+-----------+-------------------+









+--------+----------+
| deptno | blood_gp |
+--------+----------+
|     10 | a+       |
|     20 | b+       |
|     30 | o+       |
|     40 | ab+      |
|     50 | o-       |
|     60 | a+       |
|     70 | o-       |
|     80 | b-       |
|     90 | b+       |
|    100 | ab-      |
+--------+----------+
10 rows in set (0.03 sec)

mysql> select distinct deptno,blood_gp,designation from employe;
+--------+----------+------------------+
| deptno | blood_gp | designation      |
+--------+----------+------------------+
|     10 | a+       | softwaredevloper |
|     20 | b+       | tester           |
|     30 | o+       | techsupport      |
|     40 | ab+      | hr               |
|     50 | o-       | clerk            |
|     60 | a+       | manager          |
|     70 | o-       | security         |
|     80 | b-       | network manger   |
|     90 | b+       | data manger      |
|    100 | ab-      | team head        |
+--------+----------+------------------+
10 rows in set (0.00 sec)

mysql>

//alias 
ql> select blood_gp  blodgp from employe;
+--------+
| blodgp |
+--------+
| a+     |
| b+     |
| o+     |
| ab+    |
| o-     |
| a+     |
| o-     |
| b-     |
| b+     |
| ab-    |
+--------+
10 rows in set (0.00 sec)

mysql>
 select blood_gp as bloodgp from employe;
+---------+
| bloodgp |
+---------+
| a+      |
| b+      |
| o+      |
| ab+     |
| o-      |
| a+      |
| o-      |
| b-      |
| b+      |
| ab-     |



mysql> select *from employe;
+-----+---------+-----------+------------+------+------------+----------+--------+--------+-------------------+--------+------------------+
| eid | name    | mobile_no | dob        | age  | doj        | blood_gp | deptno | salary | email             | gender | designation      |
+-----+---------+-----------+------------+------+------------+----------+--------+--------+-------------------+--------+------------------+
|   1 | kavi    |      8296 | 1998-07-21 |   21 | 2019-12-21 | a+       |     10 |   2500 | kavichandru21798@ | female | softwaredevloper |
|   2 | harsha  |      9296 | 1995-02-11 |   25 | 2020-02-11 | b+       |     20 |  75000 | harshavardhan@    | male   | tester           |
|   3 | chandru |      8905 | 1980-01-01 |   45 | 2019-10-23 | o+       |     30 |  50000 | chandru21@        | male   | techsupport      |
|   4 | chandan |      1233 | 1980-03-04 |   40 | 2019-10-20 | ab+      |     40 |  40000 | abc@gmail.com     | male   | hr               |
|   5 | pallavi |      5678 | 1990-03-10 |   50 | 2019-09-28 | o-       |     50 |  21000 | qsp@gmail.com     | female | clerk            |
|   6 | ammu    |      9876 | 2000-12-25 |   60 | 2019-10-21 | a+       |     60 |  30000 | jsp@gmail.com     | female | manager          |
|   7 | timma   |     97766 | 2000-01-20 |   23 | 2019-07-21 | o-       |     70 |   9300 | ammu@gmail.com    | male   | security         |
|   8 | manu    |     11926 | 1994-09-09 |   27 | 2019-10-01 | b-       |     80 |   4300 | mau@gmail.com     | male   | network manger   |
|   9 | shekar  |      9926 | 1994-11-09 |   37 | 2019-01-01 | b+       |     90 |   4100 | ammau@gmail.com   | male   | data manger      |
|  10 | raju    |      3444 | 1998-12-09 |   23 | 2019-08-09 | ab-      |    100 |   5000 | raju@gmail.com    | male   | team head        |
+-----+---------+-----------+------------+------+------------+----------+--------+--------+-------------------+--------+------------------+
10 rows in set (0.00 sec)

mysql> select blood_gp  blodgp from employe;
+--------+
| blodgp |
+--------+
| a+     |
| b+     |
| o+     |
| ab+    |
| o-     |
| a+     |
| o-     |
| b-     |
| b+     |
| ab-    |
+--------+
10 rows in set (0.00 sec)

mysql>
mysql> select *from employe;
+-----+---------+-----------+------------+------+------------+----------+--------+--------+-------------------+--------+------------------+
| eid | name    | mobile_no | dob        | age  | doj        | blood_gp | deptno | salary | email             | gender | designation      |
+-----+---------+-----------+------------+------+------------+----------+--------+--------+-------------------+--------+------------------+
|   1 | kavi    |      8296 | 1998-07-21 |   21 | 2019-12-21 | a+       |     10 |   2500 | kavichandru21798@ | female | softwaredevloper |
|   2 | harsha  |      9296 | 1995-02-11 |   25 | 2020-02-11 | b+       |     20 |  75000 | harshavardhan@    | male   | tester           |
|   3 | chandru |      8905 | 1980-01-01 |   45 | 2019-10-23 | o+       |     30 |  50000 | chandru21@        | male   | techsupport      |
|   4 | chandan |      1233 | 1980-03-04 |   40 | 2019-10-20 | ab+      |     40 |  40000 | abc@gmail.com     | male   | hr               |
|   5 | pallavi |      5678 | 1990-03-10 |   50 | 2019-09-28 | o-       |     50 |  21000 | qsp@gmail.com     | female | clerk            |
|   6 | ammu    |      9876 | 2000-12-25 |   60 | 2019-10-21 | a+       |     60 |  30000 | jsp@gmail.com     | female | manager          |
|   7 | timma   |     97766 | 2000-01-20 |   23 | 2019-07-21 | o-       |     70 |   9300 | ammu@gmail.com    | male   | security         |
|   8 | manu    |     11926 | 1994-09-09 |   27 | 2019-10-01 | b-       |     80 |   4300 | mau@gmail.com     | male   | network manger   |
|   9 | shekar  |      9926 | 1994-11-09 |   37 | 2019-01-01 | b+       |     90 |   4100 | ammau@gmail.com   | male   | data manger      |
|  10 | raju    |      3444 | 1998-12-09 |   23 | 2019-08-09 | ab-      |    100 |   5000 | raju@gmail.com    | male   | team head        |
+-----+---------+-----------+------------+------+------------+----------+--------+--------+-------------------+--------+------------------+
10 rows in set (0.00 sec)

mysql> update employe set mobile_no=432223 where eid=10;
Query OK, 1 row affected (0.17 sec)
Rows matched: 1  Changed: 1  Warnings: 0

mysql> select *from employe;
+-----+---------+-----------+------------+------+------------+----------+--------+--------+-------------------+--------+------------------+
| eid | name    | mobile_no | dob        | age  | doj        | blood_gp | deptno | salary | email             | gender | designation      |
+-----+---------+-----------+------------+------+------------+----------+--------+--------+-------------------+--------+------------------+
|   1 | kavi    |      8296 | 1998-07-21 |   21 | 2019-12-21 | a+       |     10 |   2500 | kavichandru21798@ | female | softwaredevloper |
|   2 | harsha  |      9296 | 1995-02-11 |   25 | 2020-02-11 | b+       |     20 |  75000 | harshavardhan@    | male   | tester           |
|   3 | chandru |      8905 | 1980-01-01 |   45 | 2019-10-23 | o+       |     30 |  50000 | chandru21@        | male   | techsupport      |
|   4 | chandan |      1233 | 1980-03-04 |   40 | 2019-10-20 | ab+      |     40 |  40000 | abc@gmail.com     | male   | hr               |
|   5 | pallavi |      5678 | 1990-03-10 |   50 | 2019-09-28 | o-       |     50 |  21000 | qsp@gmail.com     | female | clerk            |
|   6 | ammu    |      9876 | 2000-12-25 |   60 | 2019-10-21 | a+       |     60 |  30000 | jsp@gmail.com     | female | manager          |
|   7 | timma   |     97766 | 2000-01-20 |   23 | 2019-07-21 | o-       |     70 |   9300 | ammu@gmail.com    | male   | security         |
|   8 | manu    |     11926 | 1994-09-09 |   27 | 2019-10-01 | b-       |     80 |   4300 | mau@gmail.com     | male   | network manger   |
|   9 | shekar  |      9926 | 1994-11-09 |   37 | 2019-01-01 | b+       |     90 |   4100 | ammau@gmail.com   | male   | data manger      |
|  10 | raju    |    432223 | 1998-12-09 |   23 | 2019-08-09 | ab-      |    100 |   5000 | raju@gmail.com    | male   | team head        |
+-----+---------+-----------+------------+------+------------+----------+--------+--------+-------------------+--------+------------------+
10 rows in set (0.00 sec)

mysql> update employe set deptno=10 where eid=10;
Query OK, 1 row affected (0.09 sec)
Rows matched: 1  Changed: 1  Warnings: 0

mysql> select *from employe;
+-----+---------+-----------+------------+------+------------+----------+--------+--------+-------------------+--------+------------------+
| eid | name    | mobile_no | dob        | age  | doj        | blood_gp | deptno | salary | email             | gender | designation      |
+-----+---------+-----------+------------+------+------------+----------+--------+--------+-------------------+--------+------------------+
|   1 | kavi    |      8296 | 1998-07-21 |   21 | 2019-12-21 | a+       |     10 |   2500 | kavichandru21798@ | female | softwaredevloper |
|   2 | harsha  |      9296 | 1995-02-11 |   25 | 2020-02-11 | b+       |     20 |  75000 | harshavardhan@    | male   | tester           |
|   3 | chandru |      8905 | 1980-01-01 |   45 | 2019-10-23 | o+       |     30 |  50000 | chandru21@        | male   | techsupport      |
|   4 | chandan |      1233 | 1980-03-04 |   40 | 2019-10-20 | ab+      |     40 |  40000 | abc@gmail.com     | male   | hr               |
|   5 | pallavi |      5678 | 1990-03-10 |   50 | 2019-09-28 | o-       |     50 |  21000 | qsp@gmail.com     | female | clerk            |
|   6 | ammu    |      9876 | 2000-12-25 |   60 | 2019-10-21 | a+       |     60 |  30000 | jsp@gmail.com     | female | manager          |
|   7 | timma   |     97766 | 2000-01-20 |   23 | 2019-07-21 | o-       |     70 |   9300 | ammu@gmail.com    | male   | security         |
|   8 | manu    |     11926 | 1994-09-09 |   27 | 2019-10-01 | b-       |     80 |   4300 | mau@gmail.com     | male   | network manger   |
|   9 | shekar  |      9926 | 1994-11-09 |   37 | 2019-01-01 | b+       |     90 |   4100 | ammau@gmail.com   | male   | data manger      |
|  10 | raju    |    432223 | 1998-12-09 |   23 | 2019-08-09 | ab-      |     10 |   5000 | raju@gmail.com    | male   | team head        |
+-----+---------+-----------+------------+------+------------+----------+--------+--------+-------------------+--------+------------------+
10 rows in set (0.00 sec)

mysql> update employe set deptno=20 where eid=9;
Query OK, 1 row affected (0.06 sec)
Rows matched: 1  Changed: 1  Warnings: 0

mysql> select *from employe;
+-----+---------+-----------+------------+------+------------+----------+--------+--------+-------------------+--------+------------------+
| eid | name    | mobile_no | dob        | age  | doj        | blood_gp | deptno | salary | email             | gender | designation      |
+-----+---------+-----------+------------+------+------------+----------+--------+--------+-------------------+--------+------------------+
|   1 | kavi    |      8296 | 1998-07-21 |   21 | 2019-12-21 | a+       |     10 |   2500 | kavichandru21798@ | female | softwaredevloper |
|   2 | harsha  |      9296 | 1995-02-11 |   25 | 2020-02-11 | b+       |     20 |  75000 | harshavardhan@    | male   | tester           |
|   3 | chandru |      8905 | 1980-01-01 |   45 | 2019-10-23 | o+       |     30 |  50000 | chandru21@        | male   | techsupport      |
|   4 | chandan |      1233 | 1980-03-04 |   40 | 2019-10-20 | ab+      |     40 |  40000 | abc@gmail.com     | male   | hr               |
|   5 | pallavi |      5678 | 1990-03-10 |   50 | 2019-09-28 | o-       |     50 |  21000 | qsp@gmail.com     | female | clerk            |
|   6 | ammu    |      9876 | 2000-12-25 |   60 | 2019-10-21 | a+       |     60 |  30000 | jsp@gmail.com     | female | manager          |
|   7 | timma   |     97766 | 2000-01-20 |   23 | 2019-07-21 | o-       |     70 |   9300 | ammu@gmail.com    | male   | security         |
|   8 | manu    |     11926 | 1994-09-09 |   27 | 2019-10-01 | b-       |     80 |   4300 | mau@gmail.com     | male   | network manger   |
|   9 | shekar  |      9926 | 1994-11-09 |   37 | 2019-01-01 | b+       |     20 |   4100 | ammau@gmail.com   | male   | data manger      |
|  10 | raju    |    432223 | 1998-12-09 |   23 | 2019-08-09 | ab-      |     10 |   5000 | raju@gmail.com    | male   | team head        |
+-----+---------+-----------+------------+------+------------+----------+--------+--------+-------------------+--------+------------------+
10 rows in set (0.00 sec)

mysql> delete from employe where deptn=70;
ERROR 1054 (42S22): Unknown column 'deptn' in 'where clause'
mysql> delete from employe where deptno=70;
Query OK, 1 row affected (0.08 sec)

mysql> select *from employe;
+-----+---------+-----------+------------+------+------------+----------+--------+--------+-------------------+--------+------------------+
| eid | name    | mobile_no | dob        | age  | doj        | blood_gp | deptno | salary | email             | gender | designation      |
+-----+---------+-----------+------------+------+------------+----------+--------+--------+-------------------+--------+------------------+
|   1 | kavi    |      8296 | 1998-07-21 |   21 | 2019-12-21 | a+       |     10 |   2500 | kavichandru21798@ | female | softwaredevloper |
|   2 | harsha  |      9296 | 1995-02-11 |   25 | 2020-02-11 | b+       |     20 |  75000 | harshavardhan@    | male   | tester           |
|   3 | chandru |      8905 | 1980-01-01 |   45 | 2019-10-23 | o+       |     30 |  50000 | chandru21@        | male   | techsupport      |
|   4 | chandan |      1233 | 1980-03-04 |   40 | 2019-10-20 | ab+      |     40 |  40000 | abc@gmail.com     | male   | hr               |
|   5 | pallavi |      5678 | 1990-03-10 |   50 | 2019-09-28 | o-       |     50 |  21000 | qsp@gmail.com     | female | clerk            |
|   6 | ammu    |      9876 | 2000-12-25 |   60 | 2019-10-21 | a+       |     60 |  30000 | jsp@gmail.com     | female | manager          |
|   8 | manu    |     11926 | 1994-09-09 |   27 | 2019-10-01 | b-       |     80 |   4300 | mau@gmail.com     | male   | network manger   |
|   9 | shekar  |      9926 | 1994-11-09 |   37 | 2019-01-01 | b+       |     20 |   4100 | ammau@gmail.com   | male   | data manger      |
|  10 | raju    |    432223 | 1998-12-09 |   23 | 2019-08-09 | ab-      |     10 |   5000 | raju@gmail.com    | male   | team head        |
+-----+---------+-----------+------------+------+------------+----------+--------+--------+-------------------+--------+------------------+
9 rows in set (0.00 sec)

mysql>
mysql> select name,salary,mobile_no,email from employe where age>=28;
+---------+--------+-----------+-----------------+
| name    | salary | mobile_no | email           |
+---------+--------+-----------+-----------------+
| chandru |  50000 |      8905 | chandru21@      |
| chandan |  40000 |      1233 | abc@gmail.com   |
| pallavi |  21000 |      5678 | qsp@gmail.com   |
| ammu    |  30000 |      9876 | jsp@gmail.com   |
| shekar  |   4100 |      9926 | ammau@gmail.com |
+---------+--------+-----------+-----------------+
5 rows in set (0.00 sec)

mysql>

///and operator &&  or operator

Enter password: ****
Welcome to the MySQL monitor.  Commands end with ; or \g.
Your MySQL connection id is 9
Server version: 5.7.27-log MySQL Community Server (GPL)

Copyright (c) 2000, 2019, Oracle and/or its affiliates. All rights reserved.

Oracle is a registered trademark of Oracle Corporation and/or its
affiliates. Other names may be trademarks of their respective
owners.

Type 'help;' or '\h' for help. Type '\c' to clear the current input statement.

mysql> show databases;
+--------------------+
| Database           |
+--------------------+
| information_schema |
| mysql              |
| performance_schema |
| sys                |
| ust_db             |
+--------------------+
5 rows in set (0.14 sec)

mysql> use ust_db;
Database changed
mysql> show tables;
+------------------+
| Tables_in_ust_db |
+------------------+
| employe          |
| product_info     |
+------------------+
2 rows in set (0.05 sec)

mysql> desc employe;
+-------------+--------------+------+-----+---------+-------+
| Field       | Type         | Null | Key | Default | Extra |
+-------------+--------------+------+-----+---------+-------+
| eid         | int(11)      | NO   | PRI | NULL    |       |
| name        | varchar(200) | YES  |     | NULL    |       |
| mobile_no   | int(11)      | YES  | UNI | NULL    |       |
| dob         | date         | NO   |     | NULL    |       |
| age         | int(11)      | YES  |     | NULL    |       |
| doj         | date         | YES  |     | NULL    |       |
| blood_gp    | varchar(50)  | YES  |     | NULL    |       |
| deptno      | int(11)      | YES  |     | NULL    |       |
| salary      | int(11)      | YES  |     | NULL    |       |
| email       | varchar(20)  | YES  |     | NULL    |       |
| gender      | varchar(100) | YES  |     | NULL    |       |
| designation | varchar(20)  | YES  |     | NULL    |       |
+-------------+--------------+------+-----+---------+-------+
12 rows in set (0.25 sec)

mysql> select * from employe where deptno=20 and salary=25000;
Empty set (0.07 sec)

mysql> select * from employe where deptno=20 and salary=25000;
Empty set (0.00 sec)

mysql> select * from employe;
+-----+---------+-----------+------------+------+------------+----------+--------+--------+-------------------+--------+------------------+
| eid | name    | mobile_no | dob        | age  | doj        | blood_gp | deptno | salary | email             | gender | designation      |
+-----+---------+-----------+------------+------+------------+----------+--------+--------+-------------------+--------+------------------+
|   1 | kavi    |      8296 | 1998-07-21 |   21 | 2019-12-21 | a+       |     10 |   2500 | kavichandru21798@ | female | softwaredevloper |
|   2 | harsha  |      9296 | 1995-02-11 |   25 | 2020-02-11 | b+       |     20 |  75000 | harshavardhan@    | male   | tester           |
|   3 | chandru |      8905 | 1980-01-01 |   45 | 2019-10-23 | o+       |     30 |  50000 | chandru21@        | male   | techsupport      |
|   4 | chandan |      1233 | 1980-03-04 |   40 | 2019-10-20 | ab+      |     40 |  40000 | abc@gmail.com     | male   | hr               |
|   5 | pallavi |      5678 | 1990-03-10 |   50 | 2019-09-28 | o-       |     50 |  21000 | qsp@gmail.com     | female | clerk            |
|   6 | ammu    |      9876 | 2000-12-25 |   60 | 2019-10-21 | a+       |     60 |  30000 | jsp@gmail.com     | female | manager          |
|   8 | manu    |     11926 | 1994-09-09 |   27 | 2019-10-01 | b-       |     80 |   4300 | mau@gmail.com     | male   | network manger   |
|   9 | shekar  |      9926 | 1994-11-09 |   37 | 2019-01-01 | b+       |     20 |   4100 | ammau@gmail.com   | male   | data manger      |
|  10 | raju    |    432223 | 1998-12-09 |   23 | 2019-08-09 | ab-      |     10 |   5000 | raju@gmail.com    | male   | team head        |
+-----+---------+-----------+------------+------+------------+----------+--------+--------+-------------------+--------+------------------+
9 rows in set (0.00 sec)

mysql> show databases;
+--------------------+
| Database           |
+--------------------+
| information_schema |
| mysql              |
| performance_schema |
| sys                |
| ust_db             |
+--------------------+
5 rows in set (0.00 sec)

mysql> use ust_db;
Database changed
mysql> select * from employe where deptno=20 and salary>=25000;
+-----+--------+-----------+------------+------+------------+----------+--------+--------+----------------+--------+-------------+
| eid | name   | mobile_no | dob        | age  | doj        | blood_gp | deptno | salary | email          | gender | designation |
+-----+--------+-----------+------------+------+------------+----------+--------+--------+----------------+--------+-------------+
|   2 | harsha |      9296 | 1995-02-11 |   25 | 2020-02-11 | b+       |     20 |  75000 | harshavardhan@ | male   | tester      |
+-----+--------+-----------+------------+------+------------+----------+--------+--------+----------------+--------+-------------+
1 row in set (0.00 sec)

mysql> select * from employe where deptno=20 and salary>25000;
+-----+--------+-----------+------------+------+------------+----------+--------+--------+----------------+--------+-------------+
| eid | name   | mobile_no | dob        | age  | doj        | blood_gp | deptno | salary | email          | gender | designation |
+-----+--------+-----------+------------+------+------------+----------+--------+--------+----------------+--------+-------------+
|   2 | harsha |      9296 | 1995-02-11 |   25 | 2020-02-11 | b+       |     20 |  75000 | harshavardhan@ | male   | tester      |
+-----+--------+-----------+------------+------+------------+----------+--------+--------+----------------+--------+-------------+
1 row in set (0.00 sec)

mysql> select name,salary from employe where deptno=10 and deptno=20
    -> ;
Empty set (0.00 sec)

mysql> select name,salary from employe where deptno=10 and deptno=20;
Empty set (0.00 sec)

mysql> select * from employe where designation='tester' and age=25;
+-----+--------+-----------+------------+------+------------+----------+--------+--------+----------------+--------+-------------+
| eid | name   | mobile_no | dob        | age  | doj        | blood_gp | deptno | salary | email          | gender | designation |
+-----+--------+-----------+------------+------+------------+----------+--------+--------+----------------+--------+-------------+
|   2 | harsha |      9296 | 1995-02-11 |   25 | 2020-02-11 | b+       |     20 |  75000 | harshavardhan@ | male   | tester      |
+-----+--------+-----------+------------+------+------------+----------+--------+--------+----------------+--------+-------------+
1 row in set (0.00 sec)

mysql> select *  from employe where designation='tester' or salary>=40000;
+-----+---------+-----------+------------+------+------------+----------+--------+--------+----------------+--------+-------------+
| eid | name    | mobile_no | dob        | age  | doj        | blood_gp | deptno | salary | email          | gender | designation |
+-----+---------+-----------+------------+------+------------+----------+--------+--------+----------------+--------+-------------+
|   2 | harsha  |      9296 | 1995-02-11 |   25 | 2020-02-11 | b+       |     20 |  75000 | harshavardhan@ | male   | tester      |
|   3 | chandru |      8905 | 1980-01-01 |   45 | 2019-10-23 | o+       |     30 |  50000 | chandru21@     | male   | techsupport |
|   4 | chandan |      1233 | 1980-03-04 |   40 | 2019-10-20 | ab+      |     40 |  40000 | abc@gmail.com  | male   | hr          |
+-----+---------+-----------+------------+------+------------+----------+--------+--------+----------------+--------+-------------+
3 rows in set (0.00 sec)

mysql>
    -> 3 rows in set (0.00 sec)^C
mysql> select name,salary,age from employe where deptno=10 or deptno=20 or deptno=50;
+---------+--------+------+
| name    | salary | age  |
+---------+--------+------+
| kavi    |   2500 |   21 |
| harsha  |  75000 |   25 |
| pallavi |  21000 |   50 |
| shekar  |   4100 |   37 |
| raju    |   5000 |   23 |
+---------+--------+------+
5 rows in set (0.00 sec)





==================================================================================================





















































+---------+
















+---------+